wu-discard threads=64 cpuset=0,1,2,3,4,5,6,7,8,9,10,11,12,13,14,15,16,17,18,19,20,21,22,23,24,25,26,27,28,29,30,31,32,33,34,35,36,37,38,39,40,41,42,43,44,45,46,47,48,49,50,51,52,53,54,55,56,57,58,59,60,61,62,63 size=16MiB reps=3
sm-s0.25-t1-f64c64 threads=1 cpuset=0 size=0.25MiB reps=96
sm-s0.25-t2-f64c64 threads=2 cpuset=0,1 size=0.25MiB reps=96
sm-s0.25-t4-f64c64 threads=4 cpuset=0,1,2,3 size=0.25MiB reps=96
sm-s0.25-t8-f64c64 threads=8 cpuset=0,1,2,3,4,5,6,7 size=0.25MiB reps=96
sm-s0.25-t16-f64c64 threads=16 cpuset=0,1,2,3,4,5,6,7,8,9,10,11,12,13,14,15 size=0.25MiB reps=96
sm-s0.25-t32-f64c64 threads=32 cpuset=0,1,2,3,4,5,6,7,8,9,10,11,12,13,14,15,16,17,18,19,20,21,22,23,24,25,26,27,28,29,30,31 size=0.25MiB reps=96
sm-s0.25-t64-f64c64 threads=64 cpuset=0,1,2,3,4,5,6,7,8,9,10,11,12,13,14,15,16,17,18,19,20,21,22,23,24,25,26,27,28,29,30,31,32,33,34,35,36,37,38,39,40,41,42,43,44,45,46,47,48,49,50,51,52,53,54,55,56,57,58,59,60,61,62,63 size=0.25MiB reps=96
sm-s1-t1-f64c64 threads=1 cpuset=0 size=1MiB reps=24
sm-s1-t2-f64c64 threads=2 cpuset=0,1 size=1MiB reps=24
sm-s1-t4-f64c64 threads=4 cpuset=0,1,2,3 size=1MiB reps=24
sm-s1-t8-f64c64 threads=8 cpuset=0,1,2,3,4,5,6,7 size=1MiB reps=24
sm-s1-t16-f64c64 threads=16 cpuset=0,1,2,3,4,5,6,7,8,9,10,11,12,13,14,15 size=1MiB reps=24
sm-s1-t32-f64c64 threads=32 cpuset=0,1,2,3,4,5,6,7,8,9,10,11,12,13,14,15,16,17,18,19,20,21,22,23,24,25,26,27,28,29,30,31 size=1MiB reps=24
sm-s1-t64-f64c64 threads=64 cpuset=0,1,2,3,4,5,6,7,8,9,10,11,12,13,14,15,16,17,18,19,20,21,22,23,24,25,26,27,28,29,30,31,32,33,34,35,36,37,38,39,40,41,42,43,44,45,46,47,48,49,50,51,52,53,54,55,56,57,58,59,60,61,62,63 size=1MiB reps=24
sm-s4-t1-f64c64 threads=1 cpuset=0 size=4MiB reps=6
sm-s4-t2-f64c64 threads=2 cpuset=0,1 size=4MiB reps=6
sm-s4-t4-f64c64 threads=4 cpuset=0,1,2,3 size=4MiB reps=6
sm-s4-t8-f64c64 threads=8 cpuset=0,1,2,3,4,5,6,7 size=4MiB reps=6
sm-s4-t16-f64c64 threads=16 cpuset=0,1,2,3,4,5,6,7,8,9,10,11,12,13,14,15 size=4MiB reps=6
sm-s4-t32-f64c64 threads=32 cpuset=0,1,2,3,4,5,6,7,8,9,10,11,12,13,14,15,16,17,18,19,20,21,22,23,24,25,26,27,28,29,30,31 size=4MiB reps=6
sm-s4-t64-f64c64 threads=64 cpuset=0,1,2,3,4,5,6,7,8,9,10,11,12,13,14,15,16,17,18,19,20,21,22,23,24,25,26,27,28,29,30,31,32,33,34,35,36,37,38,39,40,41,42,43,44,45,46,47,48,49,50,51,52,53,54,55,56,57,58,59,60,61,62,63 size=4MiB reps=6
sm-s16-t1-f64c64 threads=1 cpuset=0 size=16MiB reps=3
sm-s16-t2-f64c64 threads=2 cpuset=0,1 size=16MiB reps=3
sm-s16-t4-f64c64 threads=4 cpuset=0,1,2,3 size=16MiB reps=3
sm-s16-t8-f64c64 threads=8 cpuset=0,1,2,3,4,5,6,7 size=16MiB reps=3
sm-s16-t16-f64c64 threads=16 cpuset=0,1,2,3,4,5,6,7,8,9,10,11,12,13,14,15 size=16MiB reps=3
sm-s16-t32-f64c64 threads=32 cpuset=0,1,2,3,4,5,6,7,8,9,10,11,12,13,14,15,16,17,18,19,20,21,22,23,24,25,26,27,28,29,30,31 size=16MiB reps=3
sm-s16-t64-f64c64 threads=64 cpuset=0,1,2,3,4,5,6,7,8,9,10,11,12,13,14,15,16,17,18,19,20,21,22,23,24,25,26,27,28,29,30,31,32,33,34,35,36,37,38,39,40,41,42,43,44,45,46,47,48,49,50,51,52,53,54,55,56,57,58,59,60,61,62,63 size=16MiB reps=3
sm-s0.25-t1-f32c32 threads=1 cpuset=0 size=0.25MiB reps=96
sm-s0.25-t2-f32c32 threads=2 cpuset=0,1 size=0.25MiB reps=96
sm-s0.25-t4-f32c32 threads=4 cpuset=0,1,2,3 size=0.25MiB reps=96
sm-s0.25-t8-f32c32 threads=8 cpuset=0,1,2,3,4,5,6,7 size=0.25MiB reps=96
sm-s0.25-t16-f32c32 threads=16 cpuset=0,1,2,3,4,5,6,7,8,9,10,11,12,13,14,15 size=0.25MiB reps=96
sm-s0.25-t32-f32c32 threads=32 cpuset=0,1,2,3,4,5,6,7,8,9,10,11,12,13,14,15,16,17,18,19,20,21,22,23,24,25,26,27,28,29,30,31 size=0.25MiB reps=96
sm-s0.25-t64-f32c32 threads=64 cpuset=0,1,2,3,4,5,6,7,8,9,10,11,12,13,14,15,16,17,18,19,20,21,22,23,24,25,26,27,28,29,30,31,32,33,34,35,36,37,38,39,40,41,42,43,44,45,46,47,48,49,50,51,52,53,54,55,56,57,58,59,60,61,62,63 size=0.25MiB reps=96
sm-s1-t1-f32c32 threads=1 cpuset=0 size=1MiB reps=24
sm-s1-t2-f32c32 threads=2 cpuset=0,1 size=1MiB reps=24
sm-s1-t4-f32c32 threads=4 cpuset=0,1,2,3 size=1MiB reps=24
sm-s1-t8-f32c32 threads=8 cpuset=0,1,2,3,4,5,6,7 size=1MiB reps=24
sm-s1-t16-f32c32 threads=16 cpuset=0,1,2,3,4,5,6,7,8,9,10,11,12,13,14,15 size=1MiB reps=24
sm-s1-t32-f32c32 threads=32 cpuset=0,1,2,3,4,5,6,7,8,9,10,11,12,13,14,15,16,17,18,19,20,21,22,23,24,25,26,27,28,29,30,31 size=1MiB reps=24
sm-s1-t64-f32c32 threads=64 cpuset=0,1,2,3,4,5,6,7,8,9,10,11,12,13,14,15,16,17,18,19,20,21,22,23,24,25,26,27,28,29,30,31,32,33,34,35,36,37,38,39,40,41,42,43,44,45,46,47,48,49,50,51,52,53,54,55,56,57,58,59,60,61,62,63 size=1MiB reps=24
sm-s4-t1-f32c32 threads=1 cpuset=0 size=4MiB reps=6
sm-s4-t2-f32c32 threads=2 cpuset=0,1 size=4MiB reps=6
sm-s4-t4-f32c32 threads=4 cpuset=0,1,2,3 size=4MiB reps=6
sm-s4-t8-f32c32 threads=8 cpuset=0,1,2,3,4,5,6,7 size=4MiB reps=6
sm-s4-t16-f32c32 threads=16 cpuset=0,1,2,3,4,5,6,7,8,9,10,11,12,13,14,15 size=4MiB reps=6
sm-s4-t32-f32c32 threads=32 cpuset=0,1,2,3,4,5,6,7,8,9,10,11,12,13,14,15,16,17,18,19,20,21,22,23,24,25,26,27,28,29,30,31 size=4MiB reps=6
sm-s4-t64-f32c32 threads=64 cpuset=0,1,2,3,4,5,6,7,8,9,10,11,12,13,14,15,16,17,18,19,20,21,22,23,24,25,26,27,28,29,30,31,32,33,34,35,36,37,38,39,40,41,42,43,44,45,46,47,48,49,50,51,52,53,54,55,56,57,58,59,60,61,62,63 size=4MiB reps=6
sm-s16-t1-f32c32 threads=1 cpuset=0 size=16MiB reps=3
sm-s16-t2-f32c32 threads=2 cpuset=0,1 size=16MiB reps=3
sm-s16-t4-f32c32 threads=4 cpuset=0,1,2,3 size=16MiB reps=3
sm-s16-t8-f32c32 threads=8 cpuset=0,1,2,3,4,5,6,7 size=16MiB reps=3
sm-s16-t16-f32c32 threads=16 cpuset=0,1,2,3,4,5,6,7,8,9,10,11,12,13,14,15 size=16MiB reps=3
sm-s16-t32-f32c32 threads=32 cpuset=0,1,2,3,4,5,6,7,8,9,10,11,12,13,14,15,16,17,18,19,20,21,22,23,24,25,26,27,28,29,30,31 size=16MiB reps=3
sm-s16-t64-f32c32 threads=64 cpuset=0,1,2,3,4,5,6,7,8,9,10,11,12,13,14,15,16,17,18,19,20,21,22,23,24,25,26,27,28,29,30,31,32,33,34,35,36,37,38,39,40,41,42,43,44,45,46,47,48,49,50,51,52,53,54,55,56,57,58,59,60,61,62,63 size=16MiB reps=3
