== 1,2/6 solo pair reused from bench-results/worker5040-zen2/phase4f (t1 vs t1b)
host worker5040  128 physical cores, SMT width 1, 32 L3 domains
24 arms, 24 concurrent, cpus 0,4,8,16,20,24,32,36,40,48,52,56,64,68,72,80,84,88,96,100,104,112,116,120
  17:30:44 p15              cpu116  dom29   1315.5s  rc=0  self 100%  co-tenants: none
  17:30:47 p20              cpu72   dom18   1318.3s  rc=0  self 100%  co-tenants: none
  17:30:47 p04              cpu64   dom16   1318.5s  rc=0  self 100%  co-tenants: none
  17:30:48 p13              cpu84   dom21   1319.2s  rc=0  self 100%  co-tenants: none
  17:30:48 p23              cpu120  dom30   1320.0s  rc=0  self 100%  co-tenants: none
  17:30:49 p21              cpu88   dom22   1321.1s  rc=0  self 100%  co-tenants: none
  17:30:50 p12              cpu68   dom17   1321.6s  rc=0  self 100%  co-tenants: none
  17:30:50 p14              cpu100  dom25   1322.1s  rc=0  self 100%  co-tenants: none
  17:30:52 p22              cpu104  dom26   1323.1s  rc=0  self 100%  co-tenants: none
  17:30:52 p06              cpu96   dom24   1323.8s  rc=0  self 100%  co-tenants: none
  17:30:53 p05              cpu80   dom20   1325.1s  rc=0  self 100%  co-tenants: none
  17:30:57 p07              cpu112  dom28   1328.8s  rc=0  self 100%  co-tenants: none
  17:31:09 p08              cpu4    dom1    1340.5s  rc=0  self 100%  co-tenants: none
  17:31:10 p17              cpu24   dom6    1341.2s  rc=0  self 100%  co-tenants: none
  17:31:12 p09              cpu20   dom5    1343.6s  rc=0  self 100%  co-tenants: none
  17:31:12 p18              cpu40   dom10   1344.0s  rc=0  self 100%  co-tenants: none
  17:31:12 p00              cpu0    dom0    1344.1s  rc=0  self 100%  co-tenants: none
  17:31:13 p16              cpu8    dom2    1344.8s  rc=0  self 100%  co-tenants: none
  17:31:13 p02              cpu32   dom8    1345.2s  rc=0  self 100%  co-tenants: none
  17:31:14 p19              cpu56   dom14   1345.2s  rc=0  self 100%  co-tenants: none
  17:31:14 p03              cpu48   dom12   1345.6s  rc=0  self 100%  co-tenants: none
  17:31:15 p11              cpu52   dom13   1347.1s  rc=0  self 100%  co-tenants: none
  17:31:16 p10              cpu36   dom9    1347.9s  rc=0  self 100%  co-tenants: none
  17:31:16 p01              cpu16   dom4    1348.1s  rc=0  self 100%  co-tenants: none

24 arms in 22.5 min wall (sum of arm times 533.2 min)
observed overlap per arm: min 23, max 23
host worker5040  128 physical cores, SMT width 1, 32 L3 domains
1 arms, 1 concurrent, cpus 0
  17:32:26 mbsolo1          cpu0    dom0      69.3s  rc=0  self 100%  co-tenants: none

1 arms in 1.2 min wall (sum of arm times 1.2 min)
observed overlap per arm: min 0, max 0
host worker5040  128 physical cores, SMT width 1, 32 L3 domains
1 arms, 1 concurrent, cpus 0
  17:33:35 mbsolo2          cpu0    dom0      69.3s  rc=0  self 100%  co-tenants: none

1 arms in 1.2 min wall (sum of arm times 1.2 min)
observed overlap per arm: min 0, max 0
host worker5040  128 physical cores, SMT width 1, 32 L3 domains
24 arms, 24 concurrent, cpus 0,4,8,16,20,24,32,36,40,48,52,56,64,68,72,80,84,88,96,100,104,112,116,120
  17:34:47 mbp23            cpu120  dom30     71.7s  rc=0  self 100%  co-tenants: none
  17:34:47 mbp04            cpu64   dom16     71.9s  rc=0  self 100%  co-tenants: none
  17:34:47 mbp21            cpu88   dom22     71.9s  rc=0  self 100%  co-tenants: none
  17:34:47 mbp22            cpu104  dom26     71.9s  rc=0  self 100%  co-tenants: none
  17:34:47 mbp20            cpu72   dom18     72.0s  rc=0  self 100%  co-tenants: none
  17:34:48 mbp12            cpu68   dom17     72.1s  rc=0  self 100%  co-tenants: none
  17:34:48 mbp19            cpu56   dom14     72.2s  rc=0  self 100%  co-tenants: none
  17:34:48 mbp16            cpu8    dom2      72.3s  rc=0  self 100%  co-tenants: none
  17:34:48 mbp17            cpu24   dom6      72.4s  rc=0  self 100%  co-tenants: none
  17:34:48 mbp15            cpu116  dom29     72.4s  rc=0  self 100%  co-tenants: none
  17:34:48 mbp07            cpu112  dom28     72.4s  rc=0  self 100%  co-tenants: none
  17:34:48 mbp05            cpu80   dom20     72.5s  rc=0  self 100%  co-tenants: none
  17:34:48 mbp18            cpu40   dom10     72.5s  rc=0  self 100%  co-tenants: none
  17:34:48 mbp13            cpu84   dom21     72.5s  rc=0  self 100%  co-tenants: none
  17:34:48 mbp06            cpu96   dom24     72.5s  rc=0  self 100%  co-tenants: none
  17:34:48 mbp14            cpu100  dom25     72.5s  rc=0  self 100%  co-tenants: none
  17:34:48 mbp01            cpu16   dom4      72.9s  rc=0  self 100%  co-tenants: none
  17:34:48 mbp03            cpu48   dom12     73.0s  rc=0  self 100%  co-tenants: none
  17:34:48 mbp11            cpu52   dom13     73.0s  rc=0  self 100%  co-tenants: none
  17:34:48 mbp09            cpu20   dom5      73.0s  rc=0  self 100%  co-tenants: none
  17:34:48 mbp02            cpu32   dom8      73.1s  rc=0  self 100%  co-tenants: none
  17:34:48 mbp08            cpu4    dom1      73.1s  rc=0  self 100%  co-tenants: none
  17:34:48 mbp10            cpu36   dom9      73.0s  rc=0  self 100%  co-tenants: none
  17:34:48 mbp00            cpu0    dom0      73.1s  rc=0  self 100%  co-tenants: none

24 arms in 1.2 min wall (sum of arm times 29.0 min)
observed overlap per arm: min 23, max 23
