host            : worker5139
slurm           : job 6754849 on worker5139
cpus allowed    : 128 of 128 online (0-127)
physical cores  : 128   SMT width 1  (SMT off: no sibling to contend with)
sockets         : 0:64c  1:64c
numa nodes      : 0:16c  1:16c  2:16c  3:16c  4:16c  5:16c  6:16c  7:16c
L1              : 32K 8-way, shared by 1 logical cpus
L2              : 512K 8-way, shared by 1 logical cpus
L3              : 16384K 16-way, shared by 4 logical cpus
L3 domains      : 32, 4 cpus each (16384K per domain)

placement       : 24 concurrent arms of 32 domains, one core per domain, rest of each domain idle
                  cpus 0,4,8,16,20,24,32,36,40,48,52,56,64,68,72,80,84,88,96,100,104,112,116,120
                  per numa node: 0:3  1:3  2:3  3:3  4:3  5:3  6:3  7:3

wrote bench-results/worker5139-zen2/phase4g/topology.json
cpus 0,1,2,3,4,5,6,7,8,9,10,11,12,13,14,15,16,17,18,19,20,21,22,23,24,25,26,27,28,29,30,31,32,33,34,35,36,37,38,39,40,41,42,43,44,45,46,47,48,49,50,51,52,53,54,55,56,57,58,59,60,61,62,63 (64 cores); sizes: 0.25 1 4 16 MiB; thread counts: 1 2 4 8 16 32 64
warm-up arm (discarded): t64 at 16 MiB
  20:58:38 wu-discard done
  20:59:04 sm-s0.25-t1-f64c64 done
  20:59:19 sm-s0.25-t2-f64c64 done
  20:59:29 sm-s0.25-t4-f64c64 done
  20:59:40 sm-s0.25-t8-f64c64 done
  20:59:54 sm-s0.25-t16-f64c64 done
  21:00:23 sm-s0.25-t32-f64c64 done
