host            : worker5139
slurm           : job 6754849 on worker5139
cpus allowed    : 128 of 128 online (0-127)
physical cores  : 128   SMT width 1  (SMT off: no sibling to contend with)
sockets         : 0:64c  1:64c
numa nodes      : 0:16c  1:16c  2:16c  3:16c  4:16c  5:16c  6:16c  7:16c
L1              : 32K 8-way, shared by 1 logical cpus
L2              : 512K 8-way, shared by 1 logical cpus
L3              : 16384K 16-way, shared by 4 logical cpus
L3 domains      : 32, 4 cpus each (16384K per domain)

placement       : 24 concurrent arms of 32 domains, one core per domain, rest of each domain idle
                  cpus 0,4,8,16,20,24,32,36,40,48,52,56,64,68,72,80,84,88,96,100,104,112,116,120
                  per numa node: 0:3  1:3  2:3  3:3  4:3  5:3  6:3  7:3

wrote bench-results/worker5139-zen2/phase4f/topology.json
cpuset 0,1,2,3,4,5,6,7,8,9,10,11,12,13,14,15,16,17,18,19,20,21,22,23,24,25,26,27,28,29,30,31,32,33,34,35,36,37,38,39,40,41,42,43,44,45,46,47,48,49,50,51,52,53,54,55,56,57,58,59,60,61,62,63: 64 logical CPUs on 64 physical cores
threads will run on cpus 0,1,2,3,4,5,6,7,8,9,10,11,12,13,14,15,16,17,18,19,20,21,22,23,24,25,26,27,28,29,30,31,32,33,34,35,36,37,38,39,40,41,42,43,44,45,46,47,48,49,50,51,52,53,54,55,56,57,58,59,60,61,62,63 (64 cores); thread counts: 1 2 4 8 16 32 64
partition arms at 64 threads
warm-up arm (discarded, A31): t64
  18:56:02 wu-t64-discard done: in-cpuset  n=64 busy min 31% mean 39% max 50%|rest of allocation n=64 busy mean 0.1% max 0.8%|exclusivity ok: nothing else in the allocation above 5%|
  19:18:14 th-t1-f64c64 done: in-cpuset  n=1 busy min 100% mean 100% max 100%|rest of allocation n=127 busy mean 0.0% max 0.8%|exclusivity ok: nothing else in the allocation above 5%|
  19:29:32 th-t2-f64c64 done: in-cpuset  n=2 busy min 98% mean 98% max 99%|rest of allocation n=126 busy mean 0.0% max 0.8%|exclusivity ok: nothing else in the allocation above 5%|
  19:35:28 th-t4-f64c64 done: in-cpuset  n=4 busy min 95% mean 96% max 96%|rest of allocation n=124 busy mean 0.0% max 0.9%|exclusivity ok: nothing else in the allocation above 5%|
  19:38:56 th-t8-f64c64 done: in-cpuset  n=8 busy min 89% mean 89% max 90%|rest of allocation n=120 busy mean 0.0% max 0.8%|exclusivity ok: nothing else in the allocation above 5%|
  19:41:10 th-t16-f64c64 done: in-cpuset  n=16 busy min 75% mean 77% max 79%|rest of allocation n=112 busy mean 0.0% max 0.8%|exclusivity ok: nothing else in the allocation above 5%|
  19:43:18 th-t32-f64c64 done: in-cpuset  n=32 busy min 33% mean 49% max 62%|rest of allocation n=96 busy mean 0.0% max 0.9%|exclusivity ok: nothing else in the allocation above 5%|
  19:45:30 th-t64-f64c64 done: in-cpuset  n=64 busy min 32% mean 39% max 49%|rest of allocation n=64 busy mean 0.1% max 0.9%|exclusivity ok: nothing else in the allocation above 5%|
  19:47:45 th-t64-pm-f64c64 done: in-cpuset  n=64 busy min 27% mean 36% max 46%|rest of allocation n=64 busy mean 0.1% max 0.8%|exclusivity ok: nothing else in the allocation above 5%|
  19:51:10 th-t64-pn-f64c64 done: in-cpuset  n=64 busy min 56% mean 63% max 69%|rest of allocation n=64 busy mean 0.1% max 0.9%|exclusivity ok: nothing else in the allocation above 5%|
  19:53:26 th-t64-dom-f64c64 done: in-cpuset  n=64 busy min 30% mean 39% max 50%|rest of allocation n=64 busy mean 0.1% max 0.9%|exclusivity ok: nothing else in the allocation above 5%|
