==========================================================
job      : 6754849 on worker5139
submitted: /mnt/home/ldevos/Projects/tensorcontract-rs/main
started  : 2026-08-04T18:53:41-04:00
==========================================================
JobId=6754849 JobName=tp-phase4
   RunTime=00:00:01 TimeLimit=12:00:00 TimeMin=N/A
   ReqNodeList=(null) ExcNodeList=(null)
   NodeList=worker5139
   NumNodes=1 NumCPUs=128 NumTasks=1 CPUs/Task=1 ReqB:S:C:T=0:0:*:*
   OverSubscribe=NO Contiguous=0 Licenses=(null) Network=(null)
cargo 1.97.1 (c980f4866 2026-06-30)


########## stage prep  2026-08-04T18:53:41-04:00 ##########
[2026-08-04T18:53:41-04:00] prep: build, describe, predict. This is the only stage that compiles.
[2026-08-04T18:53:41-04:00] building (release)
   Compiling tensorcontract v0.1.0 (/mnt/home/ldevos/Projects/tensorcontract-rs/main/crates/tensorcontract)
   Compiling tensorprimitives-bench v0.1.0 (/mnt/home/ldevos/Projects/tensorcontract-rs/main/crates/tensorprimitives-bench)
    Finished `release` profile [optimized + debuginfo] target(s) in 9.47s
   Compiling tensorcontract v0.1.0 (/mnt/home/ldevos/Projects/tensorcontract-rs/main/crates/tensorcontract)
    Finished `release` profile [optimized + debuginfo] target(s) in 3.51s
[2026-08-04T18:53:54-04:00] machine description (the engine's own probes, not sinfo)
host        : worker5139
target      : x86_64 / linux
cpu features: avx2 fma 
caches      : L1=32KiB/8-way/1sh L2=512KiB/8-way/1sh L3=16384KiB/16-way/4sh (via sysfs), blocking=legacy
l3 domains  : t1=1 t4=1 t8=2 t16=4 t32=8 t64=16 t128=32
baselines   : tblis=false blas=false
host            : worker5139
slurm           : job 6754849 on worker5139
cpus allowed    : 128 of 128 online (0-127)
physical cores  : 128   SMT width 1  (SMT off: no sibling to contend with)
sockets         : 0:64c  1:64c
numa nodes      : 0:16c  1:16c  2:16c  3:16c  4:16c  5:16c  6:16c  7:16c
L1              : 32K 8-way, shared by 1 logical cpus
L2              : 512K 8-way, shared by 1 logical cpus
L3              : 16384K 16-way, shared by 4 logical cpus
L3 domains      : 32, 4 cpus each (16384K per domain)

placement       : 24 concurrent arms of 32 domains, one core per domain, rest of each domain idle
                  cpus 0,4,8,16,20,24,32,36,40,48,52,56,64,68,72,80,84,88,96,100,104,112,116,120
                  per numa node: 0:3  1:3  2:3  3:3  4:3  5:3  6:3  7:3

wrote bench-results/worker5139-zen2/topology.json
[2026-08-04T18:53:54-04:00] slurm job 6754849
JobId=6754849 JobName=tp-phase4
   RunTime=00:00:14 TimeLimit=12:00:00 TimeMin=N/A
   ReqNodeList=(null) ExcNodeList=(null)
   NodeList=worker5139
   NumNodes=1 NumCPUs=128 NumTasks=1 CPUs/Task=1 ReqB:S:C:T=0:0:*:*
   OverSubscribe=NO Contiguous=0 Licenses=(null) Network=(null)
[2026-08-04T18:53:54-04:00] structural features for this ISA (free: touches no data)
[2026-08-04T18:53:55-04:00] what the analytical model predicts here:
cache descriptors (sysfs):
  L1d       32 KiB   8-way      64 sets   64 B lines  shared by  1 logical CPU(s)
  L2       512 KiB   8-way    1024 sets   64 B lines  shared by  1 logical CPU(s)
  L3     16384 KiB  16-way   16384 sets   64 B lines  shared by  4 logical CPU(s)
  1 logical CPU(s) per core, so the L2 belongs to 1 core(s) and the L3 to 4
  blocking in force: legacy

threads = 1
dtype  method   MR  NR |     mc   kc      nc   A KiB   B KiB |     mc   kc      nc   A KiB   B KiB
f64    -         8   6 |    256  256    1536     512    3072 |    192  256    7170     384   14340
f32    -        16   6 |    352  384    2052     528    3078 |    320  320   11472     400   14340
c64    planar    4   5 |    128  256     770     512    3080 |    128  192    4780     384   14340
c64    1m        4   6 |     64  256     768     512    3072 |     96  128    7170     384   14340
c64    3m        4   4 |     88  256     512     528    3072 |    128  128    4780     384   14340
c32    planar    8   5 |    176  384    1025     528    3075 |    192  256    7170     384   14340
c32    1m        8   6 |     88  384    1026     528    3078 |    160  160   11472     400   14340
c32    3m        8   4 |    120  384     684     540    3078 |    192  170    7196     382   14335

threads = 8
dtype  method   MR  NR |     mc   kc      nc   A KiB   B KiB |     mc   kc      nc   A KiB   B KiB
f64    -         8   6 |    256  256    1536     512    3072 |    192  256    6660     384   13320
f32    -        16   6 |    352  384    2052     528    3078 |    320  320   10650     400   13312
c64    planar    4   5 |    128  256     770     512    3080 |    128  192    4440     384   13320
c64    1m        4   6 |     64  256     768     512    3072 |     96  128    6660     384   13320
c64    3m        4   4 |     88  256     512     528    3072 |    128  128    4440     384   13320
c32    planar    8   5 |    176  384    1025     528    3075 |    192  256    6660     384   13320
c32    1m        8   6 |     88  384    1026     528    3078 |    160  160   10650     400   13312
c32    3m        8   4 |    120  384     684     540    3078 |    192  170    6684     382   13315

left block: legacy (hardcoded)   right block: analytical model
[2026-08-04T18:53:55-04:00] predicted parallel width up to 128 cores
=== summary: how the rule's reach changes with P
    P  no fill from M  rule 2-D   idle  int-div  genuine  need K
    1               0         0      0        0        0       0
    2               0         0      0        0        0       0
    4               0         0      0        0        0       0
    8               1         1      0        0        0       0
   16               8         6      2        0        2       0
   32              23        15     10        0       10       0
   64              32        26     16        0       16       0
  128              32        32     20        6       14       0

`need K` is the column that would justify per-thread accumulators and a
reduction (A21). It is 0 at every P above, which extends A21's refutation
from the 8 threads it was argued at to a whole 128-core node.
[2026-08-04T18:53:55-04:00] prep done. Nothing measured yet.
[2026-08-04T18:53:55-04:00] outdir: bench-results/worker5139-zen2
prep       rc=0        0 min
stages after prep: threads small
skipping stage shapes

########## stage threads  2026-08-04T18:53:55-04:00 ##########
[2026-08-04T18:53:55-04:00] threads: scaling curve plus the two partition arms
host            : worker5139
slurm           : job 6754849 on worker5139
cpus allowed    : 128 of 128 online (0-127)
physical cores  : 128   SMT width 1  (SMT off: no sibling to contend with)
sockets         : 0:64c  1:64c
numa nodes      : 0:16c  1:16c  2:16c  3:16c  4:16c  5:16c  6:16c  7:16c
L1              : 32K 8-way, shared by 1 logical cpus
L2              : 512K 8-way, shared by 1 logical cpus
L3              : 16384K 16-way, shared by 4 logical cpus
L3 domains      : 32, 4 cpus each (16384K per domain)

placement       : 24 concurrent arms of 32 domains, one core per domain, rest of each domain idle
                  cpus 0,4,8,16,20,24,32,36,40,48,52,56,64,68,72,80,84,88,96,100,104,112,116,120
                  per numa node: 0:3  1:3  2:3  3:3  4:3  5:3  6:3  7:3

wrote bench-results/worker5139-zen2/phase4f/topology.json
cpuset 0,1,2,3,4,5,6,7,8,9,10,11,12,13,14,15,16,17,18,19,20,21,22,23,24,25,26,27,28,29,30,31,32,33,34,35,36,37,38,39,40,41,42,43,44,45,46,47,48,49,50,51,52,53,54,55,56,57,58,59,60,61,62,63: 64 logical CPUs on 64 physical cores
threads will run on cpus 0,1,2,3,4,5,6,7,8,9,10,11,12,13,14,15,16,17,18,19,20,21,22,23,24,25,26,27,28,29,30,31,32,33,34,35,36,37,38,39,40,41,42,43,44,45,46,47,48,49,50,51,52,53,54,55,56,57,58,59,60,61,62,63 (64 cores); thread counts: 1 2 4 8 16 32 64
partition arms at 64 threads
warm-up arm (discarded, A31): t64
  18:56:02 wu-t64-discard done: in-cpuset  n=64 busy min 31% mean 39% max 50%|rest of allocation n=64 busy mean 0.1% max 0.8%|exclusivity ok: nothing else in the allocation above 5%|
  19:18:14 th-t1-f64c64 done: in-cpuset  n=1 busy min 100% mean 100% max 100%|rest of allocation n=127 busy mean 0.0% max 0.8%|exclusivity ok: nothing else in the allocation above 5%|
  19:29:32 th-t2-f64c64 done: in-cpuset  n=2 busy min 98% mean 98% max 99%|rest of allocation n=126 busy mean 0.0% max 0.8%|exclusivity ok: nothing else in the allocation above 5%|
  19:35:28 th-t4-f64c64 done: in-cpuset  n=4 busy min 95% mean 96% max 96%|rest of allocation n=124 busy mean 0.0% max 0.9%|exclusivity ok: nothing else in the allocation above 5%|
  19:38:56 th-t8-f64c64 done: in-cpuset  n=8 busy min 89% mean 89% max 90%|rest of allocation n=120 busy mean 0.0% max 0.8%|exclusivity ok: nothing else in the allocation above 5%|
  19:41:10 th-t16-f64c64 done: in-cpuset  n=16 busy min 75% mean 77% max 79%|rest of allocation n=112 busy mean 0.0% max 0.8%|exclusivity ok: nothing else in the allocation above 5%|
  19:43:18 th-t32-f64c64 done: in-cpuset  n=32 busy min 33% mean 49% max 62%|rest of allocation n=96 busy mean 0.0% max 0.9%|exclusivity ok: nothing else in the allocation above 5%|
  19:45:30 th-t64-f64c64 done: in-cpuset  n=64 busy min 32% mean 39% max 49%|rest of allocation n=64 busy mean 0.1% max 0.9%|exclusivity ok: nothing else in the allocation above 5%|
  19:47:45 th-t64-pm-f64c64 done: in-cpuset  n=64 busy min 27% mean 36% max 46%|rest of allocation n=64 busy mean 0.1% max 0.8%|exclusivity ok: nothing else in the allocation above 5%|
  19:51:10 th-t64-pn-f64c64 done: in-cpuset  n=64 busy min 56% mean 63% max 69%|rest of allocation n=64 busy mean 0.1% max 0.9%|exclusivity ok: nothing else in the allocation above 5%|
  19:53:26 th-t64-dom-f64c64 done: in-cpuset  n=64 busy min 30% mean 39% max 50%|rest of allocation n=64 busy mean 0.1% max 0.9%|exclusivity ok: nothing else in the allocation above 5%|
  20:16:02 th-t1b-f64c64 done: in-cpuset  n=1 busy min 100% mean 100% max 100%|rest of allocation n=127 busy mean 0.0% max 0.4%|exclusivity ok: nothing else in the allocation above 5%|
done f64c64
  20:27:31 th-t1-f32c32 done: in-cpuset  n=1 busy min 100% mean 100% max 100%|rest of allocation n=127 busy mean 0.0% max 0.7%|exclusivity ok: nothing else in the allocation above 5%|
  20:33:26 th-t2-f32c32 done: in-cpuset  n=2 busy min 98% mean 98% max 98%|rest of allocation n=126 busy mean 0.0% max 0.9%|exclusivity ok: nothing else in the allocation above 5%|
  20:36:34 th-t4-f32c32 done: in-cpuset  n=4 busy min 93% mean 94% max 94%|rest of allocation n=124 busy mean 0.0% max 0.8%|exclusivity ok: nothing else in the allocation above 5%|
  20:38:28 th-t8-f32c32 done: in-cpuset  n=8 busy min 82% mean 84% max 86%|rest of allocation n=120 busy mean 0.0% max 1.0%|exclusivity ok: nothing else in the allocation above 5%|
  20:39:46 th-t16-f32c32 done: in-cpuset  n=16 busy min 62% mean 67% max 71%|rest of allocation n=112 busy mean 0.0% max 0.9%|exclusivity ok: nothing else in the allocation above 5%|
  20:41:03 th-t32-f32c32 done: in-cpuset  n=32 busy min 21% mean 41% max 55%|rest of allocation n=96 busy mean 0.0% max 0.7%|exclusivity ok: nothing else in the allocation above 5%|
  20:42:19 th-t64-f32c32 done: in-cpuset  n=64 busy min 23% mean 32% max 46%|rest of allocation n=64 busy mean 0.1% max 0.9%|exclusivity ok: nothing else in the allocation above 5%|
  20:43:38 th-t64-pm-f32c32 done: in-cpuset  n=64 busy min 15% mean 26% max 45%|rest of allocation n=64 busy mean 0.1% max 0.8%|exclusivity ok: nothing else in the allocation above 5%|
  20:45:06 th-t64-pn-f32c32 done: in-cpuset  n=64 busy min 52% mean 59% max 68%|rest of allocation n=64 busy mean 0.1% max 1.1%|exclusivity ok: nothing else in the allocation above 5%|
  20:46:23 th-t64-dom-f32c32 done: in-cpuset  n=64 busy min 23% mean 31% max 46%|rest of allocation n=64 busy mean 0.1% max 0.9%|exclusivity ok: nothing else in the allocation above 5%|
  20:58:04 th-t1b-f32c32 done: in-cpuset  n=1 busy min 100% mean 100% max 100%|rest of allocation n=127 busy mean 0.0% max 0.5%|exclusivity ok: nothing else in the allocation above 5%|
done f32c32
scripts/phase4f-threads.sh: line 383: makes: command not found
[2026-08-04T20:58:04-04:00] threads done
[2026-08-04T20:58:04-04:00] outdir: bench-results/worker5139-zen2
threads    rc=0      124 min

########## stage small  2026-08-04T20:58:04-04:00 ##########
[2026-08-04T20:58:04-04:00] small: does threading still pay on small contractions? (~20-30 min)
host            : worker5139
slurm           : job 6754849 on worker5139
cpus allowed    : 128 of 128 online (0-127)
physical cores  : 128   SMT width 1  (SMT off: no sibling to contend with)
sockets         : 0:64c  1:64c
numa nodes      : 0:16c  1:16c  2:16c  3:16c  4:16c  5:16c  6:16c  7:16c
L1              : 32K 8-way, shared by 1 logical cpus
L2              : 512K 8-way, shared by 1 logical cpus
L3              : 16384K 16-way, shared by 4 logical cpus
L3 domains      : 32, 4 cpus each (16384K per domain)

placement       : 24 concurrent arms of 32 domains, one core per domain, rest of each domain idle
                  cpus 0,4,8,16,20,24,32,36,40,48,52,56,64,68,72,80,84,88,96,100,104,112,116,120
                  per numa node: 0:3  1:3  2:3  3:3  4:3  5:3  6:3  7:3

wrote bench-results/worker5139-zen2/phase4g/topology.json
cpus 0,1,2,3,4,5,6,7,8,9,10,11,12,13,14,15,16,17,18,19,20,21,22,23,24,25,26,27,28,29,30,31,32,33,34,35,36,37,38,39,40,41,42,43,44,45,46,47,48,49,50,51,52,53,54,55,56,57,58,59,60,61,62,63 (64 cores); sizes: 0.25 1 4 16 MiB; thread counts: 1 2 4 8 16 32 64
warm-up arm (discarded): t64 at 16 MiB
  20:58:38 wu-discard done
  20:59:04 sm-s0.25-t1-f64c64 done
  20:59:19 sm-s0.25-t2-f64c64 done
  20:59:29 sm-s0.25-t4-f64c64 done
  20:59:40 sm-s0.25-t8-f64c64 done
  20:59:54 sm-s0.25-t16-f64c64 done
  21:00:23 sm-s0.25-t32-f64c64 done
  21:01:31 sm-s0.25-t64-f64c64 done
  21:02:25 sm-s1-t1-f64c64 done
  21:02:54 sm-s1-t2-f64c64 done
  21:03:10 sm-s1-t4-f64c64 done
  21:03:24 sm-s1-t8-f64c64 done
  21:03:34 sm-s1-t16-f64c64 done
  21:03:49 sm-s1-t32-f64c64 done
  21:04:12 sm-s1-t64-f64c64 done
  21:05:56 sm-s4-t1-f64c64 done
  21:06:49 sm-s4-t2-f64c64 done
  21:07:17 sm-s4-t4-f64c64 done
  21:07:37 sm-s4-t8-f64c64 done
  21:07:54 sm-s4-t16-f64c64 done
  21:08:12 sm-s4-t32-f64c64 done
  21:08:32 sm-s4-t64-f64c64 done
  21:12:10 sm-s16-t1-f64c64 done
  21:14:03 sm-s16-t2-f64c64 done
  21:15:05 sm-s16-t4-f64c64 done
  21:15:47 sm-s16-t8-f64c64 done
  21:16:19 sm-s16-t16-f64c64 done
  21:16:51 sm-s16-t32-f64c64 done
  21:17:25 sm-s16-t64-f64c64 done
done f64c64
  21:17:39 sm-s0.25-t1-f32c32 done
  21:17:47 sm-s0.25-t2-f32c32 done
  21:17:53 sm-s0.25-t4-f32c32 done
  21:18:01 sm-s0.25-t8-f32c32 done
  21:18:13 sm-s0.25-t16-f32c32 done
  21:18:38 sm-s0.25-t32-f32c32 done
  21:19:44 sm-s0.25-t64-f32c32 done
  21:20:11 sm-s1-t1-f32c32 done
  21:20:26 sm-s1-t2-f32c32 done
  21:20:34 sm-s1-t4-f32c32 done
  21:20:42 sm-s1-t8-f32c32 done
  21:20:49 sm-s1-t16-f32c32 done
  21:20:59 sm-s1-t32-f32c32 done
  21:21:18 sm-s1-t64-f32c32 done
  21:22:08 sm-s4-t1-f32c32 done
  21:22:35 sm-s4-t2-f32c32 done
  21:22:50 sm-s4-t4-f32c32 done
  21:23:02 sm-s4-t8-f32c32 done
  21:23:13 sm-s4-t16-f32c32 done
  21:23:23 sm-s4-t32-f32c32 done
  21:23:36 sm-s4-t64-f32c32 done
  21:25:29 sm-s16-t1-f32c32 done
  21:26:29 sm-s16-t2-f32c32 done
  21:27:01 sm-s16-t4-f32c32 done
  21:27:24 sm-s16-t8-f32c32 done
  21:27:44 sm-s16-t16-f32c32 done
  21:28:03 sm-s16-t32-f32c32 done
  21:28:23 sm-s16-t64-f32c32 done
done f32c32

==========================================================================
speedup against t1 AT THE SAME SIZE. The crossover is the answer.
==========================================================================

--- f64c64
    MiB  dtype      t2      t4      t8     t16     t32     t64  serial ms
   0.25    f64    1.56    2.12    1.50    0.85    0.41    0.14       0.32
   0.25    c64    1.79    2.95    2.91    2.01    1.09    0.45       0.96
      1    f64    1.81    3.24    4.16    3.60    2.25    1.10       4.55
      1    c64    1.91    3.55    5.19    5.64    4.36    2.63      16.75
      4    f64    1.86    3.68    5.38    5.70    4.18    2.61       6.31
      4    c64    1.97    3.86    6.25    8.19    7.24    5.31      19.44
     16    f64    1.85    3.20    4.44    4.99    6.19    5.03      26.07
     16    c64    1.96    3.70    5.51    7.26    6.85    6.50      81.58

--- f32c32
    MiB  dtype      t2      t4      t8     t16     t32     t64  serial ms
   0.25    f32    1.40    1.73    1.10    0.56    0.26    0.10       0.22
   0.25    c32    1.70    2.62    2.14    1.30    0.67    0.25       0.53
      1    f32    1.76    2.91    3.14    2.43    1.42    0.66       2.37
      1    c32    1.85    3.36    4.69    4.46    3.04    1.58       8.43
      4    f32    1.85    3.34    4.14    4.01    2.87    1.53       3.37
      4    c32    1.84    3.47    5.33    6.30    5.19    3.38       8.97
     16    f32    1.85    3.29    4.79    6.87    6.28    4.60      18.14
     16    c32    1.90    3.56    5.47    6.80    7.45    6.02      44.15

A column that falls below 1.00 is a size at which threading COSTS.
Compare with bench-results/*/phase4f, which is the same corpus at 64 MiB.
[2026-08-04T21:28:23-04:00] small done
[2026-08-04T21:28:23-04:00] outdir: bench-results/worker5139-zen2
small      rc=0       30 min
skipping stage validate
grid not in STAGES; stopping here.
outdir bench-results/worker5139-zen2
prep       rc=0        0 min
threads    rc=0      124 min
small      rc=0       30 min
grid       skipped
