host            : worker5086
cpu             : AMD EPYC 7742 64-Core Processor
slurm           : job 6760092 on worker5086
cpus allowed    : 128 of 128 online (0-127)
physical cores  : 128   SMT width 1  (SMT off: no sibling to contend with)
sockets         : 0:64c  1:64c
numa nodes      : 0:16c  1:16c  2:16c  3:16c  4:16c  5:16c  6:16c  7:16c
L1              : 32K 8-way, shared by 1 logical cpus
L2              : 512K 8-way, shared by 1 logical cpus
L3              : 16384K 16-way, shared by 4 logical cpus
L3 domains      : 32, 4 cpus each (16384K per domain)

placement       : 24 concurrent arms of 32 domains, one core per domain, rest of each domain idle
                  cpus 0,4,8,16,20,24,32,36,40,48,52,56,64,68,72,80,84,88,96,100,104,112,116,120
                  per numa node: 0:3  1:3  2:3  3:3  4:3  5:3  6:3  7:3

wrote bench-results/worker5086-zen2/phase4g/topology.json
cpus 0,1,2,3,4,5,6,7,8,9,10,11,12,13,14,15,16,17,18,19,20,21,22,23,24,25,26,27,28,29,30,31,32,33,34,35,36,37,38,39,40,41,42,43,44,45,46,47,48,49,50,51,52,53,54,55,56,57,58,59,60,61,62,63 (64 cores); sizes: 0.25 1 4 16 MiB; thread counts: 1 2 4 8 16 32 64
arms: base pool guard both
warm-up arm (discarded): t64 at 16 MiB
  14:21:30 wu-discard done
===== arm base 
  14:21:56 sm-s0.25-t1-f64c64 done
  14:22:11 sm-s0.25-t2-f64c64 done
  14:22:21 sm-s0.25-t4-f64c64 done
  14:22:32 sm-s0.25-t8-f64c64 done
  14:22:47 sm-s0.25-t16-f64c64 done
  14:23:15 sm-s0.25-t32-f64c64 done
  14:24:23 sm-s0.25-t64-f64c64 done
  14:25:16 sm-s1-t1-f64c64 done
  14:25:44 sm-s1-t2-f64c64 done
  14:26:00 sm-s1-t4-f64c64 done
  14:26:14 sm-s1-t8-f64c64 done
  14:26:25 sm-s1-t16-f64c64 done
  14:26:39 sm-s1-t32-f64c64 done
  14:27:02 sm-s1-t64-f64c64 done
  14:28:42 sm-s4-t1-f64c64 done
  14:29:35 sm-s4-t2-f64c64 done
  14:30:03 sm-s4-t4-f64c64 done
  14:30:24 sm-s4-t8-f64c64 done
  14:30:42 sm-s4-t16-f64c64 done
  14:31:00 sm-s4-t32-f64c64 done
  14:31:20 sm-s4-t64-f64c64 done
  14:35:00 sm-s16-t1-f64c64 done
  14:36:56 sm-s16-t2-f64c64 done
  14:37:59 sm-s16-t4-f64c64 done
  14:38:42 sm-s16-t8-f64c64 done
  14:39:14 sm-s16-t16-f64c64 done
  14:39:47 sm-s16-t32-f64c64 done
  14:40:20 sm-s16-t64-f64c64 done
done base f64c64
  14:40:34 sm-s0.25-t1-f32c32 done
  14:40:42 sm-s0.25-t2-f32c32 done
  14:40:48 sm-s0.25-t4-f32c32 done
  14:40:56 sm-s0.25-t8-f32c32 done
  14:41:08 sm-s0.25-t16-f32c32 done
  14:41:33 sm-s0.25-t32-f32c32 done
  14:42:40 sm-s0.25-t64-f32c32 done
  14:43:07 sm-s1-t1-f32c32 done
  14:43:22 sm-s1-t2-f32c32 done
  14:43:30 sm-s1-t4-f32c32 done
  14:43:38 sm-s1-t8-f32c32 done
  14:43:45 sm-s1-t16-f32c32 done
  14:43:55 sm-s1-t32-f32c32 done
  14:44:15 sm-s1-t64-f32c32 done
  14:45:05 sm-s4-t1-f32c32 done
  14:45:31 sm-s4-t2-f32c32 done
  14:45:46 sm-s4-t4-f32c32 done
  14:45:58 sm-s4-t8-f32c32 done
  14:46:09 sm-s4-t16-f32c32 done
  14:46:20 sm-s4-t32-f32c32 done
  14:46:33 sm-s4-t64-f32c32 done
  14:48:25 sm-s16-t1-f32c32 done
  14:49:25 sm-s16-t2-f32c32 done
  14:49:58 sm-s16-t4-f32c32 done
  14:50:21 sm-s16-t8-f32c32 done
  14:50:42 sm-s16-t16-f32c32 done
  14:51:01 sm-s16-t32-f32c32 done
  14:51:22 sm-s16-t64-f32c32 done
done base f32c32
===== arm pool (TENSORCONTRACT_POOL=on)
  14:51:49 sm-pool-s0.25-t1-f64c64 done
  14:52:04 sm-pool-s0.25-t2-f64c64 done
  14:52:12 sm-pool-s0.25-t4-f64c64 done
  14:52:18 sm-pool-s0.25-t8-f64c64 done
  14:52:22 sm-pool-s0.25-t16-f64c64 done
  14:52:27 sm-pool-s0.25-t32-f64c64 done
  14:52:35 sm-pool-s0.25-t64-f64c64 done
  14:53:28 sm-pool-s1-t1-f64c64 done
  14:53:56 sm-pool-s1-t2-f64c64 done
  14:54:12 sm-pool-s1-t4-f64c64 done
  14:54:21 sm-pool-s1-t8-f64c64 done
  14:54:28 sm-pool-s1-t16-f64c64 done
  14:54:33 sm-pool-s1-t32-f64c64 done
  14:54:40 sm-pool-s1-t64-f64c64 done
  14:56:21 sm-pool-s4-t1-f64c64 done
  14:57:14 sm-pool-s4-t2-f64c64 done
  14:57:43 sm-pool-s4-t4-f64c64 done
  14:58:00 sm-pool-s4-t8-f64c64 done
  14:58:11 sm-pool-s4-t16-f64c64 done
  14:58:20 sm-pool-s4-t32-f64c64 done
  14:58:31 sm-pool-s4-t64-f64c64 done
  15:02:11 sm-pool-s16-t1-f64c64 done
  15:04:05 sm-pool-s16-t2-f64c64 done
  15:05:08 sm-pool-s16-t4-f64c64 done
  15:05:48 sm-pool-s16-t8-f64c64 done
  15:06:14 sm-pool-s16-t16-f64c64 done
  15:06:37 sm-pool-s16-t32-f64c64 done
  15:07:00 sm-pool-s16-t64-f64c64 done
done pool f64c64
  15:07:14 sm-pool-s0.25-t1-f32c32 done
  15:07:21 sm-pool-s0.25-t2-f32c32 done
  15:07:25 sm-pool-s0.25-t4-f32c32 done
  15:07:29 sm-pool-s0.25-t8-f32c32 done
  15:07:31 sm-pool-s0.25-t16-f32c32 done
  15:07:35 sm-pool-s0.25-t32-f32c32 done
  15:07:40 sm-pool-s0.25-t64-f32c32 done
  15:08:08 sm-pool-s1-t1-f32c32 done
  15:08:23 sm-pool-s1-t2-f32c32 done
  15:08:31 sm-pool-s1-t4-f32c32 done
  15:08:36 sm-pool-s1-t8-f32c32 done
  15:08:40 sm-pool-s1-t16-f32c32 done
  15:08:44 sm-pool-s1-t32-f32c32 done
  15:08:48 sm-pool-s1-t64-f32c32 done
  15:09:39 sm-pool-s4-t1-f32c32 done
  15:10:06 sm-pool-s4-t2-f32c32 done
  15:10:20 sm-pool-s4-t4-f32c32 done
  15:10:29 sm-pool-s4-t8-f32c32 done
  15:10:35 sm-pool-s4-t16-f32c32 done
  15:10:40 sm-pool-s4-t32-f32c32 done
  15:10:46 sm-pool-s4-t64-f32c32 done
  15:12:39 sm-pool-s16-t1-f32c32 done
  15:13:38 sm-pool-s16-t2-f32c32 done
  15:14:11 sm-pool-s16-t4-f32c32 done
  15:14:32 sm-pool-s16-t8-f32c32 done
  15:14:47 sm-pool-s16-t16-f32c32 done
  15:14:58 sm-pool-s16-t32-f32c32 done
  15:15:11 sm-pool-s16-t64-f32c32 done
done pool f32c32
===== arm guard (TENSORCONTRACT_AMORTISE=on)
  15:15:38 sm-guard-s0.25-t1-f64c64 done
  15:15:54 sm-guard-s0.25-t2-f64c64 done
  15:16:05 sm-guard-s0.25-t4-f64c64 done
  15:16:18 sm-guard-s0.25-t8-f64c64 done
  15:16:31 sm-guard-s0.25-t16-f64c64 done
  15:16:45 sm-guard-s0.25-t32-f64c64 done
  15:16:59 sm-guard-s0.25-t64-f64c64 done
  15:17:55 sm-guard-s1-t1-f64c64 done
  15:18:25 sm-guard-s1-t2-f64c64 done
  15:18:42 sm-guard-s1-t4-f64c64 done
  15:18:56 sm-guard-s1-t8-f64c64 done
  15:19:07 sm-guard-s1-t16-f64c64 done
  15:19:20 sm-guard-s1-t32-f64c64 done
  15:19:37 sm-guard-s1-t64-f64c64 done
  15:21:20 sm-guard-s4-t1-f64c64 done
  15:22:14 sm-guard-s4-t2-f64c64 done
  15:22:44 sm-guard-s4-t4-f64c64 done
  15:23:06 sm-guard-s4-t8-f64c64 done
  15:23:25 sm-guard-s4-t16-f64c64 done
  15:23:43 sm-guard-s4-t32-f64c64 done
  15:24:05 sm-guard-s4-t64-f64c64 done
  15:27:48 sm-guard-s16-t1-f64c64 done
  15:29:44 sm-guard-s16-t2-f64c64 done
  15:30:49 sm-guard-s16-t4-f64c64 done
  15:31:32 sm-guard-s16-t8-f64c64 done
  15:32:05 sm-guard-s16-t16-f64c64 done
  15:32:39 sm-guard-s16-t32-f64c64 done
  15:33:13 sm-guard-s16-t64-f64c64 done
done guard f64c64
  15:33:27 sm-guard-s0.25-t1-f32c32 done
  15:33:35 sm-guard-s0.25-t2-f32c32 done
  15:33:41 sm-guard-s0.25-t4-f32c32 done
  15:33:49 sm-guard-s0.25-t8-f32c32 done
  15:33:58 sm-guard-s0.25-t16-f32c32 done
  15:34:07 sm-guard-s0.25-t32-f32c32 done
  15:34:16 sm-guard-s0.25-t64-f32c32 done
  15:34:45 sm-guard-s1-t1-f32c32 done
  15:35:01 sm-guard-s1-t2-f32c32 done
  15:35:10 sm-guard-s1-t4-f32c32 done
  15:35:18 sm-guard-s1-t8-f32c32 done
  15:35:25 sm-guard-s1-t16-f32c32 done
  15:35:35 sm-guard-s1-t32-f32c32 done
  15:35:47 sm-guard-s1-t64-f32c32 done
  15:36:39 sm-guard-s4-t1-f32c32 done
  15:37:07 sm-guard-s4-t2-f32c32 done
  15:37:22 sm-guard-s4-t4-f32c32 done
  15:37:35 sm-guard-s4-t8-f32c32 done
  15:37:46 sm-guard-s4-t16-f32c32 done
  15:37:57 sm-guard-s4-t32-f32c32 done
  15:38:10 sm-guard-s4-t64-f32c32 done
  15:40:05 sm-guard-s16-t1-f32c32 done
  15:41:05 sm-guard-s16-t2-f32c32 done
  15:41:40 sm-guard-s16-t4-f32c32 done
  15:42:04 sm-guard-s16-t8-f32c32 done
  15:42:25 sm-guard-s16-t16-f32c32 done
  15:42:45 sm-guard-s16-t32-f32c32 done
  15:43:05 sm-guard-s16-t64-f32c32 done
done guard f32c32
===== arm both (TENSORCONTRACT_POOL=on TENSORCONTRACT_AMORTISE=on)
  15:43:33 sm-both-s0.25-t1-f64c64 done
  15:43:49 sm-both-s0.25-t2-f64c64 done
  15:43:59 sm-both-s0.25-t4-f64c64 done
  15:44:08 sm-both-s0.25-t8-f64c64 done
  15:44:16 sm-both-s0.25-t16-f64c64 done
  15:44:24 sm-both-s0.25-t32-f64c64 done
  15:44:33 sm-both-s0.25-t64-f64c64 done
  15:45:30 sm-both-s1-t1-f64c64 done
  15:46:00 sm-both-s1-t2-f64c64 done
  15:46:16 sm-both-s1-t4-f64c64 done
  15:46:26 sm-both-s1-t8-f64c64 done
  15:46:33 sm-both-s1-t16-f64c64 done
  15:46:40 sm-both-s1-t32-f64c64 done
  15:46:47 sm-both-s1-t64-f64c64 done
  15:48:31 sm-both-s4-t1-f64c64 done
  15:49:25 sm-both-s4-t2-f64c64 done
  15:49:54 sm-both-s4-t4-f64c64 done
  15:50:11 sm-both-s4-t8-f64c64 done
  15:50:23 sm-both-s4-t16-f64c64 done
  15:50:32 sm-both-s4-t32-f64c64 done
  15:50:44 sm-both-s4-t64-f64c64 done
  15:54:27 sm-both-s16-t1-f64c64 done
  15:56:23 sm-both-s16-t2-f64c64 done
  15:57:27 sm-both-s16-t4-f64c64 done
  15:58:07 sm-both-s16-t8-f64c64 done
  15:58:33 sm-both-s16-t16-f64c64 done
  15:58:56 sm-both-s16-t32-f64c64 done
  15:59:21 sm-both-s16-t64-f64c64 done
done both f64c64
  15:59:35 sm-both-s0.25-t1-f32c32 done
  15:59:43 sm-both-s0.25-t2-f32c32 done
  15:59:48 sm-both-s0.25-t4-f32c32 done
  15:59:53 sm-both-s0.25-t8-f32c32 done
  15:59:58 sm-both-s0.25-t16-f32c32 done
  16:00:03 sm-both-s0.25-t32-f32c32 done
  16:00:08 sm-both-s0.25-t64-f32c32 done
  16:00:36 sm-both-s1-t1-f32c32 done
  16:00:51 sm-both-s1-t2-f32c32 done
  16:00:59 sm-both-s1-t4-f32c32 done
  16:01:05 sm-both-s1-t8-f32c32 done
  16:01:08 sm-both-s1-t16-f32c32 done
  16:01:12 sm-both-s1-t32-f32c32 done
  16:01:17 sm-both-s1-t64-f32c32 done
  16:02:09 sm-both-s4-t1-f32c32 done
  16:02:36 sm-both-s4-t2-f32c32 done
  16:02:51 sm-both-s4-t4-f32c32 done
  16:03:00 sm-both-s4-t8-f32c32 done
  16:03:06 sm-both-s4-t16-f32c32 done
  16:03:11 sm-both-s4-t32-f32c32 done
  16:03:17 sm-both-s4-t64-f32c32 done
  16:05:12 sm-both-s16-t1-f32c32 done
  16:06:13 sm-both-s16-t2-f32c32 done
  16:06:47 sm-both-s16-t4-f32c32 done
  16:07:09 sm-both-s16-t8-f32c32 done
  16:07:23 sm-both-s16-t16-f32c32 done
  16:07:35 sm-both-s16-t32-f32c32 done
  16:07:48 sm-both-s16-t64-f32c32 done
done both f32c32

==========================================================================
speedup against t1 AT THE SAME SIZE. The crossover is the answer.
==========================================================================

--- base  f64c64
    MiB  dtype      t2      t4      t8     t16     t32     t64  serial ms
   0.25    f64    1.55    2.12    1.45    0.78    0.41    0.15       0.33
   0.25    c64    1.80    2.97    2.90    1.94    1.12    0.47       1.01
      1    f64    1.79    3.10    4.01    3.38    2.13    1.01       4.56
      1    c64    1.88    3.44    5.00    5.37    4.25    2.45      16.35
      4    f64    1.83    3.24    5.00    5.07    4.03    2.40       5.79
      4    c64    1.93    3.52    5.67    7.37    6.67    4.89      18.02
     16    f64    1.81    3.20    4.43    4.98    6.20    5.00      26.18
     16    c64    1.93    3.70    5.58    7.34    6.90    6.77      85.38

--- base  f32c32
    MiB  dtype      t2      t4      t8     t16     t32     t64  serial ms
   0.25    f32    1.42    1.70    1.06    0.55    0.26    0.10       0.24
   0.25    c32    1.70    2.56    2.06    1.26    0.67    0.25       0.53
      1    f32    1.78    2.93    3.06    2.44    1.47    0.65       2.37
      1    c32    1.85    3.35    4.46    4.37    3.00    1.54       8.39
      4    f32    1.85    3.38    4.14    4.01    2.76    1.52       3.58
      4    c32    1.88    3.47    5.13    6.10    4.84    3.24       8.86
     16    f32    1.86    3.38    4.70    6.73    6.33    4.58      19.33
     16    c32    1.88    3.50    5.22    6.39    7.29    5.92      44.00

--- pool  f64c64
    MiB  dtype      t2      t4      t8     t16     t32     t64  serial ms
   0.25    f64    1.82    3.25    3.35    3.97    2.76    1.50       0.32
   0.25    c64    1.92    3.58    4.59    6.84    6.03    3.61       1.01
      1    f64    1.88    3.51    5.65    8.29    8.25    5.23       4.52
      1    c64    1.93    3.63    5.85    9.83   12.15    9.10      16.39
      4    f64    1.98    3.64    6.46   10.18   11.93    9.81       6.35
      4    c64    1.94    3.63    6.27   11.85   16.92   14.39      18.83
     16    f64    1.84    3.18    4.63    7.39   13.19   11.89      26.65
     16    c64    1.96    3.69    5.74    8.92   10.99   13.29      86.48

--- pool  f32c32
    MiB  dtype      t2      t4      t8     t16     t32     t64  serial ms
   0.25    f32    1.76    3.01    2.98    3.05    2.05    1.14       0.22
   0.25    c32    1.87    3.49    4.06    5.58    4.36    2.61       0.53
      1    f32    1.86    3.40    4.91    6.66    5.56    4.43       2.35
      1    c32    1.91    3.67    6.28    9.57    9.33    6.88       8.61
      4    f32    1.91    3.63    5.51    8.60   10.58    7.37       3.36
      4    c32    1.91    3.56    6.29   10.80   13.93   10.64       8.91
     16    f32    1.85    3.39    5.73   11.76   15.59   12.83      18.40
     16    c32    1.90    3.57    5.62    9.55   15.94   13.46      44.09

--- guard  f64c64
    MiB  dtype      t2      t4      t8     t16     t32     t64  serial ms
   0.25    f64    1.19    1.29    1.21    1.16    1.14    1.15       0.32
   0.25    c64    1.72    2.55    2.44    2.17    2.15    2.13       1.01
      1    f64    1.68    2.76    3.75    3.59    3.22    2.94       4.51
      1    c64    1.88    3.43    4.98    5.63    5.21    3.99      16.87
      4    f64    1.90    3.27    5.02    5.32    5.21    4.33       6.58
      4    c64    1.91    3.45    5.68    7.37    6.84    4.88      19.68
     16    f64    1.82    3.17    4.39    5.00    6.26    5.41      26.59
     16    c64    1.96    3.72    5.43    7.33    6.98    6.79      88.11

--- guard  f32c32
    MiB  dtype      t2      t4      t8     t16     t32     t64  serial ms
   0.25    f32    1.16    1.23    1.13    1.08    1.08    1.06       0.22
   0.25    c32    1.63    2.29    2.00    1.73    1.67    1.67       0.53
      1    f32    1.65    2.60    2.88    2.63    2.24    2.10       2.37
      1    c32    1.85    3.43    4.63    4.73    3.77    2.76       8.78
      4    f32    1.85    3.34    4.13    3.95    3.57    3.10       3.36
      4    c32    1.83    3.39    5.36    6.20    4.93    3.53       9.24
     16    f32    1.86    3.31    4.76    6.69    6.27    4.80      18.59
     16    c32    1.90    3.50    5.37    6.49    7.49    6.02      45.02

--- both  f64c64
    MiB  dtype      t2      t4      t8     t16     t32     t64  serial ms
   0.25    f64    1.22    1.34    1.27    1.26    1.25    1.24       0.32
   0.25    c64    1.81    2.86    3.02    3.15    3.03    2.94       1.01
      1    f64    1.80    3.05    4.60    5.80    5.71    4.93       4.51
      1    c64    1.96    3.63    5.88    9.25   11.19    9.23      17.00
      4    f64    1.92    3.56    6.64   10.86   11.34    9.68       7.04
      4    c64    1.93    3.61    6.52   12.47   16.93   13.38      19.87
     16    f64    1.86    3.23    4.69    7.30   13.83   12.05      26.72
     16    c64    1.95    3.74    5.76    8.91   10.86   12.87      87.60

--- both  f32c32
    MiB  dtype      t2      t4      t8     t16     t32     t64  serial ms
   0.25    f32    1.22    1.33    1.24    1.25    1.25    1.23       0.24
   0.25    c32    1.77    2.81    2.75    2.83    2.76    2.62       0.53
      1    f32    1.77    3.00    3.92    5.07    4.79    4.24       2.37
      1    c32    1.95    3.63    5.65    8.65    9.42    7.49       8.64
      4    f32    1.96    3.73    5.62    8.86    9.38    7.71       3.58
      4    c32    1.91    3.63    6.44   11.53   14.25   11.03       9.29
     16    f32    1.89    3.44    5.90   12.46   15.81   13.61      19.77
     16    c32    1.89    3.53    5.58    9.66   16.19   14.21      45.21

A column that falls below 1.00 is a size at which threading COSTS.
Compare with bench-results/*/phase4f, which is the same corpus at 64 MiB.

==========================================================================
treatment / base, same size and width. >1.00 means the switch helped.
==========================================================================

--- pool / base  f64c64
    MiB  dtype      t1      t2      t4      t8     t16     t32     t64
   0.25    f64   0.995   1.165   1.527   2.300   5.048   6.765  10.250
   0.25    c64   0.986   1.051   1.188   1.563   3.466   5.317   7.542
      1    f64   0.999   1.047   1.129   1.408   2.446   3.863   5.174
      1    c64   0.996   1.021   1.050   1.164   1.821   2.848   3.701
      4    f64   0.968   1.047   1.086   1.250   1.944   2.869   3.954
      4    c64   0.975   0.978   1.003   1.078   1.568   2.475   2.870
     16    f64   0.992   1.007   0.987   1.039   1.474   2.112   2.361
     16    c64   0.995   1.009   0.993   1.023   1.209   1.586   1.955

--- pool / base  f32c32
    MiB  dtype      t1      t2      t4      t8     t16     t32     t64
   0.25    f32   1.013   1.253   1.797   2.846   5.660   7.903  11.787
   0.25    c32   0.997   1.096   1.357   1.965   4.416   6.516  10.406
      1    f32   1.016   1.063   1.178   1.629   2.776   3.854   6.984
      1    c32   0.965   0.999   1.058   1.358   2.111   3.002   4.312
      4    f32   1.007   1.042   1.082   1.341   2.159   3.861   4.889
      4    c32   0.989   1.006   1.017   1.214   1.752   2.850   3.252
     16    f32   1.004   0.997   1.007   1.222   1.756   2.473   2.813
     16    c32   0.988   0.994   1.006   1.064   1.477   2.161   2.244

--- guard / base  f64c64
    MiB  dtype      t1      t2      t4      t8     t16     t32     t64
   0.25    f64   0.994   0.760   0.605   0.828   1.468   2.789   7.812
   0.25    c64   0.986   0.943   0.845   0.830   1.100   1.897   4.446
      1    f64   0.943   0.885   0.839   0.882   1.001   1.425   2.744
      1    c64   0.960   0.961   0.955   0.956   1.005   1.177   1.565
      4    f64   0.934   0.967   0.942   0.937   0.979   1.208   1.684
      4    c64   0.937   0.926   0.916   0.939   0.938   0.961   0.935
     16    f64   0.960   0.967   0.953   0.953   0.965   0.970   1.039
     16    c64   0.974   0.990   0.978   0.947   0.973   0.985   0.977

--- guard / base  f32c32
    MiB  dtype      t1      t2      t4      t8     t16     t32     t64
   0.25    f32   1.016   0.833   0.739   1.086   2.016   4.169  11.012
   0.25    c32   0.997   0.957   0.892   0.970   1.368   2.499   6.641
      1    f32   1.015   0.941   0.900   0.955   1.095   1.555   3.309
      1    c32   0.940   0.941   0.965   0.975   1.016   1.183   1.688
      4    f32   1.003   1.007   0.989   1.001   0.986   1.299   2.050
      4    c32   0.953   0.931   0.932   0.997   0.969   0.971   1.041
     16    f32   0.971   0.972   0.951   0.983   0.966   0.963   1.019
     16    c32   0.958   0.967   0.956   0.986   0.974   0.986   0.974

--- both / base  f64c64
    MiB  dtype      t1      t2      t4      t8     t16     t32     t64
   0.25    f64   0.992   0.777   0.627   0.867   1.594   3.057   8.404
   0.25    c64   0.983   0.988   0.945   1.024   1.592   2.666   6.120
      1    f64   0.934   0.936   0.918   1.072   1.601   2.500   4.553
      1    c64   0.949   0.990   1.002   1.115   1.633   2.500   3.576
      4    f64   0.911   0.955   1.001   1.209   1.952   2.565   3.673
      4    c64   0.930   0.926   0.954   1.070   1.574   2.362   2.545
     16    f64   0.965   0.993   0.975   1.022   1.414   2.152   2.327
     16    c64   0.978   0.990   0.988   1.009   1.187   1.540   1.859

--- both / base  f32c32
    MiB  dtype      t1      t2      t4      t8     t16     t32     t64
   0.25    f32   0.994   0.853   0.781   1.169   2.273   4.713  12.427
   0.25    c32   0.997   1.041   1.092   1.333   2.240   4.128  10.448
      1    f32   0.996   0.994   1.017   1.277   2.072   3.255   6.547
      1    c32   0.961   1.012   1.043   1.216   1.901   3.015   4.677
      4    f32   0.987   1.049   1.087   1.341   2.179   3.355   5.012
      4    c32   0.950   0.968   0.994   1.193   1.797   2.797   3.237
     16    f32   0.956   0.969   0.976   1.198   1.771   2.389   2.843
     16    c32   0.960   0.965   0.966   1.027   1.452   2.134   2.303

The t1 column is the control: no switch here can touch it, so anything
other than ~1.00 there is session drift and every other column is off by
the same amount. Deflate by it before quoting.
