==========================================================
job      : 6745376 on worker5040
submitted: /mnt/home/ldevos/Projects/tensorcontract-rs/main
started  : 2026-08-03T15:10:15-04:00
==========================================================
JobId=6745376 JobName=tp-phase4
   RunTime=00:00:00 TimeLimit=12:00:00 TimeMin=N/A
   ReqNodeList=(null) ExcNodeList=(null)
   NodeList=worker5040
   NumNodes=1 NumCPUs=128 NumTasks=1 CPUs/Task=1 ReqB:S:C:T=0:0:*:*
   OverSubscribe=NO Contiguous=0 Licenses=(null) Network=(null)
cargo 1.97.1 (c980f4866 2026-06-30)


########## stage prep  2026-08-03T15:10:15-04:00 ##########
[2026-08-03T15:10:15-04:00] prep: build, describe, predict. This is the only stage that compiles.
[2026-08-03T15:10:15-04:00] building (release)
    Finished `release` profile [optimized + debuginfo] target(s) in 0.52s
   Compiling tensorcontract v0.1.0 (/mnt/home/ldevos/Projects/tensorcontract-rs/main/crates/tensorcontract)
    Finished `release` profile [optimized + debuginfo] target(s) in 4.18s
[2026-08-03T15:10:20-04:00] machine description (the engine's own probes, not sinfo)
host        : worker5040
target      : x86_64 / linux
cpu features: avx2 fma 
caches      : L1=32KiB/8-way/1sh L2=512KiB/8-way/1sh L3=16384KiB/16-way/4sh (via sysfs), blocking=legacy
baselines   : tblis=false blas=false
host            : worker5040
slurm           : job 6745376 on worker5040
cpus allowed    : 128 of 128 online (0-127)
physical cores  : 128   SMT width 1  (SMT off: no sibling to contend with)
sockets         : 0:64c  1:64c
numa nodes      : 0:16c  1:16c  2:16c  3:16c  4:16c  5:16c  6:16c  7:16c
L1              : 32K 8-way, shared by 1 logical cpus
L2              : 512K 8-way, shared by 1 logical cpus
L3              : 16384K 16-way, shared by 4 logical cpus
L3 domains      : 32, 4 cpus each (16384K per domain)

placement       : 24 concurrent arms of 32 domains, one core per domain, rest of each domain idle
                  cpus 0,4,8,16,20,24,32,36,40,48,52,56,64,68,72,80,84,88,96,100,104,112,116,120
                  per numa node: 0:3  1:3  2:3  3:3  4:3  5:3  6:3  7:3

wrote bench-results/worker5040-zen2/topology.json
[2026-08-03T15:10:20-04:00] slurm job 6745376
JobId=6745376 JobName=tp-phase4
   RunTime=00:00:05 TimeLimit=12:00:00 TimeMin=N/A
   ReqNodeList=(null) ExcNodeList=(null)
   NodeList=worker5040
   NumNodes=1 NumCPUs=128 NumTasks=1 CPUs/Task=1 ReqB:S:C:T=0:0:*:*
   OverSubscribe=NO Contiguous=0 Licenses=(null) Network=(null)
[2026-08-03T15:10:20-04:00] structural features for this ISA (free: touches no data)
[2026-08-03T15:10:21-04:00] what the analytical model predicts here:
cache descriptors (sysfs):
  L1d       32 KiB   8-way      64 sets   64 B lines  shared by  1 logical CPU(s)
  L2       512 KiB   8-way    1024 sets   64 B lines  shared by  1 logical CPU(s)
  L3     16384 KiB  16-way   16384 sets   64 B lines  shared by  4 logical CPU(s)
  1 logical CPU(s) per core, so the L2 belongs to 1 core(s) and the L3 to 4
  blocking in force: legacy

threads = 1
dtype  method   MR  NR |     mc   kc      nc   A KiB   B KiB |     mc   kc      nc   A KiB   B KiB
f64    -         8   6 |    256  256    1536     512    3072 |    192  256    7170     384   14340
f32    -        16   6 |    352  384    2052     528    3078 |    320  320   11472     400   14340
c64    planar    4   5 |    128  256     770     512    3080 |    128  192    4780     384   14340
c64    1m        4   6 |     64  256     768     512    3072 |     96  128    7170     384   14340
c64    3m        4   4 |     88  256     512     528    3072 |    128  128    4780     384   14340
c32    planar    8   5 |    176  384    1025     528    3075 |    192  256    7170     384   14340
c32    1m        8   6 |     88  384    1026     528    3078 |    160  160   11472     400   14340
c32    3m        8   4 |    120  384     684     540    3078 |    192  170    7196     382   14335

threads = 8
dtype  method   MR  NR |     mc   kc      nc   A KiB   B KiB |     mc   kc      nc   A KiB   B KiB
f64    -         8   6 |    256  256    1536     512    3072 |    192  256    6660     384   13320
f32    -        16   6 |    352  384    2052     528    3078 |    320  320   10650     400   13312
c64    planar    4   5 |    128  256     770     512    3080 |    128  192    4440     384   13320
c64    1m        4   6 |     64  256     768     512    3072 |     96  128    6660     384   13320
c64    3m        4   4 |     88  256     512     528    3072 |    128  128    4440     384   13320
c32    planar    8   5 |    176  384    1025     528    3075 |    192  256    6660     384   13320
c32    1m        8   6 |     88  384    1026     528    3078 |    160  160   10650     400   13312
c32    3m        8   4 |    120  384     684     540    3078 |    192  170    6684     382   13315

left block: legacy (hardcoded)   right block: analytical model
[2026-08-03T15:10:21-04:00] predicted parallel width up to 128 cores
=== summary: how the rule's reach changes with P
    P  no fill from M  rule 2-D   idle  int-div  genuine  need K
    1               0         0      0        0        0       0
    2               0         0      0        0        0       0
    4               0         0      0        0        0       0
    8               1         1      0        0        0       0
   16               8         6      2        0        2       0
   32              23        15     10        0       10       0
   64              32        26     16        0       16       0
  128              32        32     20        6       14       0

`need K` is the column that would justify per-thread accumulators and a
reduction (A21). It is 0 at every P above, which extends A21's refutation
from the 8 threads it was argued at to a whole 128-core node.
[2026-08-03T15:10:21-04:00] prep done. Nothing measured yet.
[2026-08-03T15:10:21-04:00] outdir: bench-results/worker5040-zen2
prep       rc=0        0 min

########## stage shapes  2026-08-03T15:10:21-04:00 ##########
[2026-08-03T15:10:21-04:00] shapes: micro-kernel register-block sweep (single core, ~8-20 min)
[2026-08-03T15:10:21-04:00] pinned to cpu0
[2026-08-03T15:10:53-04:00] best per method (this is what belongs in cfg_avx2_f64 / cfg_avx2_f32):
best per method at kc = 256:
  real     MV=2 NR=6      53.2 GF/s
  planar   MV=1 NR=5      50.0 GF/s
  1m       MV=2 NR=6      53.5 GF/s
  3m       MV=1 NR=4      48.9 GF/s

=== AVX2 f32 / c32 (L = 8 lanes/register, 16 registers) ===

`live` is accumulators + A plane(s) + broadcasts; `!` marks a shape over budget.

method      MRxNR  acc  live  load  fma    f/l B/flop   GF/s kc=16   GF/s kc=64  GF/s kc=384
real       16x6     12   15      8   12   1.50  0.458        105.6        107.8        106.6
real        8x6      6    8      7    6   0.86  0.583         73.1         67.2         64.8
real        8x8      8   10      9    8   0.89  0.500         83.0         82.3         85.1
real       16x4      8   11      6    8   1.33  0.625         89.3         85.8         85.7
real       16x5     10   13      7   10   1.43  0.525         98.5         94.3        105.4
real       24x3      9   13      6    9   1.50  0.750         93.5         91.4         88.9
real       24x4     12   16      7   12   1.71  0.583         54.1         44.4         42.3
real       32x2      8   13      6    8   1.33  1.062         87.5         85.7         82.0
real       32x3     12   17!     7   12   1.71  0.729         49.8         44.3         42.8
real       40x2     10   16      7   10   1.43  1.050         67.8         97.5         89.4
--
best per method at kc = 384:
  real     MV=2 NR=6     106.6 GF/s
  planar   MV=1 NR=5     104.6 GF/s
  1m       MV=2 NR=6     107.0 GF/s
  3m       MV=1 NR=4     112.6 GF/s
[2026-08-03T15:10:53-04:00] shapes done
[2026-08-03T15:10:53-04:00] outdir: bench-results/worker5040-zen2
shapes     rc=0        0 min

########## stage threads  2026-08-03T15:10:53-04:00 ##########
[2026-08-03T15:10:53-04:00] threads: scaling curve plus the two partition arms
host            : worker5040
slurm           : job 6745376 on worker5040
cpus allowed    : 128 of 128 online (0-127)
physical cores  : 128   SMT width 1  (SMT off: no sibling to contend with)
sockets         : 0:64c  1:64c
numa nodes      : 0:16c  1:16c  2:16c  3:16c  4:16c  5:16c  6:16c  7:16c
L1              : 32K 8-way, shared by 1 logical cpus
L2              : 512K 8-way, shared by 1 logical cpus
L3              : 16384K 16-way, shared by 4 logical cpus
L3 domains      : 32, 4 cpus each (16384K per domain)

placement       : 24 concurrent arms of 32 domains, one core per domain, rest of each domain idle
                  cpus 0,4,8,16,20,24,32,36,40,48,52,56,64,68,72,80,84,88,96,100,104,112,116,120
                  per numa node: 0:3  1:3  2:3  3:3  4:3  5:3  6:3  7:3

wrote bench-results/worker5040-zen2/phase4f/topology.json
cpuset 0,1,2,3,4,5,6,7,8,9,10,11,12,13,14,15,16,17,18,19,20,21,22,23,24,25,26,27,28,29,30,31,32,33,34,35,36,37,38,39,40,41,42,43,44,45,46,47,48,49,50,51,52,53,54,55,56,57,58,59,60,61,62,63: 64 logical CPUs on 64 physical cores
threads will run on cpus 0,1,2,3,4,5,6,7,8,9,10,11,12,13,14,15,16,17,18,19,20,21,22,23,24,25,26,27,28,29,30,31,32,33,34,35,36,37,38,39,40,41,42,43,44,45,46,47,48,49,50,51,52,53,54,55,56,57,58,59,60,61,62,63 (64 cores); thread counts: 1 2 4 8 16 32 64
partition arms at 64 threads
  15:32:54 th-t1-f64c64 done: in-cpuset  n=1 busy min 100% mean 100% max 100%|rest of allocation n=127 busy mean 0.0% max 0.4%|exclusivity ok: nothing else in the allocation above 5%|
  15:44:15 th-t2-f64c64 done: in-cpuset  n=2 busy min 98% mean 98% max 98%|rest of allocation n=126 busy mean 0.0% max 0.8%|exclusivity ok: nothing else in the allocation above 5%|
  15:50:11 th-t4-f64c64 done: in-cpuset  n=4 busy min 95% mean 95% max 96%|rest of allocation n=124 busy mean 0.0% max 0.7%|exclusivity ok: nothing else in the allocation above 5%|
  15:53:39 th-t8-f64c64 done: in-cpuset  n=8 busy min 87% mean 88% max 89%|rest of allocation n=120 busy mean 0.0% max 0.7%|exclusivity ok: nothing else in the allocation above 5%|
  15:55:56 th-t16-f64c64 done: in-cpuset  n=16 busy min 71% mean 73% max 76%|rest of allocation n=112 busy mean 0.0% max 0.5%|exclusivity ok: nothing else in the allocation above 5%|
  15:58:01 th-t32-f64c64 done: in-cpuset  n=32 busy min 38% mean 49% max 58%|rest of allocation n=96 busy mean 0.0% max 0.7%|exclusivity ok: nothing else in the allocation above 5%|
  16:00:13 th-t64-f64c64 done: in-cpuset  n=64 busy min 26% mean 36% max 48%|rest of allocation n=64 busy mean 0.1% max 1.1%|exclusivity ok: nothing else in the allocation above 5%|
  16:02:30 th-t64-pm-f64c64 done: in-cpuset  n=64 busy min 26% mean 36% max 51%|rest of allocation n=64 busy mean 0.1% max 0.6%|exclusivity ok: nothing else in the allocation above 5%|
  16:05:50 th-t64-pn-f64c64 done: in-cpuset  n=64 busy min 59% mean 63% max 72%|rest of allocation n=64 busy mean 0.1% max 0.6%|exclusivity ok: nothing else in the allocation above 5%|
  16:28:16 th-t1b-f64c64 done: in-cpuset  n=1 busy min 100% mean 100% max 100%|rest of allocation n=127 busy mean 0.0% max 0.5%|exclusivity ok: nothing else in the allocation above 5%|
done f64c64
  16:39:45 th-t1-f32c32 done: in-cpuset  n=1 busy min 100% mean 100% max 100%|rest of allocation n=127 busy mean 0.0% max 1.0%|exclusivity ok: nothing else in the allocation above 5%|
  16:45:40 th-t2-f32c32 done: in-cpuset  n=2 busy min 97% mean 98% max 98%|rest of allocation n=126 busy mean 0.0% max 1.1%|exclusivity ok: nothing else in the allocation above 5%|
  16:48:48 th-t4-f32c32 done: in-cpuset  n=4 busy min 93% mean 94% max 94%|rest of allocation n=124 busy mean 0.0% max 1.3%|exclusivity ok: nothing else in the allocation above 5%|
  16:50:42 th-t8-f32c32 done: in-cpuset  n=8 busy min 82% mean 83% max 84%|rest of allocation n=120 busy mean 0.0% max 1.1%|exclusivity ok: nothing else in the allocation above 5%|
  16:52:00 th-t16-f32c32 done: in-cpuset  n=16 busy min 62% mean 65% max 69%|rest of allocation n=112 busy mean 0.0% max 1.3%|exclusivity ok: nothing else in the allocation above 5%|
  16:53:13 th-t32-f32c32 done: in-cpuset  n=32 busy min 34% mean 43% max 50%|rest of allocation n=96 busy mean 0.0% max 1.4%|exclusivity ok: nothing else in the allocation above 5%|
  16:54:28 th-t64-f32c32 done: in-cpuset  n=64 busy min 20% mean 29% max 36%|rest of allocation n=64 busy mean 0.1% max 1.3%|exclusivity ok: nothing else in the allocation above 5%|
  16:55:44 th-t64-pm-f32c32 done: in-cpuset  n=64 busy min 21% mean 29% max 40%|rest of allocation n=64 busy mean 0.1% max 1.2%|exclusivity ok: nothing else in the allocation above 5%|
  16:57:12 th-t64-pn-f32c32 done: in-cpuset  n=64 busy min 52% mean 58% max 69%|rest of allocation n=64 busy mean 0.1% max 1.1%|exclusivity ok: nothing else in the allocation above 5%|
  17:08:47 th-t1b-f32c32 done: in-cpuset  n=1 busy min 100% mean 100% max 100%|rest of allocation n=127 busy mean 0.0% max 1.3%|exclusivity ok: nothing else in the allocation above 5%|
done f32c32

this node's noise floor (t1 vs its bracketing repeat):
== f64c64 t1 vs t1b
dtype  engine  or   n  geomean     min     max
  c64      1m  AB  37    0.960   0.833   0.999
  c64      1m  BA  12    0.954   0.850   1.007
  c64      3m  AB  37    0.957   0.855   1.000
  c64      3m  BA  12    0.956   0.856   0.999
  c64  planar  AB  37    0.967   0.858   1.003
  c64  planar  BA  12    0.962   0.901   0.995
  f64      1m  AB  37    0.959   0.828   1.009
  f64      1m  BA  12    0.935   0.771   0.984
  f64      3m  AB  37    0.959   0.828   1.009
  f64      3m  BA  12    0.935   0.771   0.984
  f64  planar  AB  37    0.959   0.828   1.009
  f64  planar  BA  12    0.935   0.771   0.984

--- outside the +/-6% per-case noise floor (57 of 294) ---
  0.771        abcs-rc-abrs  f64      1m  BA     24.0 ->    18.5
  0.771        abcs-rc-abrs  f64      3m  BA     24.0 ->    18.5
  0.771        abcs-rc-abrs  f64  planar  BA     24.0 ->    18.5
  0.828        abjc-cbka-kj  f64      1m  AB     12.5 ->    10.4
  0.828        abjc-cbka-kj  f64      3m  AB     12.5 ->    10.4
== f32c32 t1 vs t1b
dtype  engine  or   n  geomean     min     max
  c32      1m  AB  37    0.990   0.941   1.044
  c32      1m  BA  12    0.980   0.883   0.999
  c32      3m  AB  37    0.991   0.953   1.024
  c32      3m  BA  12    0.981   0.881   0.997
  c32  planar  AB  37    0.991   0.969   1.017
  c32  planar  BA  12    0.985   0.921   1.003
  f32      1m  AB  37    0.983   0.897   1.018
  f32      1m  BA  12    0.975   0.900   0.999
  f32      3m  AB  37    0.983   0.897   1.018
  f32      3m  BA  12    0.975   0.900   0.999
  f32  planar  AB  37    0.983   0.897   1.018
  f32  planar  BA  12    0.975   0.900   0.999

--- outside the +/-6% per-case noise floor (15 of 294) ---
  0.881        abcs-rc-abrs  c32      3m  BA     50.9 ->    44.9
  0.883        abcs-rc-abrs  c32      1m  BA     53.5 ->    47.2
  0.897      ajbdc-ckbad-jk  f32      1m  AB      6.2 ->     5.6
  0.897      ajbdc-ckbad-jk  f32      3m  AB      6.2 ->     5.6
  0.897      ajbdc-ckbad-jk  f32  planar  AB      6.2 ->     5.6

scaling, each arm against the 1-thread arm:
== f64c64 t2
dtype  engine  or   n  geomean     min     max
  c64      1m  AB  37    1.946   1.830   1.994
  c64      1m  BA  12    1.952   1.928   1.993
  c64      3m  AB  37    1.945   1.793   2.016
  c64      3m  BA  12    1.983   1.929   2.112
  c64  planar  AB  37    1.954   1.847   2.008
  c64  planar  BA  12    1.959   1.938   1.988
  f64      1m  AB  37    1.890   1.291   2.033
  f64      1m  BA  12    1.913   1.857   1.967
  f64      3m  AB  37    1.890   1.291   2.033
  f64      3m  BA  12    1.913   1.857   1.967
  f64  planar  AB  37    1.890   1.291   2.033
  f64  planar  BA  12    1.913   1.857   1.967

--- outside the +/-6% per-case noise floor (294 of 294) ---
  1.291        ajbc-ckba-jk  f64      1m  AB     19.1 ->    24.7
  1.291        ajbc-ckba-jk  f64      3m  AB     19.1 ->    24.7
  1.291        ajbc-ckba-jk  f64  planar  AB     19.1 ->    24.7
  1.614        abjc-cbka-kj  f64      1m  AB     12.5 ->    20.2
  1.614        abjc-cbka-kj  f64      3m  AB     12.5 ->    20.2
== f64c64 t4
dtype  engine  or   n  geomean     min     max
  c64      1m  AB  37    3.715   3.227   3.981
  c64      1m  BA  12    3.735   3.539   4.009
  c64      3m  AB  37    3.716   3.193   3.982
  c64      3m  BA  12    3.831   3.710   4.138
  c64  planar  AB  37    3.714   3.231   3.963
  c64  planar  BA  12    3.772   3.688   3.942
  f64      1m  AB  37    3.417   2.173   3.925
  f64      1m  BA  12    3.380   2.978   3.913
  f64      3m  AB  37    3.417   2.173   3.925
  f64      3m  BA  12    3.380   2.978   3.913
  f64  planar  AB  37    3.417   2.173   3.925
  f64  planar  BA  12    3.380   2.978   3.913

--- outside the +/-6% per-case noise floor (294 of 294) ---
  2.173        ajbc-ckba-jk  f64      1m  AB     19.1 ->    41.5
  2.173        ajbc-ckba-jk  f64      3m  AB     19.1 ->    41.5
  2.173        ajbc-ckba-jk  f64  planar  AB     19.1 ->    41.5
  2.489        abjc-cbka-kj  f64      1m  AB     12.5 ->    31.2
  2.489        abjc-cbka-kj  f64      3m  AB     12.5 ->    31.2
== f64c64 t8
dtype  engine  or   n  geomean     min     max
  c64      1m  AB  37    6.098   3.456   7.623
  c64      1m  BA  12    5.848   4.214   7.724
  c64      3m  AB  37    6.221   3.227   7.560
  c64      3m  BA  12    6.250   5.477   7.449
  c64  planar  AB  37    6.232   3.737   7.624
  c64  planar  BA  12    6.165   4.834   7.646
  f64      1m  AB  37    4.892   1.652   7.279
  f64      1m  BA  12    4.218   3.048   5.894
  f64      3m  AB  37    4.892   1.652   7.279
  f64      3m  BA  12    4.218   3.048   5.894
  f64  planar  AB  37    4.892   1.652   7.279
  f64  planar  BA  12    4.218   3.048   5.894

--- outside the +/-6% per-case noise floor (294 of 294) ---
  1.652        aqrs-pa-pqrs  f64      1m  AB     25.4 ->    41.9
  1.652        aqrs-pa-pqrs  f64      3m  AB     25.4 ->    41.9
  1.652        aqrs-pa-pqrs  f64  planar  AB     25.4 ->    41.9
  2.404          ij-ikl-ljk  f64      1m  AB     33.2 ->    79.8
  2.404          ij-ikl-ljk  f64      3m  AB     33.2 ->    79.8
== f64c64 t16
dtype  engine  or   n  geomean     min     max
  c64      1m  AB  37    7.965   3.485  13.302
  c64      1m  BA  12    6.165   4.393   9.732
  c64      3m  AB  37    7.985   2.911  13.011
  c64      3m  BA  12    6.704   5.684   9.625
  c64  planar  AB  37    8.151   3.600  13.752
  c64  planar  BA  12    6.801   4.846  11.147
  f64      1m  AB  37    6.195   2.678  11.768
  f64      1m  BA  12    4.615   3.391   7.966
  f64      3m  AB  37    6.195   2.678  11.768
  f64      3m  BA  12    4.615   3.391   7.966
  f64  planar  AB  37    6.195   2.678  11.768
  f64  planar  BA  12    4.615   3.391   7.966

--- outside the +/-6% per-case noise floor (294 of 294) ---
  2.678        ajbc-ckba-jk  f64      1m  AB     19.1 ->    51.2
  2.678        ajbc-ckba-jk  f64      3m  AB     19.1 ->    51.2
  2.678        ajbc-ckba-jk  f64  planar  AB     19.1 ->    51.2
  2.911        aqrs-pa-pqrs  c64      3m  AB     33.0 ->    96.0
  3.169        abjc-cbka-kj  f64      1m  AB     12.5 ->    39.7
== f64c64 t32
dtype  engine  or   n  geomean     min     max
  c64      1m  AB  37    8.527   4.000  16.811
  c64      1m  BA  12    6.091   4.125  10.446
  c64      3m  AB  37    8.595   3.659  18.068
  c64      3m  BA  12    6.622   4.885  10.202
  c64  planar  AB  37    9.006   4.613  18.426
  c64  planar  BA  12    6.733   4.831   9.564
  f64      1m  AB  37    6.063   2.433  14.573
  f64      1m  BA  12    4.651   2.899   7.353
  f64      3m  AB  37    6.063   2.433  14.573
  f64      3m  BA  12    4.651   2.899   7.353
  f64  planar  AB  37    6.063   2.433  14.573
  f64  planar  BA  12    4.651   2.899   7.353

--- outside the +/-6% per-case noise floor (294 of 294) ---
  2.433          ij-ikl-ljk  f64      1m  AB     33.2 ->    80.7
  2.433          ij-ikl-ljk  f64      3m  AB     33.2 ->    80.7
  2.433          ij-ikl-ljk  f64  planar  AB     33.2 ->    80.7
  2.552          ij-kil-lkj  f64      1m  AB     32.9 ->    84.0
  2.552          ij-kil-lkj  f64      3m  AB     32.9 ->    84.0
== f64c64 t64
dtype  engine  or   n  geomean     min     max
  c64      1m  AB  37    7.958   2.848  16.312
  c64      1m  BA  12    5.557   3.523   9.880
  c64      3m  AB  37    7.772   2.538  16.696
  c64      3m  BA  12    5.758   3.922   9.407
  c64  planar  AB  37    8.347   2.960  17.797
  c64  planar  BA  12    5.839   3.947   8.469
  f64      1m  AB  37    5.752   2.126  13.502
  f64      1m  BA  12    4.330   2.433   5.966
  f64      3m  AB  37    5.752   2.126  13.502
  f64      3m  BA  12    4.330   2.433   5.966
  f64  planar  AB  37    5.752   2.126  13.502
  f64  planar  BA  12    4.330   2.433   5.966

--- outside the +/-6% per-case noise floor (294 of 294) ---
  2.126          ij-ikl-ljk  f64      1m  AB     33.2 ->    70.6
  2.126          ij-ikl-ljk  f64      3m  AB     33.2 ->    70.6
  2.126          ij-ikl-ljk  f64  planar  AB     33.2 ->    70.6
  2.287          ij-kil-lkj  f64      1m  AB     32.9 ->    75.3
  2.287          ij-kil-lkj  f64      3m  AB     32.9 ->    75.3
== f32c32 t2
dtype  engine  or   n  geomean     min     max
  c32      1m  AB  37    1.949   1.307   2.082
  c32      1m  BA  12    2.015   1.956   2.360
  c32      3m  AB  37    1.956   1.403   2.086
  c32      3m  BA  12    1.983   1.951   2.008
  c32  planar  AB  37    1.949   1.479   2.039
  c32  planar  BA  12    1.971   1.943   2.023
  f32      1m  AB  37    1.885   0.984   2.098
  f32      1m  BA  12    1.931   1.773   2.034
  f32      3m  AB  37    1.885   0.984   2.098
  f32      3m  BA  12    1.931   1.773   2.034
  f32  planar  AB  37    1.885   0.984   2.098
  f32  planar  BA  12    1.931   1.773   2.034

--- outside the +/-6% per-case noise floor (291 of 294) ---
  1.307        ajbc-ckba-jk  c32      1m  AB     37.7 ->    49.3
  1.403        ajbc-ckba-jk  c32      3m  AB     41.0 ->    57.6
  1.479        ajbc-ckba-jk  c32  planar  AB     43.7 ->    64.7
  1.545      adbjc-cbdka-kj  f32      1m  AB      5.8 ->     9.0
  1.545      adbjc-cbdka-kj  f32      3m  AB      5.8 ->     9.0
== f32c32 t4
dtype  engine  or   n  geomean     min     max
  c32      1m  AB  37    3.734   2.539   4.026
  c32      1m  BA  12    3.885   3.636   4.341
  c32      3m  AB  37    3.748   2.586   4.019
  c32      3m  BA  12    3.889   3.733   4.263
  c32  planar  AB  37    3.715   2.681   4.047
  c32  planar  BA  12    3.855   3.733   4.145
  f32      1m  AB  37    3.474   1.567   3.906
  f32      1m  BA  12    3.630   3.265   3.897
  f32      3m  AB  37    3.474   1.567   3.906
  f32      3m  BA  12    3.630   3.265   3.897
  f32  planar  AB  37    3.474   1.567   3.906
  f32  planar  BA  12    3.630   3.265   3.897

--- outside the +/-6% per-case noise floor (294 of 294) ---
  1.567        ajbc-ckba-jk  f32      1m  AB     30.7 ->    48.1
  1.567        ajbc-ckba-jk  f32      3m  AB     30.7 ->    48.1
  1.567        ajbc-ckba-jk  f32  planar  AB     30.7 ->    48.1
  2.219        aqrs-pa-pqrs  f32      1m  AB     43.6 ->    96.7
  2.219        aqrs-pa-pqrs  f32      3m  AB     43.6 ->    96.7
== f32c32 t8
dtype  engine  or   n  geomean     min     max
  c32      1m  AB  37    6.105   3.033   7.790
  c32      1m  BA  12    5.911   4.994   7.051
  c32      3m  AB  37    6.235   2.511   7.734
  c32      3m  BA  12    6.346   5.112   7.921
  c32  planar  AB  37    6.221   3.203   7.848
  c32  planar  BA  12    5.890   5.003   7.025
  f32      1m  AB  37    5.583   1.953   7.460
  f32      1m  BA  12    5.381   3.902   7.089
  f32      3m  AB  37    5.583   1.953   7.460
  f32      3m  BA  12    5.381   3.902   7.089
  f32  planar  AB  37    5.583   1.953   7.460
  f32  planar  BA  12    5.381   3.902   7.089

--- outside the +/-6% per-case noise floor (294 of 294) ---
  1.953        ajbc-ckba-jk  f32      1m  AB     30.7 ->    59.9
  1.953        ajbc-ckba-jk  f32      3m  AB     30.7 ->    59.9
  1.953        ajbc-ckba-jk  f32  planar  AB     30.7 ->    59.9
  2.511        aqrs-pa-pqrs  c32      3m  AB     57.3 ->   143.9
  2.650        abjc-cbka-kj  f32      1m  AB     15.3 ->    40.6
== f32c32 t16
dtype  engine  or   n  geomean     min     max
  c32      1m  AB  37    8.053   4.558  13.923
  c32      1m  BA  12    6.255   4.559  10.362
  c32      3m  AB  37    8.013   3.991  13.638
  c32      3m  BA  12    6.667   5.345   8.449
  c32  planar  AB  37    8.103   4.038  13.685
  c32  planar  BA  12    6.644   5.001   9.737
  f32      1m  AB  37    6.579   1.999  12.504
  f32      1m  BA  12    5.714   4.333   8.051
  f32      3m  AB  37    6.579   1.999  12.504
  f32      3m  BA  12    5.714   4.333   8.051
  f32  planar  AB  37    6.579   1.999  12.504
  f32  planar  BA  12    5.714   4.333   8.051

--- outside the +/-6% per-case noise floor (294 of 294) ---
  1.999        ajbc-ckba-jk  f32      1m  AB     30.7 ->    61.3
  1.999        ajbc-ckba-jk  f32      3m  AB     30.7 ->    61.3
  1.999        ajbc-ckba-jk  f32  planar  AB     30.7 ->    61.3
  3.018        abjc-cbka-kj  f32      1m  AB     15.3 ->    46.2
  3.018        abjc-cbka-kj  f32      3m  AB     15.3 ->    46.2
== f32c32 t32
dtype  engine  or   n  geomean     min     max
  c32      1m  AB  37    8.854   4.097  17.907
  c32      1m  BA  12    6.189   3.968  11.706
  c32      3m  AB  37    8.748   4.254  14.751
  c32      3m  BA  12    6.667   4.654  11.280
  c32  planar  AB  37    8.960   4.276  17.333
  c32  planar  BA  12    6.778   4.611  10.284
  f32      1m  AB  37    6.753   2.577  12.697
  f32      1m  BA  12    5.999   3.468   7.925
  f32      3m  AB  37    6.753   2.577  12.697
  f32      3m  BA  12    5.999   3.468   7.925
  f32  planar  AB  37    6.753   2.577  12.697
  f32  planar  BA  12    5.999   3.468   7.925

--- outside the +/-6% per-case noise floor (294 of 294) ---
  2.577        ajbc-ckba-jk  f32      1m  AB     30.7 ->    79.0
  2.577        ajbc-ckba-jk  f32      3m  AB     30.7 ->    79.0
  2.577        ajbc-ckba-jk  f32  planar  AB     30.7 ->    79.0
  3.145      abjcd-dkbac-jk  f32      1m  AB      7.3 ->    22.9
  3.145      abjcd-dkbac-jk  f32      3m  AB      7.3 ->    22.9
== f32c32 t64
dtype  engine  or   n  geomean     min     max
  c32      1m  AB  37    8.183   3.180  18.611
  c32      1m  BA  12    4.971   3.048   8.410
  c32      3m  AB  37    7.854   3.440  16.568
  c32      3m  BA  12    5.382   3.367   8.681
  c32  planar  AB  37    8.188   3.545  19.114
  c32  planar  BA  12    5.871   3.700   8.941
  f32      1m  AB  37    6.156   2.859  12.448
  f32      1m  BA  12    5.597   3.628   7.910
  f32      3m  AB  37    6.156   2.859  12.448
  f32      3m  BA  12    5.597   3.628   7.910
  f32  planar  AB  37    6.156   2.859  12.448
  f32  planar  BA  12    5.597   3.628   7.910

--- outside the +/-6% per-case noise floor (294 of 294) ---
  2.859        ajbc-ckba-jk  f32      1m  AB     30.7 ->    87.7
  2.859        ajbc-ckba-jk  f32      3m  AB     30.7 ->    87.7
  2.859        ajbc-ckba-jk  f32  planar  AB     30.7 ->    87.7
  3.048    abcijk-jkmc-miab  c32      1m  BA     59.6 ->   181.6
  3.132      abjcd-dkbac-jk  f32      1m  AB      7.3 ->    22.8

partition arms, each against the rule at the same thread count:
== f64c64 t64 partition=pm
dtype  engine  or   n  geomean     min     max
  c64      1m  AB  37    0.936   0.256   1.361
  c64      1m  BA  12    0.967   0.787   1.090
  c64      3m  AB  37    0.929   0.193   1.487
  c64      3m  BA  12    1.016   0.867   1.126
  c64  planar  AB  37    0.938   0.251   1.320
  c64  planar  BA  12    1.002   0.936   1.251
  f64      1m  AB  37    0.922   0.249   1.323
  f64      1m  BA  12    0.956   0.803   1.179
  f64      3m  AB  37    0.922   0.249   1.323
  f64      3m  BA  12    0.956   0.803   1.179
  f64  planar  AB  37    0.922   0.249   1.323
  f64  planar  BA  12    0.956   0.803   1.179

--- outside the +/-6% per-case noise floor (151 of 294) ---
  0.193          ijk-il-jlk  c64      3m  AB    506.9 ->    97.6
  0.249          ijk-il-jlk  f64      1m  AB    478.1 ->   118.8
  0.249          ijk-il-jlk  f64      3m  AB    478.1 ->   118.8
  0.249          ijk-il-jlk  f64  planar  AB    478.1 ->   118.8
  0.251          ijk-il-jlk  c64  planar  AB    623.8 ->   156.4
== f64c64 t64 partition=pn
dtype  engine  or   n  geomean     min     max
  c64      1m  AB  37    0.627   0.166   1.697
  c64      1m  BA  12    0.891   0.402   1.772
  c64      3m  AB  37    0.605   0.128   1.705
  c64      3m  BA  12    0.927   0.383   1.735
  c64  planar  AB  37    0.603   0.130   1.821
  c64  planar  BA  12    0.973   0.478   1.754
  f64      1m  AB  37    0.954   0.221   3.430
  f64      1m  BA  12    1.508   0.319   4.325
  f64      3m  AB  37    0.954   0.221   3.430
  f64      3m  BA  12    1.508   0.319   4.325
  f64  planar  AB  37    0.954   0.221   3.430
  f64  planar  BA  12    1.508   0.319   4.325

--- outside the +/-6% per-case noise floor (261 of 294) ---
  0.128        ajbc-ckba-jk  c64      3m  AB    150.0 ->    19.2
  0.130        abjc-cbka-kj  c64  planar  AB    133.7 ->    17.4
  0.131        ajbc-ckba-jk  c64  planar  AB    152.8 ->    20.1
  0.136        abjc-cbka-kj  c64      3m  AB    124.2 ->    16.9
  0.166        ajbc-ckba-jk  c64      1m  AB    149.1 ->    24.7
== f32c32 t64 partition=pm
dtype  engine  or   n  geomean     min     max
  c32      1m  AB  37    0.896   0.281   1.100
  c32      1m  BA  12    1.048   0.886   1.404
  c32      3m  AB  37    0.915   0.193   1.168
  c32      3m  BA  12    1.002   0.916   1.137
  c32  planar  AB  37    0.938   0.256   1.265
  c32  planar  BA  12    0.970   0.763   1.058
  f32      1m  AB  37    0.964   0.167   1.329
  f32      1m  BA  12    0.949   0.798   1.180
  f32      3m  AB  37    0.964   0.167   1.329
  f32      3m  BA  12    0.949   0.798   1.180
  f32  planar  AB  37    0.964   0.167   1.329
  f32  planar  BA  12    0.949   0.798   1.180

--- outside the +/-6% per-case noise floor (153 of 294) ---
  0.167        aqrs-pa-pqrs  f32      1m  AB    358.4 ->    59.8
  0.167        aqrs-pa-pqrs  f32      3m  AB    358.4 ->    59.8
  0.167        aqrs-pa-pqrs  f32  planar  AB    358.4 ->    59.8
  0.193        aqrs-pa-pqrs  c32      3m  AB    698.0 ->   134.5
  0.256        aqrs-pa-pqrs  c32  planar  AB    767.5 ->   196.7
== f32c32 t64 partition=pn
dtype  engine  or   n  geomean     min     max
  c32      1m  AB  37    0.663   0.145   1.957
  c32      1m  BA  12    0.942   0.359   2.006
  c32      3m  AB  37    0.680   0.160   2.339
  c32      3m  BA  12    0.914   0.259   2.247
  c32  planar  AB  37    0.790   0.202   2.126
  c32  planar  BA  12    0.921   0.255   2.016
  f32      1m  AB  37    1.019   0.218   3.074
  f32      1m  BA  12    1.389   0.304   3.145
  f32      3m  AB  37    1.019   0.218   3.074
  f32      3m  BA  12    1.389   0.304   3.145
  f32  planar  AB  37    1.019   0.218   3.074
  f32  planar  BA  12    1.389   0.304   3.145

--- outside the +/-6% per-case noise floor (269 of 294) ---
  0.145      adbjc-cbdka-kj  c32      1m  AB     67.5 ->     9.8
  0.158        abjc-cbka-kj  c32      1m  AB    159.7 ->    25.2
  0.158      abjcd-dkbac-jk  c32      1m  AB     78.5 ->    12.4
  0.160        abjc-cbka-kj  c32      3m  AB    160.7 ->    25.7
  0.175      ajbdc-ckbad-jk  c32      1m  AB     69.3 ->    12.1
[2026-08-03T17:08:48-04:00] threads done
[2026-08-03T17:08:48-04:00] outdir: bench-results/worker5040-zen2
threads    rc=0      117 min

########## stage validate  2026-08-03T17:08:48-04:00 ##########
[2026-08-03T17:08:48-04:00] validate: is concurrent placement safe on this node?
[2026-08-03T17:08:48-04:00] reusing the solo pair from bench-results/worker5040-zen2/phase4f
reference core cpu0; placement concurrency 24
host            : worker5040
slurm           : job 6745376 on worker5040
cpus allowed    : 128 of 128 online (0-127)
physical cores  : 128   SMT width 1  (SMT off: no sibling to contend with)
sockets         : 0:64c  1:64c
numa nodes      : 0:16c  1:16c  2:16c  3:16c  4:16c  5:16c  6:16c  7:16c
L1              : 32K 8-way, shared by 1 logical cpus
L2              : 512K 8-way, shared by 1 logical cpus
L3              : 16384K 16-way, shared by 4 logical cpus
L3 domains      : 32, 4 cpus each (16384K per domain)

placement       : 24 concurrent arms of 32 domains, one core per domain, rest of each domain idle
                  cpus 0,4,8,16,20,24,32,36,40,48,52,56,64,68,72,80,84,88,96,100,104,112,116,120
                  per numa node: 0:3  1:3  2:3  3:3  4:3  5:3  6:3  7:3
reusing the threads run's solo pair: bench-results/worker5040-zen2/phase4f/th-t1-f64c64.csv (294 rows) and bench-results/worker5040-zen2/phase4f/th-t1b-f64c64.csv
  reused solo arm ran on cpuset 0; reference core here is cpu0
== 1,2/6 solo pair reused from bench-results/worker5040-zen2/phase4f (t1 vs t1b)
== 3/6 placed (full corpus, 24 concurrent replicates)
host worker5040  128 physical cores, SMT width 1, 32 L3 domains
24 arms, 24 concurrent, cpus 0,4,8,16,20,24,32,36,40,48,52,56,64,68,72,80,84,88,96,100,104,112,116,120
  17:30:44 p15              cpu116  dom29   1315.5s  rc=0  self 100%  co-tenants: none
  17:30:47 p20              cpu72   dom18   1318.3s  rc=0  self 100%  co-tenants: none
  17:30:47 p04              cpu64   dom16   1318.5s  rc=0  self 100%  co-tenants: none
  17:30:48 p13              cpu84   dom21   1319.2s  rc=0  self 100%  co-tenants: none
  17:30:48 p23              cpu120  dom30   1320.0s  rc=0  self 100%  co-tenants: none
  17:30:49 p21              cpu88   dom22   1321.1s  rc=0  self 100%  co-tenants: none
  17:30:50 p12              cpu68   dom17   1321.6s  rc=0  self 100%  co-tenants: none
  17:30:50 p14              cpu100  dom25   1322.1s  rc=0  self 100%  co-tenants: none
  17:30:52 p22              cpu104  dom26   1323.1s  rc=0  self 100%  co-tenants: none
  17:30:52 p06              cpu96   dom24   1323.8s  rc=0  self 100%  co-tenants: none
  17:30:53 p05              cpu80   dom20   1325.1s  rc=0  self 100%  co-tenants: none
  17:30:57 p07              cpu112  dom28   1328.8s  rc=0  self 100%  co-tenants: none
  17:31:09 p08              cpu4    dom1    1340.5s  rc=0  self 100%  co-tenants: none
  17:31:10 p17              cpu24   dom6    1341.2s  rc=0  self 100%  co-tenants: none
  17:31:12 p09              cpu20   dom5    1343.6s  rc=0  self 100%  co-tenants: none
  17:31:12 p18              cpu40   dom10   1344.0s  rc=0  self 100%  co-tenants: none
  17:31:12 p00              cpu0    dom0    1344.1s  rc=0  self 100%  co-tenants: none
  17:31:13 p16              cpu8    dom2    1344.8s  rc=0  self 100%  co-tenants: none
  17:31:13 p02              cpu32   dom8    1345.2s  rc=0  self 100%  co-tenants: none
  17:31:14 p19              cpu56   dom14   1345.2s  rc=0  self 100%  co-tenants: none
  17:31:14 p03              cpu48   dom12   1345.6s  rc=0  self 100%  co-tenants: none
  17:31:15 p11              cpu52   dom13   1347.1s  rc=0  self 100%  co-tenants: none
  17:31:16 p10              cpu36   dom9    1347.9s  rc=0  self 100%  co-tenants: none
  17:31:16 p01              cpu16   dom4    1348.1s  rc=0  self 100%  co-tenants: none

24 arms in 22.5 min wall (sum of arm times 533.2 min)
observed overlap per arm: min 23, max 23
== 4/6 mb-solo1 (memory-bound half, alone)
host worker5040  128 physical cores, SMT width 1, 32 L3 domains
1 arms, 1 concurrent, cpus 0
  17:32:26 mbsolo1          cpu0    dom0      69.3s  rc=0  self 100%  co-tenants: none

1 arms in 1.2 min wall (sum of arm times 1.2 min)
observed overlap per arm: min 0, max 0
== 5/6 mb-solo2
host worker5040  128 physical cores, SMT width 1, 32 L3 domains
1 arms, 1 concurrent, cpus 0
  17:33:35 mbsolo2          cpu0    dom0      69.3s  rc=0  self 100%  co-tenants: none

1 arms in 1.2 min wall (sum of arm times 1.2 min)
observed overlap per arm: min 0, max 0
== 6/6 mb-placed (24 concurrent replicates)
host worker5040  128 physical cores, SMT width 1, 32 L3 domains
24 arms, 24 concurrent, cpus 0,4,8,16,20,24,32,36,40,48,52,56,64,68,72,80,84,88,96,100,104,112,116,120
  17:34:47 mbp23            cpu120  dom30     71.7s  rc=0  self 100%  co-tenants: none
  17:34:47 mbp04            cpu64   dom16     71.9s  rc=0  self 100%  co-tenants: none
  17:34:47 mbp21            cpu88   dom22     71.9s  rc=0  self 100%  co-tenants: none
  17:34:47 mbp22            cpu104  dom26     71.9s  rc=0  self 100%  co-tenants: none
  17:34:47 mbp20            cpu72   dom18     72.0s  rc=0  self 100%  co-tenants: none
  17:34:48 mbp12            cpu68   dom17     72.1s  rc=0  self 100%  co-tenants: none
  17:34:48 mbp19            cpu56   dom14     72.2s  rc=0  self 100%  co-tenants: none
  17:34:48 mbp16            cpu8    dom2      72.3s  rc=0  self 100%  co-tenants: none
  17:34:48 mbp17            cpu24   dom6      72.4s  rc=0  self 100%  co-tenants: none
  17:34:48 mbp15            cpu116  dom29     72.4s  rc=0  self 100%  co-tenants: none
  17:34:48 mbp07            cpu112  dom28     72.4s  rc=0  self 100%  co-tenants: none
  17:34:48 mbp05            cpu80   dom20     72.5s  rc=0  self 100%  co-tenants: none
  17:34:48 mbp18            cpu40   dom10     72.5s  rc=0  self 100%  co-tenants: none
  17:34:48 mbp13            cpu84   dom21     72.5s  rc=0  self 100%  co-tenants: none
  17:34:48 mbp06            cpu96   dom24     72.5s  rc=0  self 100%  co-tenants: none
  17:34:48 mbp14            cpu100  dom25     72.5s  rc=0  self 100%  co-tenants: none
  17:34:48 mbp01            cpu16   dom4      72.9s  rc=0  self 100%  co-tenants: none
  17:34:48 mbp03            cpu48   dom12     73.0s  rc=0  self 100%  co-tenants: none
  17:34:48 mbp11            cpu52   dom13     73.0s  rc=0  self 100%  co-tenants: none
  17:34:48 mbp09            cpu20   dom5      73.0s  rc=0  self 100%  co-tenants: none
  17:34:48 mbp02            cpu32   dom8      73.1s  rc=0  self 100%  co-tenants: none
  17:34:48 mbp08            cpu4    dom1      73.1s  rc=0  self 100%  co-tenants: none
  17:34:48 mbp10            cpu36   dom9      73.0s  rc=0  self 100%  co-tenants: none
  17:34:48 mbp00            cpu0    dom0      73.1s  rc=0  self 100%  co-tenants: none

24 arms in 1.2 min wall (sum of arm times 29.0 min)
observed overlap per arm: min 23, max 23

############ this node's noise floor, solo vs solo ############
dtype  engine  or   n  geomean     min     max
  c64      1m  AB  37    0.960   0.833   0.999
  c64      1m  BA  12    0.954   0.850   1.007
  c64      3m  AB  37    0.957   0.855   1.000
  c64      3m  BA  12    0.956   0.856   0.999
  c64  planar  AB  37    0.967   0.858   1.003
  c64  planar  BA  12    0.962   0.901   0.995
  f64      1m  AB  37    0.959   0.828   1.009
  f64      1m  BA  12    0.935   0.771   0.984
  f64      3m  AB  37    0.959   0.828   1.009
  f64      3m  BA  12    0.935   0.771   0.984
  f64  planar  AB  37    0.959   0.828   1.009
  f64  planar  BA  12    0.935   0.771   0.984

--- outside the +/-6% per-case noise floor (57 of 294) ---
  0.771        abcs-rc-abrs  f64      1m  BA     24.0 ->    18.5
  0.771        abcs-rc-abrs  f64      3m  BA     24.0 ->    18.5
  0.771        abcs-rc-abrs  f64  planar  BA     24.0 ->    18.5
  0.828        abjc-cbka-kj  f64      1m  AB     12.5 ->    10.4
  0.828        abjc-cbka-kj  f64      3m  AB     12.5 ->    10.4
  0.828        abjc-cbka-kj  f64  planar  AB     12.5 ->    10.4
  0.833      adbjc-cbdka-kj  c64      1m  AB     10.1 ->     8.4
  0.850        abcs-rc-abrs  c64      1m  BA     32.9 ->    28.0
  0.852      adbjc-cbdka-kj  f64      1m  AB      4.8 ->     4.1
  0.852      adbjc-cbdka-kj  f64      3m  AB      4.8 ->     4.1
  ...
  0.929        abrs-qb-aqrs  f64      1m  BA     24.9 ->    23.1
  0.929        abrs-qb-aqrs  f64      3m  BA     24.9 ->    23.1
  0.929        abrs-qb-aqrs  f64  planar  BA     24.9 ->    23.1
  0.934    abcijk-ejbc-ikea  f64      1m  BA     22.3 ->    20.9
  0.934    abcijk-ejbc-ikea  f64      3m  BA     22.3 ->    20.9
  0.934    abcijk-ejbc-ikea  f64  planar  BA     22.3 ->    20.9
  0.934          ijk-ikl-lj  c64      1m  AB     40.8 ->    38.1
  0.936        abrs-qb-aqrs  c64      1m  BA     32.9 ->    30.8
  0.938        aqrs-pa-pqrs  c64      3m  AB     33.0 ->    30.9
  0.938          ijk-ilk-jl  c64      3m  AB     41.4 ->    38.8

--- overall, all cases (what a user sees) ---
  c64      1m  0.958
  c64      3m  0.957
  c64  planar  0.966
  f64      1m  0.953
  f64      3m  0.953
  f64  planar  0.953

############ placement penalty: same core, placed vs solo ############
dtype  engine  or   n  geomean     min     max
  c64      1m  AB  37    0.962   0.822   1.006
  c64      1m  BA  12    0.967   0.941   0.993
  c64      3m  AB  37    0.960   0.880   0.994
  c64      3m  BA  12    0.975   0.947   0.995
  c64  planar  AB  37    0.967   0.868   0.999
  c64  planar  BA  12    0.966   0.950   0.986
  f64      1m  AB  37    0.951   0.829   0.995
  f64      1m  BA  12    0.954   0.921   0.976
  f64      3m  AB  37    0.951   0.829   0.995
  f64      3m  BA  12    0.954   0.921   0.976
  f64  planar  AB  37    0.951   0.829   0.995
  f64  planar  BA  12    0.954   0.921   0.976

--- outside the +/-6% per-case noise floor (46 of 294) ---
  0.822      adbjc-cbdka-kj  c64      1m  AB     10.1 ->     8.3
  0.829        abjc-cbka-kj  f64      1m  AB     12.5 ->    10.4
  0.829        abjc-cbka-kj  f64      3m  AB     12.5 ->    10.4
  0.829        abjc-cbka-kj  f64  planar  AB     12.5 ->    10.4
  0.840      ajbdc-ckbad-jk  f64      1m  AB      5.6 ->     4.7
  0.840      ajbdc-ckbad-jk  f64      3m  AB      5.6 ->     4.7
  0.840      ajbdc-ckbad-jk  f64  planar  AB      5.6 ->     4.7
  0.842      abjcd-dkbac-jk  c64      1m  AB     11.3 ->     9.5
  0.851      abjcd-dkbac-jk  f64      1m  AB      5.9 ->     5.0
  0.851      abjcd-dkbac-jk  f64      3m  AB      5.9 ->     5.0
  ...
  0.930        ajbc-ckba-jk  c64      3m  AB     22.2 ->    20.7
  0.932        ijk-ilmk-mjl  f64      1m  AB     30.2 ->    28.2
  0.932        ijk-ilmk-mjl  f64      3m  AB     30.2 ->    28.2
  0.932        ijk-ilmk-mjl  f64  planar  AB     30.2 ->    28.2
  0.938    abcijk-jkmc-miab  f64      1m  BA     22.8 ->    21.4
  0.938    abcijk-jkmc-miab  f64      3m  BA     22.8 ->    21.4
  0.938    abcijk-jkmc-miab  f64  planar  BA     22.8 ->    21.4
  0.940    abcijk-ekac-ijeb  f64      1m  AB     19.9 ->    18.7
  0.940    abcijk-ekac-ijeb  f64      3m  AB     19.9 ->    18.7
  0.940    abcijk-ekac-ijeb  f64  planar  AB     19.9 ->    18.7

--- overall, all cases (what a user sees) ---
  c64      1m  0.963
  c64      3m  0.964
  c64  planar  0.967
  f64      1m  0.952
  f64      3m  0.952
  f64  planar  0.952

############ memory-bound half: floor, then penalty ############
dtype  engine  or   n  geomean     min     max
  c64      1m  AB   9    0.999   0.986   1.019
  c64      1m  BA   9    0.999   0.995   1.002
  c64      3m  AB   9    0.996   0.976   1.002
  c64      3m  BA   9    1.002   0.997   1.016
  c64  planar  AB   9    0.999   0.980   1.007
  c64  planar  BA   9    0.999   0.997   1.003
  f64      1m  AB   9    1.001   0.996   1.009
  f64      1m  BA   9    1.001   0.988   1.021
  f64      3m  AB   9    1.001   0.996   1.009
  f64      3m  BA   9    1.001   0.988   1.021
  f64  planar  AB   9    1.001   0.996   1.009
  f64  planar  BA   9    1.001   0.988   1.021

--- outside the +/-6% per-case noise floor (0 of 108) ---

--- overall, all cases (what a user sees) ---
  c64      1m  0.999
  c64      3m  0.999
  c64  planar  0.999
  f64      1m  1.001
  f64      3m  1.001
  f64  planar  1.001
dtype  engine  or   n  geomean     min     max
  c64      1m  AB   9    0.975   0.962   0.991
  c64      1m  BA   9    0.972   0.958   0.992
  c64      3m  AB   9    0.978   0.965   0.988
  c64      3m  BA   9    0.985   0.971   0.998
  c64  planar  AB   9    0.977   0.963   0.984
  c64  planar  BA   9    0.976   0.965   0.993
  f64      1m  AB   9    0.950   0.928   0.976
  f64      1m  BA   9    0.954   0.930   0.985
  f64      3m  AB   9    0.950   0.928   0.976
  f64      3m  BA   9    0.954   0.930   0.985
  f64  planar  AB   9    0.950   0.928   0.976
  f64  planar  BA   9    0.954   0.930   0.985

--- outside the +/-6% per-case noise floor (6 of 108) ---
  0.928    abcijk-eiab-jkec  f64      1m  AB     22.7 ->    21.1
  0.928    abcijk-eiab-jkec  f64      3m  AB     22.7 ->    21.1
  0.928    abcijk-eiab-jkec  f64  planar  AB     22.7 ->    21.1
  0.930    abcijk-jkmc-miab  f64      1m  BA     22.7 ->    21.1
  0.930    abcijk-jkmc-miab  f64      3m  BA     22.7 ->    21.1
  0.930    abcijk-jkmc-miab  f64  planar  BA     22.7 ->    21.1
  0.928    abcijk-eiab-jkec  f64      1m  AB     22.7 ->    21.1
  0.928    abcijk-eiab-jkec  f64      3m  AB     22.7 ->    21.1
  0.928    abcijk-eiab-jkec  f64  planar  AB     22.7 ->    21.1
  0.930    abcijk-jkmc-miab  f64      1m  BA     22.7 ->    21.1
  0.930    abcijk-jkmc-miab  f64      3m  BA     22.7 ->    21.1
  0.930    abcijk-jkmc-miab  f64  planar  BA     22.7 ->    21.1

--- overall, all cases (what a user sees) ---
  c64      1m  0.974
  c64      3m  0.981
  c64  planar  0.976
  f64      1m  0.952
  f64      3m  0.952
  f64  planar  0.952

############ spread across placement slots (position within the node) ############
=== 24 concurrent replicates of the same arm, each against solo1.csv
slot      cpu  dom  numa    n  geomean  min case  max case    secs  self%
p00         0    0     0  294    0.958     0.822     1.006    1344    100
p01        16    4     1  294    0.959     0.823     1.013    1348    100
p02        32    8     2  294    0.961     0.814     1.005    1345    100
p03        48   12     3  294    0.959     0.846     1.012    1346    100
p04        64   16     4  294    0.975     0.826     1.028    1319    100
p05        80   20     5  294    0.974     0.831     1.023    1325    100
p06        96   24     6  294    0.975     0.833     1.028    1324    100
p07       112   28     7  294    0.975     0.814     1.017    1329    100
p08         4    1     0  294    0.960     0.837     1.005    1341    100
p09        20    5     1  294    0.959     0.815     1.012    1344    100
p10        36    9     2  294    0.958     0.804     1.022    1348    100
p11        52   13     3  294    0.961     0.840     1.010    1347    100
p12        68   17     4  294    0.978     0.852     1.019    1322    100
p13        84   21     5  294    0.977     0.866     1.029    1319    100
p14       100   25     6  294    0.977     0.843     1.050    1322    100
p15       116   29     7  294    0.981     0.856     1.037    1316    100
p16         8    2     0  294    0.959     0.838     1.010    1345    100
p17        24    6     1  294    0.959     0.849     1.008    1341    100
p18        40   10     2  294    0.960     0.829     1.006    1344    100
p19        56   14     3  294    0.958     0.839     1.004    1345    100
p20        72   18     4  294    0.977     0.827     1.027    1318    100
p21        88   22     5  294    0.977     0.834     1.043    1321    100
p22       104   26     6  294    0.977     0.849     1.044    1323    100
p23       120   30     7  294    0.980     0.842     1.019    1320    100

across replicates: geomean-of-geomeans 0.968, best 0.981, worst 0.958, spread 2.4%

worst-hit cases (min over replicates):
  0.804  ajbdc-ckbad-jk           f64   1m
  0.804  ajbdc-ckbad-jk           f64   3m
  0.804  ajbdc-ckbad-jk           f64   planar
  0.814  ajbdc-ckbad-jk           c64   1m
  0.814  ajbdc-ckbad-jk           c64   3m
  0.815  abjc-cbka-kj             f64   1m
  0.815  abjc-cbka-kj             f64   3m
  0.815  abjc-cbka-kj             f64   planar

by numa node: 0:0.959(n=3)  1:0.959(n=3)  2:0.960(n=3)  3:0.959(n=3)  4:0.977(n=3)  5:0.976(n=3)  6:0.977(n=3)  7:0.979(n=3)
=== 24 concurrent replicates of the same arm, each against mbsolo1.csv
slot      cpu  dom  numa    n  geomean  min case  max case    secs  self%
mbp00       0    0     0  108    0.965     0.928     0.998      73    100
mbp01      16    4     1  108    0.964     0.929     0.997      73    100
mbp02      32    8     2  108    0.963     0.908     0.998      73    100
mbp03      48   12     3  108    0.966     0.927     0.999      73    100
mbp04      64   16     4  108    0.970     0.919     1.003      72    100
mbp05      80   20     5  108    0.972     0.913     1.005      72    100
mbp06      96   24     6  108    0.971     0.915     1.004      73    100
mbp07     112   28     7  108    0.974     0.936     1.003      72    100
mbp08       4    1     0  108    0.966     0.929     0.998      73    100
mbp09      20    5     1  108    0.962     0.912     0.998      73    100
mbp10      36    9     2  108    0.962     0.910     0.999      73    100
mbp11      52   13     3  108    0.966     0.929     0.999      73    100
mbp12      68   17     4  108    0.966     0.899     1.003      72    100
mbp13      84   21     5  108    0.970     0.903     1.004      72    100
mbp14     100   25     6  108    0.970     0.912     1.004      73    100
mbp15     116   29     7  108    0.974     0.930     1.003      72    100
mbp16       8    2     0  108    0.969     0.930     1.000      72    100
mbp17      24    6     1  108    0.968     0.936     0.998      72    100
mbp18      40   10     2  108    0.966     0.919     0.998      72    100
mbp19      56   14     3  108    0.969     0.934     1.000      72    100
mbp20      72   18     4  108    0.969     0.916     1.003      72    100
mbp21      88   22     5  108    0.973     0.925     1.002      72    100
mbp22     104   26     6  108    0.973     0.920     1.005      72    100
mbp23     120   30     7  108    0.977     0.943     1.005      72    100

across replicates: geomean-of-geomeans 0.969, best 0.977, worst 0.962, spread 1.6%

worst-hit cases (min over replicates):
  0.899  abcijk-eiab-jkec         f64   1m
  0.899  abcijk-eiab-jkec         f64   3m
  0.899  abcijk-eiab-jkec         f64   planar
  0.902  abcijk-jkmc-miab         f64   1m
  0.902  abcijk-jkmc-miab         f64   3m
  0.902  abcijk-jkmc-miab         f64   planar
  0.919  abcijk-eiac-jkeb         f64   1m
  0.919  abcijk-eiac-jkeb         f64   3m

by numa node: 0:0.967(n=3)  1:0.965(n=3)  2:0.964(n=3)  3:0.967(n=3)  4:0.969(n=3)  5:0.972(n=3)  6:0.971(n=3)  7:0.975(n=3)

Decide with the rule at the top of this script, then either
  scripts/phase4e-blocking.sh auto  bench-results/<node>/phase4e   # accepted
  scripts/phase4e-blocking.sh 0  bench-results/<node>/phase4e   # rejected
[2026-08-03T17:34:49-04:00] validate done -- read the decision rule in scripts/validate-placement.sh
[2026-08-03T17:34:49-04:00] outdir: bench-results/worker5040-zen2
validate   rc=0       26 min

########## placement verdict  2026-08-03T17:34:49-04:00 ##########
this session's floor, from 294 cases of the solo pair:
  geomean drift   4.36%
  worst case      22.9%

slot        n  geomean     dev  worst case dev   verdict
p00       294    0.958   4.18%           17.8%      pass
p01       294    0.959   4.06%           17.7%      pass
p02       294    0.961   3.88%           18.6%      pass
p03       294    0.959   4.15%           15.4%      pass
p04       294    0.975   2.46%           17.4%      pass
p05       294    0.974   2.63%           16.9%      pass
p06       294    0.975   2.51%           16.7%      pass
p07       294    0.975   2.52%           18.6%      pass
p08       294    0.960   4.04%           16.3%      pass
p09       294    0.959   4.11%           18.5%      pass
p10       294    0.958   4.16%           19.6%      pass
p11       294    0.961   3.94%           16.0%      pass
p12       294    0.978   2.17%           14.8%      pass
p13       294    0.977   2.28%           13.4%      pass
p14       294    0.977   2.26%           15.7%      pass
p15       294    0.981   1.92%           14.4%      pass
p16       294    0.959   4.09%           16.2%      pass
p17       294    0.959   4.14%           15.1%      pass
p18       294    0.960   4.05%           17.1%      pass
p19       294    0.958   4.19%           16.1%      pass
p20       294    0.977   2.35%           17.3%      pass
p21       294    0.977   2.27%           16.6%      pass
p22       294    0.977   2.26%           15.1%      pass
p23       294    0.980   1.98%           15.8%      pass

worst slot: geomean deviation 4.19% against a 4.36% floor; worst case 19.6% against 22.9%

VERDICT: ACCEPT -- run the grid placed (`auto`)
grid deadline: 2026-08-04T02:55:15-04:00 (job ends 2026-08-04T03:10:15-04:00)
placement ACCEPTED -- running the full grid concurrently

########## stage grid  2026-08-03T17:34:49-04:00 ##########
[2026-08-03T17:34:49-04:00] grid: MC/KC/NC, placement=auto
host worker5040  128 physical cores, SMT width 1, 32 L3 domains
40 arms, 24 concurrent, cpus 0,4,8,16,20,24,32,36,40,48,52,56,64,68,72,80,84,88,96,100,104,112,116,120
  17:45:57 bl-base-f32c32   cpu72   dom18    667.7s  rc=0  self 100%  co-tenants: none
  17:46:32 bl-kc256-f32c32  cpu120  dom30    702.9s  rc=0  self 100%  co-tenants: none
  17:48:24 bl-kc128-f32c32  cpu104  dom26    814.9s  rc=0  self 100%  co-tenants: none
  17:51:58 bl-kc64-f32c32   cpu88   dom22   1028.5s  rc=0  self 100%  co-tenants: none
  17:55:52 bl-kc512-f64c64  cpu80   dom20   1262.7s  rc=0  self 100%  co-tenants: none
  17:56:16 bl-kc384-f64c64  cpu64   dom16   1287.3s  rc=0  self 100%  co-tenants: none
  17:56:33 bl-mc50-f64c64   cpu84   dom21   1304.1s  rc=0  self 100%  co-tenants: none
  17:56:35 bl-mc25-f64c64   cpu68   dom17   1305.6s  rc=0  self 100%  co-tenants: none
  17:56:40 bl-ck512-f64c64  cpu52   dom13   1311.4s  rc=0  self 100%  co-tenants: none
  17:56:48 bl-ck384-f64c64  cpu36   dom9    1319.2s  rc=0  self 100%  co-tenants: none
  17:56:55 bl-mc400-f64c64  cpu116  dom29   1326.2s  rc=0  self 100%  co-tenants: none
  17:57:06 bl-mc200-f64c64  cpu100  dom25   1336.5s  rc=0  self 100%  co-tenants: none
  17:57:07 bl-kc256-f64c64  cpu48   dom12   1337.9s  rc=0  self 100%  co-tenants: none
  17:57:09 bl-base-f64c64   cpu0    dom0    1339.8s  rc=0  self 100%  co-tenants: none
  17:57:12 bl-kc384-f32c32  cpu72   dom18    675.1s  rc=0  self 100%  co-tenants: none
  17:57:13 bl-basem-f64c64  cpu4    dom1    1343.6s  rc=0  self 100%  co-tenants: none
  17:57:14 bl-ck256-f64c64  cpu20   dom5    1344.5s  rc=0  self 100%  co-tenants: none
  17:57:18 bl-base2-f64c64  cpu56   dom14   1349.3s  rc=0  self 100%  co-tenants: none
  17:57:26 bl-nc400-f64c64  cpu24   dom6    1357.5s  rc=0  self 100%  co-tenants: none
  17:57:28 bl-kc512-f32c32  cpu120  dom30    656.4s  rc=0  self 100%  co-tenants: none
  17:58:41 bl-nc25-f64c64   cpu8    dom2    1432.1s  rc=0  self 100%  co-tenants: none
  17:58:42 bl-model-f64c64  cpu40   dom10   1432.9s  rc=0  self 100%  co-tenants: none
  17:59:13 bl-ck128-f64c64  cpu112  dom28   1463.9s  rc=0  self 100%  co-tenants: none
  17:59:22 bl-kc128-f64c64  cpu32   dom8    1472.8s  rc=0  self 100%  co-tenants: none
  18:03:49 bl-kc64-f64c64   cpu16   dom4    1740.0s  rc=0  self 100%  co-tenants: none
  18:04:10 bl-ck64-f64c64   cpu96   dom24   1760.9s  rc=0  self 100%  co-tenants: none
  18:05:46 bl-ck128-f32c32  cpu88   dom22    828.6s  rc=0  self 100%  co-tenants: none
  18:06:03 bl-ck64-f32c32   cpu104  dom26   1058.7s  rc=0  self 100%  co-tenants: none
  18:07:02 bl-basem-f32c32  cpu80   dom20    670.8s  rc=0  self 100%  co-tenants: none
  18:07:33 bl-ck512-f32c32  cpu68   dom17    658.9s  rc=0  self 100%  co-tenants: none
  18:07:42 bl-mc25-f32c32   cpu52   dom13    661.2s  rc=0  self 100%  co-tenants: none
  18:07:44 bl-ck384-f32c32  cpu84   dom21    670.8s  rc=0  self 100%  co-tenants: none
  18:07:50 bl-mc50-f32c32   cpu36   dom9     661.5s  rc=0  self 100%  co-tenants: none
  18:08:03 bl-ck256-f32c32  cpu64   dom16    707.0s  rc=0  self 100%  co-tenants: none
  18:08:07 bl-mc200-f32c32  cpu116  dom29    672.2s  rc=0  self 100%  co-tenants: none
  18:08:19 bl-mc400-f32c32  cpu100  dom25    673.7s  rc=0  self 100%  co-tenants: none
  18:08:23 bl-nc400-f32c32  cpu0    dom0     674.0s  rc=0  self 100%  co-tenants: none
  18:08:26 bl-base2-f32c32  cpu4    dom1     673.7s  rc=0  self 100%  co-tenants: none
  18:09:06 bl-nc25-f32c32   cpu48   dom12    719.1s  rc=0  self 100%  co-tenants: none
  18:09:28 bl-model-f32c32  cpu72   dom18    735.9s  rc=0  self 100%  co-tenants: none

40 arms in 34.6 min wall (sum of arm times 707.3 min)
observed overlap per arm: min 23, max 39
grid complete; score rules with scripts/blocking-score-rules.py
[2026-08-03T18:09:28-04:00] grid done
[2026-08-03T18:09:28-04:00] outdir: bench-results/worker5040-zen2
grid       rc=0       34 min

==========================================================
finished : 2026-08-03T18:09:28-04:00   after 179 min
outdir   : bench-results/worker5040-zen2
----------------------------------------------------------
prep       rc=0        0 min
shapes     rc=0        0 min
threads    rc=0      117 min
validate   rc=0       26 min
verdict    accepted
grid       rc=0       34 min
==========================================================

Nothing here is comparable to any number in DECISIONS.md. Every ratio is
computed within this session, and the noise floor is the one this node's
own bracketing repeats produced -- not the committed +-1.3% / +-6%.
