pinned.sh: cpus 8 idle before and after (attempt 1)
pinned.sh: cpus 8 idle before and after (attempt 1)
pinned.sh: cpus 8 idle before and after (attempt 1)
pinned.sh: cpus 8 idle before and after (attempt 1)
pinned.sh: cpus 8,9,10,11 idle before and after (attempt 1)
pinned.sh: cpus 8,9,10,11 busy after run (attempt 1); discarding it
pinned.sh: no valid run on cpus 8,9,10,11
pinned.sh: cpus 0 idle before and after (attempt 1)
pinned.sh: cpus 0 idle before and after (attempt 1)
pinned.sh: cpus 0 idle before and after (attempt 1)
pinned.sh: cpus 0 idle before and after (attempt 1)
pinned.sh: cpus 0,1,2,3 idle before and after (attempt 1)
pinned.sh: cpus 0,1,2,3 idle before and after (attempt 1)
pinned.sh: cpus 0,1,2,3 idle before and after (attempt 1)
pinned.sh: cpus 0,1,2,3 idle before and after (attempt 1)
pinned.sh: cpus 0,1,2,3,4,5,6,7 idle before and after (attempt 1)
pinned.sh: cpus 0,1,2,3,4,5,6,7 idle before and after (attempt 1)
pinned.sh: cpus 0,1,2,3,4,5,6,7 idle before and after (attempt 1)
pinned.sh: cpus 0,1,2,3,4,5,6,7 idle before and after (attempt 1)
pinned.sh: cpus 0 idle before and after (attempt 1)
pinned.sh: cpus 0 idle before and after (attempt 1)
pinned.sh: cpus 0 idle before and after (attempt 1)
pinned.sh: cpus 0 idle before and after (attempt 1)
pinned.sh: cpus 0,1,2,3 idle before and after (attempt 1)
pinned.sh: cpus 0,1,2,3 idle before and after (attempt 1)
pinned.sh: cpus 0,1,2,3 idle before and after (attempt 1)
pinned.sh: cpus 0,1,2,3 idle before and after (attempt 1)
pinned.sh: cpus 0,1,2,3,4,5,6,7 idle before and after (attempt 1)
pinned.sh: cpus 0,1,2,3,4,5,6,7 idle before and after (attempt 1)
pinned.sh: cpus 0,1,2,3,4,5,6,7 idle before and after (attempt 1)
pinned.sh: cpus 0,1,2,3,4,5,6,7 idle before and after (attempt 1)
pinned.sh: cpus 0 idle before and after (attempt 1)
pinned.sh: cpus 0 idle before and after (attempt 1)
pinned.sh: cpus 0 idle before and after (attempt 1)
pinned.sh: cpus 0 idle before and after (attempt 1)
pinned.sh: cpus 0,1,2,3 idle before and after (attempt 1)
pinned.sh: cpus 0,1,2,3 idle before and after (attempt 1)
pinned.sh: cpus 0,1,2,3 idle before and after (attempt 1)
pinned.sh: cpus 0,1,2,3 idle before and after (attempt 1)
pinned.sh: cpus 0,1,2,3,4,5,6,7 busy after run (attempt 1); discarding it
pinned.sh: no valid run on cpus 0,1,2,3,4,5,6,7
pinned.sh: cpus 8 idle before and after (attempt 1)
pinned.sh: cpus 8 idle before and after (attempt 1)
pinned.sh: cpus 8 idle before and after (attempt 1)
pinned.sh: cpus 8 idle before and after (attempt 1)
pinned.sh: cpus 8,9,10,11 idle before and after (attempt 1)
pinned.sh: cpus 8,9,10,11 busy after run (attempt 1); discarding it
pinned.sh: no valid run on cpus 8,9,10,11
pinned.sh: cpus 0 idle before and after (attempt 1)
pinned.sh: cpus 0 idle before and after (attempt 1)
pinned.sh: cpus 0 idle before and after (attempt 1)
pinned.sh: cpus 0 idle before and after (attempt 1)
pinned.sh: cpus 0,1,2,3 idle before and after (attempt 1)
pinned.sh: cpus 0,1,2,3 idle before and after (attempt 1)
pinned.sh: cpus 0,1,2,3 idle before and after (attempt 1)
pinned.sh: cpus 0,1,2,3 idle before and after (attempt 1)
pinned.sh: cpus 0,1,2,3,4,5,6,7 idle before and after (attempt 1)
pinned.sh: cpus 0,1,2,3,4,5,6,7 idle before and after (attempt 1)
pinned.sh: cpus 0,1,2,3,4,5,6,7 idle before and after (attempt 1)
pinned.sh: cpus 0,1,2,3,4,5,6,7 idle before and after (attempt 1)
pinned.sh: cpus 0 idle before and after (attempt 1)
pinned.sh: cpus 0 idle before and after (attempt 1)
pinned.sh: cpus 0 idle before and after (attempt 1)
pinned.sh: cpus 0 idle before and after (attempt 1)
pinned.sh: cpus 0,1,2,3 idle before and after (attempt 1)
pinned.sh: cpus 0,1,2,3 idle before and after (attempt 1)
pinned.sh: cpus 0,1,2,3 idle before and after (attempt 1)
pinned.sh: cpus 0,1,2,3 idle before and after (attempt 1)
pinned.sh: cpus 0,1,2,3,4,5,6,7 idle before and after (attempt 1)
pinned.sh: cpus 0,1,2,3,4,5,6,7 idle before and after (attempt 1)
pinned.sh: cpus 0,1,2,3,4,5,6,7 idle before and after (attempt 1)
pinned.sh: cpus 0,1,2,3,4,5,6,7 idle before and after (attempt 1)
pinned.sh: cpus 0 idle before and after (attempt 1)
pinned.sh: cpus 0 idle before and after (attempt 1)
pinned.sh: cpus 0 idle before and after (attempt 1)
pinned.sh: cpus 0 idle before and after (attempt 1)
pinned.sh: cpus 0,1,2,3 idle before and after (attempt 1)
pinned.sh: cpus 0,1,2,3 idle before and after (attempt 1)
pinned.sh: cpus 0,1,2,3 idle before and after (attempt 1)
pinned.sh: cpus 0,1,2,3 idle before and after (attempt 1)
pinned.sh: cpus 0,1,2,3,4,5,6,7 idle before and after (attempt 1)
pinned.sh: cpus 0,1,2,3,4,5,6,7 idle before and after (attempt 1)
pinned.sh: cpus 0,1,2,3,4,5,6,7 idle before and after (attempt 1)
pinned.sh: cpus 0,1,2,3,4,5,6,7 idle before and after (attempt 1)
pinned.sh: cpus 0 idle before and after (attempt 1)
pinned.sh: cpus 0 idle before and after (attempt 1)
pinned.sh: cpus 0 busy before run (attempt 1); waiting
pinned.sh: no valid run on cpus 0
pinned.sh: cpus 0 idle before and after (attempt 1)
pinned.sh: cpus 0 idle before and after (attempt 1)
pinned.sh: cpus 0 idle before and after (attempt 1)
pinned.sh: cpus 0 idle before and after (attempt 1)
pinned.sh: cpus 0,1,2,3 idle before and after (attempt 1)
pinned.sh: cpus 0,1,2,3 idle before and after (attempt 1)
pinned.sh: cpus 0,1,2,3 idle before and after (attempt 1)
pinned.sh: cpus 0,1,2,3 idle before and after (attempt 1)
pinned.sh: cpus 0,1,2,3,4,5,6,7 idle before and after (attempt 1)
pinned.sh: cpus 0,1,2,3,4,5,6,7 idle before and after (attempt 1)
pinned.sh: cpus 0,1,2,3,4,5,6,7 idle before and after (attempt 1)
pinned.sh: cpus 0,1,2,3,4,5,6,7 idle before and after (attempt 1)
pinned.sh: cpus 0 idle before and after (attempt 1)
pinned.sh: cpus 0 idle before and after (attempt 1)
pinned.sh: cpus 0 idle before and after (attempt 1)
pinned.sh: cpus 0 idle before and after (attempt 1)
pinned.sh: cpus 0,1,2,3 idle before and after (attempt 1)
pinned.sh: cpus 0,1,2,3 idle before and after (attempt 1)
pinned.sh: cpus 0,1,2,3 idle before and after (attempt 1)
pinned.sh: cpus 0,1,2,3 idle before and after (attempt 1)
pinned.sh: cpus 0,1,2,3,4,5,6,7 idle before and after (attempt 1)
pinned.sh: cpus 0,1,2,3,4,5,6,7 idle before and after (attempt 1)
pinned.sh: cpus 0,1,2,3,4,5,6,7 idle before and after (attempt 1)
pinned.sh: cpus 0,1,2,3,4,5,6,7 idle before and after (attempt 1)
pinned.sh: cpus 0 idle before and after (attempt 1)
pinned.sh: cpus 0 idle before and after (attempt 1)
pinned.sh: cpus 0 idle before and after (attempt 1)
pinned.sh: cpus 0 idle before and after (attempt 1)
pinned.sh: cpus 0,1,2,3 idle before and after (attempt 1)
pinned.sh: cpus 0,1,2,3 idle before and after (attempt 1)
pinned.sh: cpus 0,1,2,3 idle before and after (attempt 1)
pinned.sh: cpus 0,1,2,3 busy before run (attempt 1); waiting
pinned.sh: no valid run on cpus 0,1,2,3
pinned.sh: cpus 0 idle before and after (attempt 1)
pinned.sh: cpus 0 idle before and after (attempt 1)
pinned.sh: cpus 0 idle before and after (attempt 1)
pinned.sh: cpus 0 idle before and after (attempt 1)
pinned.sh: cpus 0,1,2,3 idle before and after (attempt 1)
pinned.sh: cpus 0,1,2,3 idle before and after (attempt 1)
pinned.sh: cpus 0,1,2,3 idle before and after (attempt 1)
pinned.sh: cpus 0,1,2,3 idle before and after (attempt 1)
pinned.sh: cpus 0,1,2,3,4,5,6,7 idle before and after (attempt 1)
pinned.sh: cpus 0,1,2,3,4,5,6,7 idle before and after (attempt 1)
pinned.sh: cpus 0,1,2,3,4,5,6,7 idle before and after (attempt 1)
pinned.sh: cpus 0,1,2,3,4,5,6,7 idle before and after (attempt 1)
pinned.sh: cpus 0 idle before and after (attempt 1)
pinned.sh: cpus 0 idle before and after (attempt 1)
pinned.sh: cpus 0 idle before and after (attempt 1)
pinned.sh: cpus 0 idle before and after (attempt 1)
pinned.sh: cpus 0,1,2,3 busy before run (attempt 1); waiting
pinned.sh: no valid run on cpus 0,1,2,3
pinned.sh: cpus 0 idle before and after (attempt 1)
pinned.sh: cpus 0 idle before and after (attempt 1)
pinned.sh: cpus 0 idle before and after (attempt 1)
pinned.sh: cpus 0 idle before and after (attempt 1)
pinned.sh: cpus 0,1,2,3 idle before and after (attempt 1)
pinned.sh: cpus 0,1,2,3 idle before and after (attempt 1)
pinned.sh: cpus 0,1,2,3 idle before and after (attempt 1)
pinned.sh: cpus 0,1,2,3 idle before and after (attempt 1)
pinned.sh: cpus 0,1,2,3,4,5,6,7 idle before and after (attempt 1)
pinned.sh: cpus 0,1,2,3,4,5,6,7 idle before and after (attempt 1)
pinned.sh: cpus 0,1,2,3,4,5,6,7 idle before and after (attempt 1)
pinned.sh: cpus 0,1,2,3,4,5,6,7 idle before and after (attempt 1)
pinned.sh: cpus 0 idle before and after (attempt 1)
pinned.sh: cpus 0 idle before and after (attempt 1)
pinned.sh: cpus 0 idle before and after (attempt 1)
pinned.sh: cpus 0 idle before and after (attempt 1)
pinned.sh: cpus 0,1,2,3 idle before and after (attempt 1)
pinned.sh: cpus 0,1,2,3 idle before and after (attempt 1)
pinned.sh: cpus 0,1,2,3 idle before and after (attempt 1)
pinned.sh: cpus 0,1,2,3 idle before and after (attempt 1)
pinned.sh: cpus 0,1,2,3,4,5,6,7 idle before and after (attempt 1)
pinned.sh: cpus 0,1,2,3,4,5,6,7 idle before and after (attempt 1)
pinned.sh: cpus 0,1,2,3,4,5,6,7 idle before and after (attempt 1)
pinned.sh: cpus 0,1,2,3,4,5,6,7 idle before and after (attempt 1)
pinned.sh: cpus 0 idle before and after (attempt 1)
pinned.sh: cpus 0 idle before and after (attempt 1)
pinned.sh: cpus 0 idle before and after (attempt 1)
pinned.sh: cpus 0 idle before and after (attempt 1)
pinned.sh: cpus 0,1,2,3 idle before and after (attempt 1)
pinned.sh: cpus 0,1,2,3 idle before and after (attempt 1)
pinned.sh: cpus 0,1,2,3 idle before and after (attempt 1)
pinned.sh: cpus 0,1,2,3 idle before and after (attempt 1)
pinned.sh: cpus 0,1,2,3,4,5,6,7 idle before and after (attempt 1)
pinned.sh: cpus 0,1,2,3,4,5,6,7 idle before and after (attempt 1)
pinned.sh: cpus 0,1,2,3,4,5,6,7 idle before and after (attempt 1)
pinned.sh: cpus 0,1,2,3,4,5,6,7 idle before and after (attempt 1)
pinned.sh: cpus 0 idle before and after (attempt 1)
pinned.sh: cpus 0 idle before and after (attempt 1)
pinned.sh: cpus 0 idle before and after (attempt 1)
pinned.sh: cpus 0 idle before and after (attempt 1)
pinned.sh: cpus 0,1,2,3 idle before and after (attempt 1)
pinned.sh: cpus 0,1,2,3 idle before and after (attempt 1)
pinned.sh: cpus 0,1,2,3 idle before and after (attempt 1)
pinned.sh: cpus 0,1,2,3 idle before and after (attempt 1)
pinned.sh: cpus 0,1,2,3,4,5,6,7 idle before and after (attempt 1)
pinned.sh: cpus 0,1,2,3,4,5,6,7 idle before and after (attempt 1)
pinned.sh: cpus 0,1,2,3,4,5,6,7 idle before and after (attempt 1)
pinned.sh: cpus 0,1,2,3,4,5,6,7 idle before and after (attempt 1)
pinned.sh: cpus 0 idle before and after (attempt 1)
pinned.sh: cpus 0 idle before and after (attempt 1)
pinned.sh: cpus 0 idle before and after (attempt 1)
pinned.sh: cpus 0 idle before and after (attempt 1)
pinned.sh: cpus 0,1,2,3 idle before and after (attempt 1)
pinned.sh: cpus 0,1,2,3 idle before and after (attempt 1)
pinned.sh: cpus 0,1,2,3 idle before and after (attempt 1)
pinned.sh: cpus 0,1,2,3 idle before and after (attempt 1)
pinned.sh: cpus 0,1,2,3,4,5,6,7 idle before and after (attempt 1)
pinned.sh: cpus 0,1,2,3,4,5,6,7 idle before and after (attempt 1)
pinned.sh: cpus 0,1,2,3,4,5,6,7 idle before and after (attempt 1)
pinned.sh: cpus 0,1,2,3,4,5,6,7 idle before and after (attempt 1)
pinned.sh: cpus 0 idle before and after (attempt 1)
pinned.sh: cpus 0 idle before and after (attempt 1)
pinned.sh: cpus 0 idle before and after (attempt 1)
pinned.sh: cpus 0 idle before and after (attempt 1)
pinned.sh: cpus 0,1,2,3 idle before and after (attempt 1)
pinned.sh: cpus 0,1,2,3 idle before and after (attempt 1)
pinned.sh: cpus 0,1,2,3 idle before and after (attempt 1)
pinned.sh: cpus 0,1,2,3 idle before and after (attempt 1)
pinned.sh: cpus 0,1,2,3,4,5,6,7 idle before and after (attempt 1)
pinned.sh: cpus 0,1,2,3,4,5,6,7 idle before and after (attempt 1)
pinned.sh: cpus 0,1,2,3,4,5,6,7 idle before and after (attempt 1)
pinned.sh: cpus 0,1,2,3,4,5,6,7 idle before and after (attempt 1)
pinned.sh: cpus 0 idle before and after (attempt 1)
pinned.sh: cpus 0 idle before and after (attempt 1)
pinned.sh: cpus 0 idle before and after (attempt 1)
pinned.sh: cpus 0 idle before and after (attempt 1)
pinned.sh: cpus 0,1,2,3 idle before and after (attempt 1)
pinned.sh: cpus 0,1,2,3 idle before and after (attempt 1)
pinned.sh: cpus 0,1,2,3 idle before and after (attempt 1)
pinned.sh: cpus 0,1,2,3 idle before and after (attempt 1)
pinned.sh: cpus 0,1,2,3,4,5,6,7 idle before and after (attempt 1)
pinned.sh: cpus 0,1,2,3,4,5,6,7 idle before and after (attempt 1)
pinned.sh: cpus 0,1,2,3,4,5,6,7 idle before and after (attempt 1)
pinned.sh: cpus 0,1,2,3,4,5,6,7 idle before and after (attempt 1)
pinned.sh: cpus 0 idle before and after (attempt 1)
pinned.sh: cpus 0 idle before and after (attempt 1)
pinned.sh: cpus 0 idle before and after (attempt 1)
pinned.sh: cpus 0 idle before and after (attempt 1)
pinned.sh: cpus 0,1,2,3 idle before and after (attempt 1)
pinned.sh: cpus 0,1,2,3 idle before and after (attempt 1)
pinned.sh: cpus 0,1,2,3 idle before and after (attempt 1)
pinned.sh: cpus 0,1,2,3 idle before and after (attempt 1)
pinned.sh: cpus 0,1,2,3,4,5,6,7 idle before and after (attempt 1)
pinned.sh: cpus 0,1,2,3,4,5,6,7 idle before and after (attempt 1)
pinned.sh: cpus 0,1,2,3,4,5,6,7 idle before and after (attempt 1)
pinned.sh: cpus 0,1,2,3,4,5,6,7 idle before and after (attempt 1)
pinned.sh: cpus 0 idle before and after (attempt 1)
pinned.sh: cpus 0 idle before and after (attempt 1)
pinned.sh: cpus 0 idle before and after (attempt 1)
pinned.sh: cpus 0 idle before and after (attempt 1)
pinned.sh: cpus 0,1,2,3 idle before and after (attempt 1)
pinned.sh: cpus 0,1,2,3 idle before and after (attempt 1)
pinned.sh: cpus 0,1,2,3 idle before and after (attempt 1)
pinned.sh: cpus 0,1,2,3 idle before and after (attempt 1)
pinned.sh: cpus 0,1,2,3,4,5,6,7 idle before and after (attempt 1)
pinned.sh: cpus 0,1,2,3,4,5,6,7 idle before and after (attempt 1)
pinned.sh: cpus 0,1,2,3,4,5,6,7 idle before and after (attempt 1)
pinned.sh: cpus 0,1,2,3,4,5,6,7 idle before and after (attempt 1)
pinned.sh: cpus 0 idle before and after (attempt 1)
pinned.sh: cpus 0 idle before and after (attempt 1)
pinned.sh: cpus 0 idle before and after (attempt 1)
pinned.sh: cpus 0 idle before and after (attempt 1)
pinned.sh: cpus 0,1,2,3 idle before and after (attempt 1)
pinned.sh: cpus 0,1,2,3 idle before and after (attempt 1)
pinned.sh: cpus 0,1,2,3 idle before and after (attempt 1)
pinned.sh: cpus 0,1,2,3 idle before and after (attempt 1)
pinned.sh: cpus 0,1,2,3,4,5,6,7 idle before and after (attempt 1)
pinned.sh: cpus 0,1,2,3,4,5,6,7 idle before and after (attempt 1)
pinned.sh: cpus 0,1,2,3,4,5,6,7 idle before and after (attempt 1)
pinned.sh: cpus 0,1,2,3,4,5,6,7 idle before and after (attempt 1)
pinned.sh: cpus 0 idle before and after (attempt 1)
pinned.sh: cpus 0 idle before and after (attempt 1)
pinned.sh: cpus 0 idle before and after (attempt 1)
pinned.sh: cpus 0 idle before and after (attempt 1)
pinned.sh: cpus 0,1,2,3 idle before and after (attempt 1)
pinned.sh: cpus 0,1,2,3 idle before and after (attempt 1)
pinned.sh: cpus 0,1,2,3 idle before and after (attempt 1)
pinned.sh: cpus 0,1,2,3 idle before and after (attempt 1)
pinned.sh: cpus 0,1,2,3,4,5,6,7 idle before and after (attempt 1)
pinned.sh: cpus 0,1,2,3,4,5,6,7 idle before and after (attempt 1)
pinned.sh: cpus 0,1,2,3,4,5,6,7 idle before and after (attempt 1)
pinned.sh: cpus 0,1,2,3,4,5,6,7 idle before and after (attempt 1)
pinned.sh: cpus 0 idle before and after (attempt 1)
pinned.sh: cpus 0 idle before and after (attempt 1)
pinned.sh: cpus 0 idle before and after (attempt 1)
pinned.sh: cpus 0 idle before and after (attempt 1)
pinned.sh: cpus 0,1,2,3 idle before and after (attempt 1)
pinned.sh: cpus 0,1,2,3 idle before and after (attempt 1)
pinned.sh: cpus 0,1,2,3 idle before and after (attempt 1)
pinned.sh: cpus 0,1,2,3 idle before and after (attempt 1)
pinned.sh: cpus 0,1,2,3,4,5,6,7 idle before and after (attempt 1)
pinned.sh: cpus 0,1,2,3,4,5,6,7 idle before and after (attempt 1)
pinned.sh: cpus 0,1,2,3,4,5,6,7 idle before and after (attempt 1)
pinned.sh: cpus 0,1,2,3,4,5,6,7 idle before and after (attempt 1)
