host            : worker5137
slurm           : job 6751550 on worker5137
cpus allowed    : 128 of 128 online (0-127)
physical cores  : 128   SMT width 1  (SMT off: no sibling to contend with)
sockets         : 0:64c  1:64c
numa nodes      : 0:16c  1:16c  2:16c  3:16c  4:16c  5:16c  6:16c  7:16c
L1              : 32K 8-way, shared by 1 logical cpus
L2              : 512K 8-way, shared by 1 logical cpus
L3              : 16384K 16-way, shared by 4 logical cpus
L3 domains      : 32, 4 cpus each (16384K per domain)

placement       : 24 concurrent arms of 32 domains, one core per domain, rest of each domain idle
                  cpus 0,4,8,16,20,24,32,36,40,48,52,56,64,68,72,80,84,88,96,100,104,112,116,120
                  per numa node: 0:3  1:3  2:3  3:3  4:3  5:3  6:3  7:3

wrote bench-results/worker5137-zen2/phase4f/topology.json
cpuset 0,1,2,3,4,5,6,7,8,9,10,11,12,13,14,15,16,17,18,19,20,21,22,23,24,25,26,27,28,29,30,31,32,33,34,35,36,37,38,39,40,41,42,43,44,45,46,47,48,49,50,51,52,53,54,55,56,57,58,59,60,61,62,63: 64 logical CPUs on 64 physical cores
threads will run on cpus 0,1,2,3,4,5,6,7,8,9,10,11,12,13,14,15,16,17,18,19,20,21,22,23,24,25,26,27,28,29,30,31,32,33,34,35,36,37,38,39,40,41,42,43,44,45,46,47,48,49,50,51,52,53,54,55,56,57,58,59,60,61,62,63 (64 cores); thread counts:1 4 16 64
partition arms at 64 threads
  09:11:58 th-t1-f64c64 done: in-cpuset  n=1 busy min 100% mean 100% max 100%|rest of allocation n=127 busy mean 0.0% max 0.5%|exclusivity ok: nothing else in the allocation above 5%|
  09:17:54 th-t4-f64c64 done: in-cpuset  n=4 busy min 95% mean 95% max 96%|rest of allocation n=124 busy mean 0.0% max 1.1%|exclusivity ok: nothing else in the allocation above 5%|
  09:20:09 th-t16-f64c64 done: in-cpuset  n=16 busy min 69% mean 73% max 75%|rest of allocation n=112 busy mean 0.0% max 0.6%|exclusivity ok: nothing else in the allocation above 5%|
  09:22:24 th-t64-f64c64 done: in-cpuset  n=64 busy min 28% mean 37% max 48%|rest of allocation n=64 busy mean 0.1% max 1.1%|exclusivity ok: nothing else in the allocation above 5%|
  09:24:41 th-t64-pm-f64c64 done: in-cpuset  n=64 busy min 26% mean 36% max 48%|rest of allocation n=64 busy mean 0.1% max 1.0%|exclusivity ok: nothing else in the allocation above 5%|
  09:27:54 th-t64-pn-f64c64 done: in-cpuset  n=64 busy min 53% mean 63% max 69%|rest of allocation n=64 busy mean 0.1% max 1.1%|exclusivity ok: nothing else in the allocation above 5%|
  09:28:20 ps-t4-m-f64c64 done: in-cpuset  n=4 busy min 75% mean 76% max 77%|rest of allocation n=124 busy mean 0.0% max 1.2%|exclusivity ok: nothing else in the allocation above 5%|
  09:28:47 ps-t4-n-f64c64 done: in-cpuset  n=4 busy min 75% mean 77% max 79%|rest of allocation n=124 busy mean 0.1% max 1.4%|exclusivity ok: nothing else in the allocation above 5%|
  09:29:13 ps-t4-rule-f64c64 done: in-cpuset  n=4 busy min 73% mean 76% max 79%|rest of allocation n=124 busy mean 0.0% max 1.4%|exclusivity ok: nothing else in the allocation above 5%|
  09:29:32 ps-t16-m-f64c64 done: in-cpuset  n=16 busy min 28% mean 38% max 42%|rest of allocation n=112 busy mean 0.1% max 1.6%|exclusivity ok: nothing else in the allocation above 5%|
  09:29:49 ps-t16-n-f64c64 done: in-cpuset  n=16 busy min 51% mean 55% max 70%|rest of allocation n=112 busy mean 0.0% max 1.4%|exclusivity ok: nothing else in the allocation above 5%|
  09:30:08 ps-t16-rule-f64c64 done: in-cpuset  n=16 busy min 12% mean 39% max 43%|rest of allocation n=112 busy mean 0.1% max 1.3%|exclusivity ok: nothing else in the allocation above 5%|
  09:30:29 ps-t64-m-f64c64 done: in-cpuset  n=64 busy min 5% mean 15% max 38%|rest of allocation n=64 busy mean 0.1% max 1.6%|exclusivity ok: nothing else in the allocation above 5%|
  09:30:47 ps-t64-n-f64c64 done: in-cpuset  n=64 busy min 32% mean 41% max 49%|rest of allocation n=64 busy mean 0.1% max 1.3%|exclusivity ok: nothing else in the allocation above 5%|
  09:31:07 ps-t64-rule-f64c64 done: in-cpuset  n=64 busy min 3% mean 15% max 27%|rest of allocation n=64 busy mean 0.1% max 1.2%|exclusivity ok: nothing else in the allocation above 5%|
  09:53:26 th-t1b-f64c64 done: in-cpuset  n=1 busy min 100% mean 100% max 100%|rest of allocation n=127 busy mean 0.0% max 0.7%|exclusivity ok: nothing else in the allocation above 5%|
done f64c64
  10:04:44 th-t1-f32c32 done: in-cpuset  n=1 busy min 100% mean 100% max 100%|rest of allocation n=127 busy mean 0.0% max 1.2%|exclusivity ok: nothing else in the allocation above 5%|
  10:07:49 th-t4-f32c32 done: in-cpuset  n=4 busy min 93% mean 94% max 95%|rest of allocation n=124 busy mean 0.0% max 1.2%|exclusivity ok: nothing else in the allocation above 5%|
  10:09:06 th-t16-f32c32 done: in-cpuset  n=16 busy min 56% mean 64% max 68%|rest of allocation n=112 busy mean 0.1% max 1.4%|exclusivity ok: nothing else in the allocation above 5%|
  10:10:21 th-t64-f32c32 done: in-cpuset  n=64 busy min 17% mean 27% max 41%|rest of allocation n=64 busy mean 0.1% max 1.2%|exclusivity ok: nothing else in the allocation above 5%|
  10:11:35 th-t64-pm-f32c32 done: in-cpuset  n=64 busy min 17% mean 26% max 35%|rest of allocation n=64 busy mean 0.1% max 1.4%|exclusivity ok: nothing else in the allocation above 5%|
  10:13:02 th-t64-pn-f32c32 done: in-cpuset  n=64 busy min 50% mean 58% max 66%|rest of allocation n=64 busy mean 0.1% max 1.1%|exclusivity ok: nothing else in the allocation above 5%|
  10:13:17 ps-t4-m-f32c32 done: in-cpuset  n=4 busy min 67% mean 70% max 72%|rest of allocation n=124 busy mean 0.1% max 2.9%|exclusivity ok: nothing else in the allocation above 5%|
  10:13:33 ps-t4-n-f32c32 done: in-cpuset  n=4 busy min 64% mean 70% max 75%|rest of allocation n=124 busy mean 0.0% max 1.4%|exclusivity ok: nothing else in the allocation above 5%|
  10:13:48 ps-t4-rule-f32c32 done: in-cpuset  n=4 busy min 65% mean 70% max 72%|rest of allocation n=124 busy mean 0.0% max 0.9%|exclusivity ok: nothing else in the allocation above 5%|
  10:14:00 ps-t16-m-f32c32 done: in-cpuset  n=16 busy min 22% mean 31% max 38%|rest of allocation n=112 busy mean 0.0% max 1.0%|exclusivity ok: nothing else in the allocation above 5%|
  10:14:10 ps-t16-n-f32c32 done: in-cpuset  n=16 busy min 41% mean 45% max 69%|rest of allocation n=112 busy mean 0.0% max 1.0%|exclusivity ok: nothing else in the allocation above 5%|
  10:14:23 ps-t16-rule-f32c32 done: in-cpuset  n=16 busy min 24% mean 30% max 40%|rest of allocation n=112 busy mean 0.1% max 2.7%|exclusivity ok: nothing else in the allocation above 5%|
  10:14:36 ps-t64-m-f32c32 done: in-cpuset  n=64 busy min 1% mean 11% max 26%|rest of allocation n=64 busy mean 0.0% max 0.8%|exclusivity ok: nothing else in the allocation above 5%|
  10:14:47 ps-t64-n-f32c32 done: in-cpuset  n=64 busy min 25% mean 32% max 46%|rest of allocation n=64 busy mean 0.0% max 0.9%|exclusivity ok: nothing else in the allocation above 5%|
  10:15:00 ps-t64-rule-f32c32 done: in-cpuset  n=64 busy min 1% mean 11% max 37%|rest of allocation n=64 busy mean 0.1% max 0.9%|exclusivity ok: nothing else in the allocation above 5%|
  10:26:29 th-t1b-f32c32 done: in-cpuset  n=1 busy min 100% mean 100% max 100%|rest of allocation n=127 busy mean 0.0% max 1.1%|exclusivity ok: nothing else in the allocation above 5%|
done f32c32

this node's noise floor (t1 vs its bracketing repeat):
== f64c64 t1 vs t1b
dtype  engine  or   n  geomean     min     max
  c64      1m  AB  37    0.972   0.835   1.010
  c64      1m  BA  12    0.974   0.951   0.996
  c64      3m  AB  37    0.971   0.870   0.998
  c64      3m  BA  12    0.975   0.929   0.994
  c64  planar  AB  37    0.973   0.869   0.996
  c64  planar  BA  12    0.978   0.959   0.995
  f64      1m  AB  37    0.971   0.858   1.007
  f64      1m  BA  12    0.964   0.921   0.988
  f64      3m  AB  37    0.971   0.858   1.007
  f64      3m  BA  12    0.964   0.921   0.988
  f64  planar  AB  37    0.971   0.858   1.007
  f64  planar  BA  12    0.964   0.921   0.988

--- outside the +/-6% per-case noise floor (40 of 294) ---
  0.835      adbjc-cbdka-kj  c64      1m  AB     10.2 ->     8.5
  0.858        abjc-cbka-kj  f64      1m  AB     12.6 ->    10.8
  0.858        abjc-cbka-kj  f64      3m  AB     12.6 ->    10.8
  0.858        abjc-cbka-kj  f64  planar  AB     12.6 ->    10.8
  0.869      adbjc-cbdka-kj  c64  planar  AB     11.1 ->     9.7
== f32c32 t1 vs t1b
dtype  engine  or   n  geomean     min     max
  c32      1m  AB  37    0.971   0.904   1.065
  c32      1m  BA  12    0.955   0.810   0.986
  c32      3m  AB  37    0.978   0.920   1.032
  c32      3m  BA  12    0.960   0.821   0.992
  c32  planar  AB  37    0.979   0.946   0.997
  c32  planar  BA  12    0.968   0.865   0.993
  f32      1m  AB  37    0.957   0.794   0.997
  f32      1m  BA  12    0.945   0.844   0.989
  f32      3m  AB  37    0.957   0.794   0.997
  f32      3m  BA  12    0.945   0.844   0.989
  f32  planar  AB  37    0.957   0.794   0.997
  f32  planar  BA  12    0.945   0.844   0.989

--- outside the +/-6% per-case noise floor (56 of 294) ---
  0.794        ijk-ilmk-mjl  f32      1m  AB     44.2 ->    35.0
  0.794        ijk-ilmk-mjl  f32      3m  AB     44.2 ->    35.0
  0.794        ijk-ilmk-mjl  f32  planar  AB     44.2 ->    35.0
  0.810        abcs-rc-abrs  c32      1m  BA     62.3 ->    50.5
  0.821        abcs-rc-abrs  c32      3m  BA     59.0 ->    48.4

scaling, each arm against the 1-thread arm:
== f64c64 t4
dtype  engine  or   n  geomean     min     max
  c64      1m  AB  37    3.711   3.191   3.955
  c64      1m  BA  12    3.736   3.546   3.945
  c64      3m  AB  37    3.772   3.302   3.995
  c64      3m  BA  12    3.817   3.598   3.953
  c64  planar  AB  37    3.737   3.221   3.969
  c64  planar  BA  12    3.797   3.751   3.968
  f64      1m  AB  37    3.408   2.174   3.899
  f64      1m  BA  12    3.388   2.977   3.856
  f64      3m  AB  37    3.408   2.174   3.899
  f64      3m  BA  12    3.388   2.977   3.856
  f64  planar  AB  37    3.408   2.174   3.899
  f64  planar  BA  12    3.388   2.977   3.856

--- outside the +/-6% per-case noise floor (294 of 294) ---
  2.174        ajbc-ckba-jk  f64      1m  AB     19.1 ->    41.5
  2.174        ajbc-ckba-jk  f64      3m  AB     19.1 ->    41.5
  2.174        ajbc-ckba-jk  f64  planar  AB     19.1 ->    41.5
  2.489        abjc-cbka-kj  f64      1m  AB     12.6 ->    31.4
  2.489        abjc-cbka-kj  f64      3m  AB     12.6 ->    31.4
== f64c64 t16
dtype  engine  or   n  geomean     min     max
  c64      1m  AB  37    7.894   3.267  13.611
  c64      1m  BA  12    6.218   4.335   9.673
  c64      3m  AB  37    8.395   3.074  13.676
  c64      3m  BA  12    7.309   6.366   9.526
  c64  planar  AB  37    8.222   3.605  13.968
  c64  planar  BA  12    6.751   5.176   9.966
  f64      1m  AB  37    6.045   2.785  12.110
  f64      1m  BA  12    4.674   3.368   8.529
  f64      3m  AB  37    6.045   2.785  12.110
  f64      3m  BA  12    4.674   3.368   8.529
  f64  planar  AB  37    6.045   2.785  12.110
  f64  planar  BA  12    4.674   3.368   8.529

--- outside the +/-6% per-case noise floor (294 of 294) ---
  2.785        ajbc-ckba-jk  f64      1m  AB     19.1 ->    53.2
  2.785        ajbc-ckba-jk  f64      3m  AB     19.1 ->    53.2
  2.785        ajbc-ckba-jk  f64  planar  AB     19.1 ->    53.2
  3.074        aqrs-pa-pqrs  c64      3m  AB     30.7 ->    94.4
  3.093        abjc-cbka-kj  f64      1m  AB     12.6 ->    39.1
== f64c64 t64
dtype  engine  or   n  geomean     min     max
  c64      1m  AB  37    7.758   2.883  15.220
  c64      1m  BA  12    5.429   3.566   8.562
  c64      3m  AB  37    8.238   2.588  14.340
  c64      3m  BA  12    6.592   4.700  10.354
  c64  planar  AB  37    8.274   2.976  15.957
  c64  planar  BA  12    6.132   3.959  11.418
  f64      1m  AB  37    5.968   2.074  13.493
  f64      1m  BA  12    4.391   2.477   6.150
  f64      3m  AB  37    5.968   2.074  13.493
  f64      3m  BA  12    4.391   2.477   6.150
  f64  planar  AB  37    5.968   2.074  13.493
  f64  planar  BA  12    4.391   2.477   6.150

--- outside the +/-6% per-case noise floor (294 of 294) ---
  2.074          ij-ikl-ljk  f64      1m  AB     33.7 ->    69.8
  2.074          ij-ikl-ljk  f64      3m  AB     33.7 ->    69.8
  2.074          ij-ikl-ljk  f64  planar  AB     33.7 ->    69.8
  2.272          ij-kil-lkj  f64      1m  AB     33.0 ->    75.0
  2.272          ij-kil-lkj  f64      3m  AB     33.0 ->    75.0
== f32c32 t4
dtype  engine  or   n  geomean     min     max
  c32      1m  AB  37    3.729   2.796   3.997
  c32      1m  BA  12    3.807   3.643   3.992
  c32      3m  AB  37    3.733   2.705   3.943
  c32      3m  BA  12    3.855   3.640   3.970
  c32  planar  AB  37    3.732   2.683   4.045
  c32  planar  BA  12    3.848   3.763   3.911
  f32      1m  AB  37    3.424   1.562   3.929
  f32      1m  BA  12    3.486   3.175   3.745
  f32      3m  AB  37    3.424   1.562   3.929
  f32      3m  BA  12    3.486   3.175   3.745
  f32  planar  AB  37    3.424   1.562   3.929
  f32  planar  BA  12    3.486   3.175   3.745

--- outside the +/-6% per-case noise floor (294 of 294) ---
  1.562        ajbc-ckba-jk  f32      1m  AB     32.2 ->    50.2
  1.562        ajbc-ckba-jk  f32      3m  AB     32.2 ->    50.2
  1.562        ajbc-ckba-jk  f32  planar  AB     32.2 ->    50.2
  2.216        aqrs-pa-pqrs  f32      1m  AB     44.3 ->    98.1
  2.216        aqrs-pa-pqrs  f32      3m  AB     44.3 ->    98.1
== f32c32 t16
dtype  engine  or   n  geomean     min     max
  c32      1m  AB  37    7.975   4.463  13.829
  c32      1m  BA  12    6.026   4.684   9.267
  c32      3m  AB  37    7.887   4.034  13.371
  c32      3m  BA  12    6.324   5.093   8.692
  c32  planar  AB  37    8.013   4.281  14.713
  c32  planar  BA  12    6.685   5.195   9.448
  f32      1m  AB  37    6.343   2.049  12.417
  f32      1m  BA  12    5.503   4.312   7.715
  f32      3m  AB  37    6.343   2.049  12.417
  f32      3m  BA  12    5.503   4.312   7.715
  f32  planar  AB  37    6.343   2.049  12.417
  f32  planar  BA  12    5.503   4.312   7.715

--- outside the +/-6% per-case noise floor (294 of 294) ---
  2.049        ajbc-ckba-jk  f32      1m  AB     32.2 ->    65.9
  2.049        ajbc-ckba-jk  f32      3m  AB     32.2 ->    65.9
  2.049        ajbc-ckba-jk  f32  planar  AB     32.2 ->    65.9
  2.838        abjc-cbka-kj  f32      1m  AB     16.5 ->    46.9
  2.838        abjc-cbka-kj  f32      3m  AB     16.5 ->    46.9
== f32c32 t64
dtype  engine  or   n  geomean     min     max
  c32      1m  AB  37    7.985   3.126  17.206
  c32      1m  BA  12    5.100   3.248   7.821
  c32      3m  AB  37    7.622   3.491  15.295
  c32      3m  BA  12    5.212   3.566   7.352
  c32  planar  AB  37    8.099   3.762  18.156
  c32  planar  BA  12    5.728   3.746   7.923
  f32      1m  AB  37    5.635   2.414  12.216
  f32      1m  BA  12    4.549   3.073   6.895
  f32      3m  AB  37    5.635   2.414  12.216
  f32      3m  BA  12    4.549   3.073   6.895
  f32  planar  AB  37    5.635   2.414  12.216
  f32  planar  BA  12    4.549   3.073   6.895

--- outside the +/-6% per-case noise floor (294 of 294) ---
  2.414        ajbc-ckba-jk  f32      1m  AB     32.2 ->    77.6
  2.414        ajbc-ckba-jk  f32      3m  AB     32.2 ->    77.6
  2.414        ajbc-ckba-jk  f32  planar  AB     32.2 ->    77.6
  2.743        ijk-ilmk-mjl  f32      1m  AB     44.2 ->   121.1
  2.743        ijk-ilmk-mjl  f32      3m  AB     44.2 ->   121.1

partition arms, each against the rule at the same thread count:
== f64c64 t64 partition=pm
dtype  engine  or   n  geomean     min     max
  c64      1m  AB  37    0.936   0.259   1.242
  c64      1m  BA  12    0.981   0.905   1.077
  c64      3m  AB  37    0.910   0.216   1.164
  c64      3m  BA  12    1.007   0.902   1.266
  c64  planar  AB  37    0.945   0.258   1.116
  c64  planar  BA  12    0.987   0.895   1.098
  f64      1m  AB  37    0.906   0.235   1.306
  f64      1m  BA  12    1.114   0.801   1.545
  f64      3m  AB  37    0.906   0.235   1.306
  f64      3m  BA  12    1.114   0.801   1.545
  f64  planar  AB  37    0.906   0.235   1.306
  f64  planar  BA  12    1.114   0.801   1.545

--- outside the +/-6% per-case noise floor (141 of 294) ---
  0.216          ijk-il-jlk  c64      3m  AB    553.6 ->   119.4
  0.235        aqrs-pa-pqrs  f64      1m  AB    260.3 ->    61.1
  0.235        aqrs-pa-pqrs  f64      3m  AB    260.3 ->    61.1
  0.235        aqrs-pa-pqrs  f64  planar  AB    260.3 ->    61.1
  0.258          ijk-il-jlk  c64  planar  AB    621.5 ->   160.5
== f64c64 t64 partition=pn
dtype  engine  or   n  geomean     min     max
  c64      1m  AB  37    0.682   0.177   1.699
  c64      1m  BA  12    0.913   0.440   1.666
  c64      3m  AB  37    0.625   0.168   1.753
  c64      3m  BA  12    0.962   0.383   1.764
  c64  planar  AB  37    0.667   0.203   1.730
  c64  planar  BA  12    0.916   0.358   1.700
  f64      1m  AB  37    0.903   0.216   2.764
  f64      1m  BA  12    1.440   0.416   3.427
  f64      3m  AB  37    0.903   0.216   2.764
  f64      3m  BA  12    1.440   0.416   3.427
  f64  planar  AB  37    0.903   0.216   2.764
  f64  planar  BA  12    1.440   0.416   3.427

--- outside the +/-6% per-case noise floor (258 of 294) ---
  0.168        abjc-cbka-kj  c64      3m  AB    125.9 ->    21.2
  0.177        abjc-cbka-kj  c64      1m  AB    122.3 ->    21.6
  0.185          ajb-kba-jk  c64      3m  AB    508.2 ->    93.8
  0.196      adbjc-cbdka-kj  c64      1m  AB     50.6 ->     9.9
  0.200        ajbc-ckba-jk  c64      3m  AB    146.0 ->    29.2
== f32c32 t64 partition=pm
dtype  engine  or   n  geomean     min     max
  c32      1m  AB  37    0.934   0.312   1.241
  c32      1m  BA  12    1.021   0.919   1.373
  c32      3m  AB  37    0.940   0.300   1.394
  c32      3m  BA  12    1.055   0.944   1.706
  c32  planar  AB  37    0.941   0.300   1.192
  c32  planar  BA  12    0.999   0.838   1.436
  f32      1m  AB  37    0.947   0.283   1.334
  f32      1m  BA  12    0.977   0.859   1.097
  f32      3m  AB  37    0.947   0.283   1.334
  f32      3m  BA  12    0.977   0.859   1.097
  f32  planar  AB  37    0.947   0.283   1.334
  f32  planar  BA  12    0.977   0.859   1.097

--- outside the +/-6% per-case noise floor (155 of 294) ---
  0.283        aqrs-pa-pqrs  f32      1m  AB    229.8 ->    65.0
  0.283        aqrs-pa-pqrs  f32      3m  AB    229.8 ->    65.0
  0.283        aqrs-pa-pqrs  f32  planar  AB    229.8 ->    65.0
  0.300          ijk-il-jlk  c32  planar  AB   1316.7 ->   394.4
  0.300          ijk-il-jlk  c32      3m  AB   1027.3 ->   308.2
== f32c32 t64 partition=pn
dtype  engine  or   n  geomean     min     max
  c32      1m  AB  37    0.673   0.146   1.938
  c32      1m  BA  12    0.839   0.198   1.954
  c32      3m  AB  37    0.678   0.168   2.306
  c32      3m  BA  12    0.887   0.218   2.271
  c32  planar  AB  37    0.787   0.179   2.066
  c32  planar  BA  12    0.926   0.224   2.062
  f32      1m  AB  37    1.063   0.219   3.584
  f32      1m  BA  12    1.566   0.256   3.699
  f32      3m  AB  37    1.063   0.219   3.584
  f32      3m  BA  12    1.566   0.256   3.699
  f32  planar  AB  37    1.063   0.219   3.584
  f32  planar  BA  12    1.566   0.256   3.699

--- outside the +/-6% per-case noise floor (262 of 294) ---
  0.146      adbjc-cbdka-kj  c32      1m  AB     68.5 ->    10.0
  0.161        abjc-cbka-kj  c32      1m  AB    159.4 ->    25.6
  0.168        abjc-cbka-kj  c32      3m  AB    159.5 ->    26.8
  0.179      adbjc-cbdka-kj  c32  planar  AB     77.3 ->    13.8
  0.186      ajbdc-ckbad-jk  c32      1m  AB     71.6 ->    13.3
