pinned.sh: cpus 24 idle before and after (attempt 1)
pinned.sh: cpus 24,25,26,27 idle before and after (attempt 1)
pinned.sh: cpus 24,25,26,27,28,29,30,31 busy after run (attempt 1); discarding it
pinned.sh: cpus 24,25,26,27,28,29,30,31 idle before and after (attempt 2)
pinned.sh: cpus 24 idle before and after (attempt 1)
pinned.sh: cpus 24,25,26,27 idle before and after (attempt 1)
pinned.sh: cpus 24,25,26,27,28,29,30,31 busy after run (attempt 1); discarding it
pinned.sh: cpus 24,25,26,27,28,29,30,31 busy before run (attempt 2); waiting
pinned.sh: cpus 24,25,26,27,28,29,30,31 busy before run (attempt 3); waiting
pinned.sh: no valid run on cpus 24,25,26,27,28,29,30,31
pinned.sh: cpus 24 idle before and after (attempt 1)
pinned.sh: cpus 24,25,26,27 idle before and after (attempt 1)
pinned.sh: cpus 24,25,26,27,28,29,30,31 busy before run (attempt 1); waiting
pinned.sh: cpus 24,25,26,27,28,29,30,31 busy before run (attempt 2); waiting
pinned.sh: cpus 24,25,26,27,28,29,30,31 idle before and after (attempt 3)
pinned.sh: cpus 24 idle before and after (attempt 1)
pinned.sh: cpus 24,25,26,27 idle before and after (attempt 1)
pinned.sh: cpus 24,25,26,27,28,29,30,31 idle before and after (attempt 1)
pinned.sh: cpus 24 idle before and after (attempt 1)
pinned.sh: cpus 24,25,26,27 idle before and after (attempt 1)
pinned.sh: cpus 24,25,26,27,28,29,30,31 idle before and after (attempt 1)
pinned.sh: cpus 24 idle before and after (attempt 1)
pinned.sh: cpus 24,25,26,27 idle before and after (attempt 1)
pinned.sh: cpus 24,25,26,27,28,29,30,31 idle before and after (attempt 1)
pinned.sh: cpus 24 idle before and after (attempt 1)
pinned.sh: cpus 24,25,26,27 idle before and after (attempt 1)
pinned.sh: cpus 24,25,26,27,28,29,30,31 idle before and after (attempt 1)
pinned.sh: cpus 24 idle before and after (attempt 1)
pinned.sh: cpus 24,25,26,27 idle before and after (attempt 1)
pinned.sh: cpus 24,25,26,27,28,29,30,31 idle before and after (attempt 1)
pinned.sh: cpus 24 idle before and after (attempt 1)
pinned.sh: cpus 24,25,26,27 idle before and after (attempt 1)
pinned.sh: cpus 24,25,26,27,28,29,30,31 idle before and after (attempt 1)
pinned.sh: cpus 24 idle before and after (attempt 1)
pinned.sh: cpus 24,25,26,27 idle before and after (attempt 1)
pinned.sh: cpus 24,25,26,27,28,29,30,31 idle before and after (attempt 1)
pinned.sh: cpus 24 idle before and after (attempt 1)
pinned.sh: cpus 24,25,26,27 idle before and after (attempt 1)
pinned.sh: cpus 24,25,26,27,28,29,30,31 idle before and after (attempt 1)
pinned.sh: cpus 24 idle before and after (attempt 1)
pinned.sh: cpus 24,25,26,27 idle before and after (attempt 1)
pinned.sh: cpus 24,25,26,27,28,29,30,31 idle before and after (attempt 1)
pinned.sh: cpus 24 idle before and after (attempt 1)
pinned.sh: cpus 24,25,26,27 idle before and after (attempt 1)
pinned.sh: cpus 24,25,26,27,28,29,30,31 idle before and after (attempt 1)
pinned.sh: cpus 24 idle before and after (attempt 1)
pinned.sh: cpus 24,25,26,27 idle before and after (attempt 1)
pinned.sh: cpus 24,25,26,27,28,29,30,31 idle before and after (attempt 1)
pinned.sh: cpus 24 idle before and after (attempt 1)
pinned.sh: cpus 24,25,26,27 idle before and after (attempt 1)
pinned.sh: cpus 24,25,26,27,28,29,30,31 idle before and after (attempt 1)
pinned.sh: cpus 24 idle before and after (attempt 1)
pinned.sh: cpus 24,25,26,27 idle before and after (attempt 1)
pinned.sh: cpus 24,25,26,27,28,29,30,31 idle before and after (attempt 1)
pinned.sh: cpus 24 idle before and after (attempt 1)
pinned.sh: cpus 24,25,26,27 idle before and after (attempt 1)
pinned.sh: cpus 24,25,26,27,28,29,30,31 idle before and after (attempt 1)
pinned.sh: cpus 24 idle before and after (attempt 1)
pinned.sh: cpus 24,25,26,27 idle before and after (attempt 1)
pinned.sh: cpus 24,25,26,27,28,29,30,31 idle before and after (attempt 1)
pinned.sh: cpus 24 idle before and after (attempt 1)
pinned.sh: cpus 24,25,26,27 idle before and after (attempt 1)
pinned.sh: cpus 24,25,26,27,28,29,30,31 idle before and after (attempt 1)
pinned.sh: cpus 24 idle before and after (attempt 1)
pinned.sh: cpus 24,25,26,27 idle before and after (attempt 1)
pinned.sh: cpus 24,25,26,27,28,29,30,31 idle before and after (attempt 1)
pinned.sh: cpus 24 idle before and after (attempt 1)
pinned.sh: cpus 24,25,26,27 idle before and after (attempt 1)
pinned.sh: cpus 24,25,26,27,28,29,30,31 idle before and after (attempt 1)
pinned.sh: cpus 24 idle before and after (attempt 1)
pinned.sh: cpus 24,25,26,27 idle before and after (attempt 1)
pinned.sh: cpus 24,25,26,27,28,29,30,31 idle before and after (attempt 1)
pinned.sh: cpus 24 idle before and after (attempt 1)
pinned.sh: cpus 24,25,26,27 idle before and after (attempt 1)
pinned.sh: cpus 24,25,26,27,28,29,30,31 idle before and after (attempt 1)
pinned.sh: cpus 24 idle before and after (attempt 1)
pinned.sh: cpus 24,25,26,27 idle before and after (attempt 1)
pinned.sh: cpus 24,25,26,27,28,29,30,31 idle before and after (attempt 1)
pinned.sh: cpus 24 idle before and after (attempt 1)
pinned.sh: cpus 24,25,26,27 idle before and after (attempt 1)
pinned.sh: cpus 24,25,26,27,28,29,30,31 idle before and after (attempt 1)
pinned.sh: cpus 24 idle before and after (attempt 1)
pinned.sh: cpus 24,25,26,27 idle before and after (attempt 1)
pinned.sh: cpus 24,25,26,27,28,29,30,31 idle before and after (attempt 1)
pinned.sh: cpus 24 idle before and after (attempt 1)
pinned.sh: cpus 24,25,26,27 idle before and after (attempt 1)
pinned.sh: cpus 24,25,26,27,28,29,30,31 busy after run (attempt 1); discarding it
pinned.sh: cpus 24,25,26,27,28,29,30,31 busy before run (attempt 2); waiting
pinned.sh: cpus 24,25,26,27,28,29,30,31 idle before and after (attempt 3)
pinned.sh: cpus 24 idle before and after (attempt 1)
pinned.sh: cpus 24,25,26,27 idle before and after (attempt 1)
pinned.sh: cpus 24,25,26,27,28,29,30,31 idle before and after (attempt 1)
pinned.sh: cpus 24 idle before and after (attempt 1)
pinned.sh: cpus 24,25,26,27 idle before and after (attempt 1)
pinned.sh: cpus 24,25,26,27,28,29,30,31 idle before and after (attempt 1)
pinned.sh: cpus 24 idle before and after (attempt 1)
pinned.sh: cpus 24,25,26,27 idle before and after (attempt 1)
pinned.sh: cpus 24,25,26,27,28,29,30,31 idle before and after (attempt 1)
pinned.sh: cpus 24 idle before and after (attempt 1)
pinned.sh: cpus 24,25,26,27 busy after run (attempt 1); discarding it
pinned.sh: cpus 24,25,26,27 idle before and after (attempt 2)
pinned.sh: cpus 24,25,26,27,28,29,30,31 idle before and after (attempt 1)
pinned.sh: cpus 24 idle before and after (attempt 1)
pinned.sh: cpus 24,25,26,27 idle before and after (attempt 1)
pinned.sh: cpus 24,25,26,27,28,29,30,31 idle before and after (attempt 1)
pinned.sh: cpus 24 idle before and after (attempt 1)
pinned.sh: cpus 24,25,26,27 idle before and after (attempt 1)
pinned.sh: cpus 24,25,26,27,28,29,30,31 idle before and after (attempt 1)
pinned.sh: cpus 24 idle before and after (attempt 1)
pinned.sh: cpus 24,25,26,27 idle before and after (attempt 1)
pinned.sh: cpus 24,25,26,27,28,29,30,31 idle before and after (attempt 1)
pinned.sh: cpus 24 idle before and after (attempt 1)
pinned.sh: cpus 24,25,26,27 idle before and after (attempt 1)
pinned.sh: cpus 24,25,26,27,28,29,30,31 idle before and after (attempt 1)
pinned.sh: cpus 24 idle before and after (attempt 1)
pinned.sh: cpus 24,25,26,27 idle before and after (attempt 1)
pinned.sh: cpus 24,25,26,27,28,29,30,31 idle before and after (attempt 1)
pinned.sh: cpus 24 idle before and after (attempt 1)
pinned.sh: cpus 24,25,26,27 idle before and after (attempt 1)
pinned.sh: cpus 24,25,26,27,28,29,30,31 idle before and after (attempt 1)
pinned.sh: cpus 24 idle before and after (attempt 1)
pinned.sh: cpus 24,25,26,27 idle before and after (attempt 1)
pinned.sh: cpus 24,25,26,27,28,29,30,31 idle before and after (attempt 1)
pinned.sh: cpus 24 idle before and after (attempt 1)
pinned.sh: cpus 24,25,26,27 idle before and after (attempt 1)
pinned.sh: cpus 24,25,26,27,28,29,30,31 idle before and after (attempt 1)
pinned.sh: cpus 24 idle before and after (attempt 1)
pinned.sh: cpus 24,25,26,27 idle before and after (attempt 1)
pinned.sh: cpus 24,25,26,27,28,29,30,31 idle before and after (attempt 1)
pinned.sh: cpus 24 idle before and after (attempt 1)
pinned.sh: cpus 24,25,26,27 idle before and after (attempt 1)
pinned.sh: cpus 24,25,26,27,28,29,30,31 idle before and after (attempt 1)
pinned.sh: cpus 24 idle before and after (attempt 1)
pinned.sh: cpus 24,25,26,27 idle before and after (attempt 1)
pinned.sh: cpus 24,25,26,27,28,29,30,31 idle before and after (attempt 1)
pinned.sh: cpus 24 idle before and after (attempt 1)
pinned.sh: cpus 24,25,26,27 idle before and after (attempt 1)
pinned.sh: cpus 24,25,26,27,28,29,30,31 idle before and after (attempt 1)
pinned.sh: cpus 24 idle before and after (attempt 1)
pinned.sh: cpus 24,25,26,27 idle before and after (attempt 1)
pinned.sh: cpus 24,25,26,27,28,29,30,31 busy before run (attempt 1); waiting
pinned.sh: cpus 24,25,26,27,28,29,30,31 idle before and after (attempt 2)
pinned.sh: cpus 24 busy after run (attempt 1); discarding it
pinned.sh: cpus 24 idle before and after (attempt 2)
pinned.sh: cpus 24,25,26,27 idle before and after (attempt 1)
pinned.sh: cpus 24,25,26,27,28,29,30,31 idle before and after (attempt 1)
pinned.sh: cpus 24 idle before and after (attempt 1)
pinned.sh: cpus 24,25,26,27 idle before and after (attempt 1)
pinned.sh: cpus 24,25,26,27,28,29,30,31 idle before and after (attempt 1)
pinned.sh: cpus 24 idle before and after (attempt 1)
pinned.sh: cpus 24,25,26,27 idle before and after (attempt 1)
pinned.sh: cpus 24,25,26,27,28,29,30,31 idle before and after (attempt 1)
pinned.sh: cpus 24 idle before and after (attempt 1)
pinned.sh: cpus 24,25,26,27 idle before and after (attempt 1)
pinned.sh: cpus 24,25,26,27,28,29,30,31 idle before and after (attempt 1)
pinned.sh: cpus 24 idle before and after (attempt 1)
pinned.sh: cpus 24,25,26,27 idle before and after (attempt 1)
pinned.sh: cpus 24,25,26,27,28,29,30,31 idle before and after (attempt 1)
pinned.sh: cpus 24 idle before and after (attempt 1)
pinned.sh: cpus 24,25,26,27 idle before and after (attempt 1)
pinned.sh: cpus 24,25,26,27,28,29,30,31 idle before and after (attempt 1)
pinned.sh: cpus 24 idle before and after (attempt 1)
pinned.sh: cpus 24,25,26,27 idle before and after (attempt 1)
pinned.sh: cpus 24,25,26,27,28,29,30,31 idle before and after (attempt 1)
pinned.sh: cpus 24 idle before and after (attempt 1)
pinned.sh: cpus 24,25,26,27 idle before and after (attempt 1)
pinned.sh: cpus 24,25,26,27,28,29,30,31 idle before and after (attempt 1)
pinned.sh: cpus 24 idle before and after (attempt 1)
pinned.sh: cpus 24,25,26,27 idle before and after (attempt 1)
pinned.sh: cpus 24,25,26,27,28,29,30,31 idle before and after (attempt 1)
pinned.sh: cpus 24 idle before and after (attempt 1)
pinned.sh: cpus 24,25,26,27 idle before and after (attempt 1)
pinned.sh: cpus 24,25,26,27,28,29,30,31 idle before and after (attempt 1)
pinned.sh: cpus 24 idle before and after (attempt 1)
pinned.sh: cpus 24,25,26,27 idle before and after (attempt 1)
pinned.sh: cpus 24,25,26,27,28,29,30,31 idle before and after (attempt 1)
pinned.sh: cpus 24 idle before and after (attempt 1)
pinned.sh: cpus 24,25,26,27 idle before and after (attempt 1)
pinned.sh: cpus 24,25,26,27,28,29,30,31 idle before and after (attempt 1)
pinned.sh: cpus 24 idle before and after (attempt 1)
pinned.sh: cpus 24,25,26,27 idle before and after (attempt 1)
pinned.sh: cpus 24,25,26,27,28,29,30,31 idle before and after (attempt 1)
pinned.sh: cpus 24 idle before and after (attempt 1)
pinned.sh: cpus 24,25,26,27 idle before and after (attempt 1)
pinned.sh: cpus 24,25,26,27,28,29,30,31 idle before and after (attempt 1)
pinned.sh: cpus 24 idle before and after (attempt 1)
pinned.sh: cpus 24,25,26,27 idle before and after (attempt 1)
pinned.sh: cpus 24,25,26,27,28,29,30,31 idle before and after (attempt 1)
pinned.sh: cpus 24 idle before and after (attempt 1)
pinned.sh: cpus 24,25,26,27 idle before and after (attempt 1)
pinned.sh: cpus 24,25,26,27,28,29,30,31 idle before and after (attempt 1)
pinned.sh: cpus 24 idle before and after (attempt 1)
pinned.sh: cpus 24,25,26,27 idle before and after (attempt 1)
pinned.sh: cpus 24,25,26,27,28,29,30,31 idle before and after (attempt 1)
pinned.sh: cpus 24 idle before and after (attempt 1)
pinned.sh: cpus 24,25,26,27 idle before and after (attempt 1)
pinned.sh: cpus 24,25,26,27,28,29,30,31 idle before and after (attempt 1)
pinned.sh: cpus 24 idle before and after (attempt 1)
pinned.sh: cpus 24,25,26,27 idle before and after (attempt 1)
pinned.sh: cpus 24,25,26,27,28,29,30,31 idle before and after (attempt 1)
pinned.sh: cpus 24 idle before and after (attempt 1)
pinned.sh: cpus 24,25,26,27 idle before and after (attempt 1)
pinned.sh: cpus 24,25,26,27,28,29,30,31 idle before and after (attempt 1)
pinned.sh: cpus 24 idle before and after (attempt 1)
pinned.sh: cpus 24,25,26,27 idle before and after (attempt 1)
pinned.sh: cpus 24,25,26,27,28,29,30,31 idle before and after (attempt 1)
pinned.sh: cpus 24 idle before and after (attempt 1)
pinned.sh: cpus 24,25,26,27 idle before and after (attempt 1)
pinned.sh: cpus 24,25,26,27,28,29,30,31 idle before and after (attempt 1)
pinned.sh: cpus 24 idle before and after (attempt 1)
pinned.sh: cpus 24,25,26,27 idle before and after (attempt 1)
pinned.sh: cpus 24,25,26,27,28,29,30,31 idle before and after (attempt 1)
pinned.sh: cpus 24 idle before and after (attempt 1)
pinned.sh: cpus 24,25,26,27 idle before and after (attempt 1)
pinned.sh: cpus 24,25,26,27,28,29,30,31 idle before and after (attempt 1)
pinned.sh: cpus 24 idle before and after (attempt 1)
pinned.sh: cpus 24,25,26,27 idle before and after (attempt 1)
pinned.sh: cpus 24,25,26,27,28,29,30,31 idle before and after (attempt 1)
pinned.sh: cpus 24 idle before and after (attempt 1)
pinned.sh: cpus 24,25,26,27 idle before and after (attempt 1)
pinned.sh: cpus 24,25,26,27,28,29,30,31 idle before and after (attempt 1)
pinned.sh: cpus 24 idle before and after (attempt 1)
pinned.sh: cpus 24,25,26,27 idle before and after (attempt 1)
pinned.sh: cpus 24,25,26,27,28,29,30,31 idle before and after (attempt 1)
pinned.sh: cpus 24 idle before and after (attempt 1)
pinned.sh: cpus 24,25,26,27 idle before and after (attempt 1)
pinned.sh: cpus 24,25,26,27,28,29,30,31 idle before and after (attempt 1)
pinned.sh: cpus 24 idle before and after (attempt 1)
pinned.sh: cpus 24,25,26,27 idle before and after (attempt 1)
pinned.sh: cpus 24,25,26,27,28,29,30,31 idle before and after (attempt 1)
pinned.sh: cpus 24 idle before and after (attempt 1)
pinned.sh: cpus 24,25,26,27 idle before and after (attempt 1)
pinned.sh: cpus 24,25,26,27,28,29,30,31 idle before and after (attempt 1)
pinned.sh: cpus 24 idle before and after (attempt 1)
pinned.sh: cpus 24,25,26,27 idle before and after (attempt 1)
pinned.sh: cpus 24,25,26,27,28,29,30,31 idle before and after (attempt 1)
pinned.sh: cpus 24 idle before and after (attempt 1)
pinned.sh: cpus 24,25,26,27 idle before and after (attempt 1)
pinned.sh: cpus 24,25,26,27,28,29,30,31 idle before and after (attempt 1)
pinned.sh: cpus 24 idle before and after (attempt 1)
pinned.sh: cpus 24,25,26,27 idle before and after (attempt 1)
pinned.sh: cpus 24,25,26,27,28,29,30,31 idle before and after (attempt 1)
pinned.sh: cpus 24 idle before and after (attempt 1)
pinned.sh: cpus 24,25,26,27 idle before and after (attempt 1)
pinned.sh: cpus 24,25,26,27,28,29,30,31 idle before and after (attempt 1)
pinned.sh: cpus 24 idle before and after (attempt 1)
pinned.sh: cpus 24,25,26,27 idle before and after (attempt 1)
pinned.sh: cpus 24,25,26,27,28,29,30,31 idle before and after (attempt 1)
pinned.sh: cpus 24 idle before and after (attempt 1)
pinned.sh: cpus 24,25,26,27 idle before and after (attempt 1)
pinned.sh: cpus 24,25,26,27,28,29,30,31 idle before and after (attempt 1)
pinned.sh: cpus 24 idle before and after (attempt 1)
pinned.sh: cpus 24,25,26,27 idle before and after (attempt 1)
pinned.sh: cpus 24,25,26,27,28,29,30,31 idle before and after (attempt 1)
pinned.sh: cpus 24 idle before and after (attempt 1)
pinned.sh: cpus 24,25,26,27 idle before and after (attempt 1)
pinned.sh: cpus 24,25,26,27,28,29,30,31 idle before and after (attempt 1)
pinned.sh: cpus 24 idle before and after (attempt 1)
pinned.sh: cpus 24,25,26,27 idle before and after (attempt 1)
pinned.sh: cpus 24,25,26,27,28,29,30,31 idle before and after (attempt 1)
pinned.sh: cpus 24 idle before and after (attempt 1)
pinned.sh: cpus 24,25,26,27 idle before and after (attempt 1)
pinned.sh: cpus 24,25,26,27,28,29,30,31 idle before and after (attempt 1)
pinned.sh: cpus 24 idle before and after (attempt 1)
pinned.sh: cpus 24,25,26,27 idle before and after (attempt 1)
pinned.sh: cpus 24,25,26,27,28,29,30,31 idle before and after (attempt 1)
pinned.sh: cpus 24 idle before and after (attempt 1)
pinned.sh: cpus 24,25,26,27 idle before and after (attempt 1)
pinned.sh: cpus 24,25,26,27,28,29,30,31 idle before and after (attempt 1)
pinned.sh: cpus 24 idle before and after (attempt 1)
pinned.sh: cpus 24,25,26,27 idle before and after (attempt 1)
pinned.sh: cpus 24,25,26,27,28,29,30,31 idle before and after (attempt 1)
pinned.sh: cpus 24 idle before and after (attempt 1)
pinned.sh: cpus 24,25,26,27 idle before and after (attempt 1)
pinned.sh: cpus 24,25,26,27,28,29,30,31 idle before and after (attempt 1)
pinned.sh: cpus 24 idle before and after (attempt 1)
pinned.sh: cpus 24,25,26,27 idle before and after (attempt 1)
pinned.sh: cpus 24,25,26,27,28,29,30,31 idle before and after (attempt 1)
pinned.sh: cpus 24 idle before and after (attempt 1)
pinned.sh: cpus 24,25,26,27 idle before and after (attempt 1)
pinned.sh: cpus 24,25,26,27,28,29,30,31 idle before and after (attempt 1)
pinned.sh: cpus 24 idle before and after (attempt 1)
pinned.sh: cpus 24,25,26,27 idle before and after (attempt 1)
pinned.sh: cpus 24,25,26,27,28,29,30,31 idle before and after (attempt 1)
pinned.sh: cpus 24 idle before and after (attempt 1)
pinned.sh: cpus 24,25,26,27 idle before and after (attempt 1)
pinned.sh: cpus 24,25,26,27,28,29,30,31 idle before and after (attempt 1)
pinned.sh: cpus 24 idle before and after (attempt 1)
pinned.sh: cpus 24,25,26,27 idle before and after (attempt 1)
pinned.sh: cpus 24,25,26,27,28,29,30,31 idle before and after (attempt 1)
pinned.sh: cpus 24 idle before and after (attempt 1)
pinned.sh: cpus 24,25,26,27 idle before and after (attempt 1)
pinned.sh: cpus 24,25,26,27,28,29,30,31 idle before and after (attempt 1)
pinned.sh: cpus 24 idle before and after (attempt 1)
pinned.sh: cpus 24,25,26,27 idle before and after (attempt 1)
pinned.sh: cpus 24,25,26,27,28,29,30,31 idle before and after (attempt 1)
pinned.sh: cpus 24 idle before and after (attempt 1)
pinned.sh: cpus 24,25,26,27 idle before and after (attempt 1)
pinned.sh: cpus 24,25,26,27,28,29,30,31 idle before and after (attempt 1)
pinned.sh: cpus 24 idle before and after (attempt 1)
pinned.sh: cpus 24,25,26,27 idle before and after (attempt 1)
pinned.sh: cpus 24,25,26,27,28,29,30,31 idle before and after (attempt 1)
pinned.sh: cpus 24 idle before and after (attempt 1)
pinned.sh: cpus 24,25,26,27 idle before and after (attempt 1)
pinned.sh: cpus 24,25,26,27,28,29,30,31 idle before and after (attempt 1)
pinned.sh: cpus 24 idle before and after (attempt 1)
pinned.sh: cpus 24,25,26,27 idle before and after (attempt 1)
pinned.sh: cpus 24,25,26,27,28,29,30,31 idle before and after (attempt 1)
pinned.sh: cpus 24 idle before and after (attempt 1)
pinned.sh: cpus 24,25,26,27 idle before and after (attempt 1)
pinned.sh: cpus 24,25,26,27,28,29,30,31 idle before and after (attempt 1)
pinned.sh: cpus 24 idle before and after (attempt 1)
pinned.sh: cpus 24,25,26,27 idle before and after (attempt 1)
pinned.sh: cpus 24,25,26,27,28,29,30,31 idle before and after (attempt 1)
pinned.sh: cpus 24 idle before and after (attempt 1)
pinned.sh: cpus 24,25,26,27 idle before and after (attempt 1)
pinned.sh: cpus 24,25,26,27,28,29,30,31 idle before and after (attempt 1)
pinned.sh: cpus 24 idle before and after (attempt 1)
pinned.sh: cpus 24,25,26,27 idle before and after (attempt 1)
pinned.sh: cpus 24,25,26,27,28,29,30,31 idle before and after (attempt 1)
pinned.sh: cpus 24 idle before and after (attempt 1)
pinned.sh: cpus 24,25,26,27 idle before and after (attempt 1)
pinned.sh: cpus 24,25,26,27,28,29,30,31 idle before and after (attempt 1)
pinned.sh: cpus 24 idle before and after (attempt 1)
pinned.sh: cpus 24,25,26,27 idle before and after (attempt 1)
pinned.sh: cpus 24,25,26,27,28,29,30,31 idle before and after (attempt 1)
pinned.sh: cpus 24 idle before and after (attempt 1)
pinned.sh: cpus 24,25,26,27 idle before and after (attempt 1)
pinned.sh: cpus 24,25,26,27,28,29,30,31 idle before and after (attempt 1)
pinned.sh: cpus 24 idle before and after (attempt 1)
pinned.sh: cpus 24,25,26,27 idle before and after (attempt 1)
pinned.sh: cpus 24,25,26,27,28,29,30,31 idle before and after (attempt 1)
pinned.sh: cpus 24 idle before and after (attempt 1)
pinned.sh: cpus 24,25,26,27 idle before and after (attempt 1)
pinned.sh: cpus 24,25,26,27,28,29,30,31 idle before and after (attempt 1)
pinned.sh: cpus 24 idle before and after (attempt 1)
pinned.sh: cpus 24,25,26,27 idle before and after (attempt 1)
pinned.sh: cpus 24,25,26,27,28,29,30,31 idle before and after (attempt 1)
pinned.sh: cpus 24 idle before and after (attempt 1)
pinned.sh: cpus 24,25,26,27 idle before and after (attempt 1)
pinned.sh: cpus 24,25,26,27,28,29,30,31 idle before and after (attempt 1)
pinned.sh: cpus 24 idle before and after (attempt 1)
pinned.sh: cpus 24,25,26,27 idle before and after (attempt 1)
pinned.sh: cpus 24,25,26,27,28,29,30,31 idle before and after (attempt 1)
pinned.sh: cpus 24 idle before and after (attempt 1)
pinned.sh: cpus 24,25,26,27 idle before and after (attempt 1)
pinned.sh: cpus 24,25,26,27,28,29,30,31 idle before and after (attempt 1)
pinned.sh: cpus 24 idle before and after (attempt 1)
pinned.sh: cpus 24,25,26,27 idle before and after (attempt 1)
pinned.sh: cpus 24,25,26,27,28,29,30,31 idle before and after (attempt 1)
pinned.sh: cpus 24 idle before and after (attempt 1)
pinned.sh: cpus 24,25,26,27 idle before and after (attempt 1)
pinned.sh: cpus 24,25,26,27,28,29,30,31 idle before and after (attempt 1)
pinned.sh: cpus 24 idle before and after (attempt 1)
pinned.sh: cpus 24,25,26,27 idle before and after (attempt 1)
pinned.sh: cpus 24,25,26,27,28,29,30,31 idle before and after (attempt 1)
pinned.sh: cpus 24 idle before and after (attempt 1)
pinned.sh: cpus 24,25,26,27 idle before and after (attempt 1)
pinned.sh: cpus 24,25,26,27,28,29,30,31 idle before and after (attempt 1)
pinned.sh: cpus 24 idle before and after (attempt 1)
pinned.sh: cpus 24,25,26,27 idle before and after (attempt 1)
pinned.sh: cpus 24,25,26,27,28,29,30,31 idle before and after (attempt 1)
pinned.sh: cpus 24 idle before and after (attempt 1)
pinned.sh: cpus 24,25,26,27 idle before and after (attempt 1)
pinned.sh: cpus 24,25,26,27,28,29,30,31 idle before and after (attempt 1)
pinned.sh: cpus 24 idle before and after (attempt 1)
pinned.sh: cpus 24,25,26,27 idle before and after (attempt 1)
pinned.sh: cpus 24,25,26,27,28,29,30,31 idle before and after (attempt 1)
pinned.sh: cpus 24 idle before and after (attempt 1)
pinned.sh: cpus 24,25,26,27 idle before and after (attempt 1)
pinned.sh: cpus 24,25,26,27,28,29,30,31 busy after run (attempt 1); discarding it
pinned.sh: cpus 24,25,26,27,28,29,30,31 idle before and after (attempt 2)
pinned.sh: cpus 24 idle before and after (attempt 1)
pinned.sh: cpus 24,25,26,27 idle before and after (attempt 1)
pinned.sh: cpus 24,25,26,27,28,29,30,31 idle before and after (attempt 1)
pinned.sh: cpus 24 idle before and after (attempt 1)
pinned.sh: cpus 24,25,26,27 idle before and after (attempt 1)
pinned.sh: cpus 24,25,26,27,28,29,30,31 idle before and after (attempt 1)
pinned.sh: cpus 24 idle before and after (attempt 1)
pinned.sh: cpus 24,25,26,27 idle before and after (attempt 1)
pinned.sh: cpus 24,25,26,27,28,29,30,31 idle before and after (attempt 1)
pinned.sh: cpus 24 idle before and after (attempt 1)
pinned.sh: cpus 24,25,26,27 idle before and after (attempt 1)
pinned.sh: cpus 24,25,26,27,28,29,30,31 idle before and after (attempt 1)
pinned.sh: cpus 24 idle before and after (attempt 1)
pinned.sh: cpus 24,25,26,27 idle before and after (attempt 1)
pinned.sh: cpus 24,25,26,27,28,29,30,31 idle before and after (attempt 1)
pinned.sh: cpus 24 idle before and after (attempt 1)
pinned.sh: cpus 24,25,26,27 idle before and after (attempt 1)
pinned.sh: cpus 24,25,26,27,28,29,30,31 idle before and after (attempt 1)
pinned.sh: cpus 24 idle before and after (attempt 1)
pinned.sh: cpus 24,25,26,27 idle before and after (attempt 1)
pinned.sh: cpus 24,25,26,27,28,29,30,31 idle before and after (attempt 1)
pinned.sh: cpus 24 idle before and after (attempt 1)
pinned.sh: cpus 24,25,26,27 idle before and after (attempt 1)
pinned.sh: cpus 24,25,26,27,28,29,30,31 idle before and after (attempt 1)
pinned.sh: cpus 24 idle before and after (attempt 1)
pinned.sh: cpus 24,25,26,27 idle before and after (attempt 1)
pinned.sh: cpus 24,25,26,27,28,29,30,31 idle before and after (attempt 1)
pinned.sh: cpus 24 idle before and after (attempt 1)
pinned.sh: cpus 24,25,26,27 idle before and after (attempt 1)
pinned.sh: cpus 24,25,26,27,28,29,30,31 idle before and after (attempt 1)
pinned.sh: cpus 24 idle before and after (attempt 1)
pinned.sh: cpus 24,25,26,27 idle before and after (attempt 1)
pinned.sh: cpus 24,25,26,27,28,29,30,31 idle before and after (attempt 1)
pinned.sh: cpus 24 idle before and after (attempt 1)
pinned.sh: cpus 24,25,26,27 idle before and after (attempt 1)
pinned.sh: cpus 24,25,26,27,28,29,30,31 idle before and after (attempt 1)
pinned.sh: cpus 24 idle before and after (attempt 1)
pinned.sh: cpus 24,25,26,27 idle before and after (attempt 1)
pinned.sh: cpus 24,25,26,27,28,29,30,31 idle before and after (attempt 1)
pinned.sh: cpus 24 idle before and after (attempt 1)
pinned.sh: cpus 24,25,26,27 idle before and after (attempt 1)
pinned.sh: cpus 24,25,26,27,28,29,30,31 idle before and after (attempt 1)
pinned.sh: cpus 24 idle before and after (attempt 1)
pinned.sh: cpus 24,25,26,27 busy before run (attempt 1); waiting
pinned.sh: cpus 24,25,26,27 idle before and after (attempt 2)
pinned.sh: cpus 24,25,26,27,28,29,30,31 idle before and after (attempt 1)
pinned.sh: cpus 24 idle before and after (attempt 1)
pinned.sh: cpus 24,25,26,27 idle before and after (attempt 1)
pinned.sh: cpus 24,25,26,27,28,29,30,31 idle before and after (attempt 1)
pinned.sh: cpus 24 idle before and after (attempt 1)
pinned.sh: cpus 24,25,26,27 idle before and after (attempt 1)
pinned.sh: cpus 24,25,26,27,28,29,30,31 idle before and after (attempt 1)
pinned.sh: cpus 24 idle before and after (attempt 1)
pinned.sh: cpus 24,25,26,27 idle before and after (attempt 1)
pinned.sh: cpus 24,25,26,27,28,29,30,31 idle before and after (attempt 1)
pinned.sh: cpus 24 idle before and after (attempt 1)
pinned.sh: cpus 24,25,26,27 idle before and after (attempt 1)
pinned.sh: cpus 24,25,26,27,28,29,30,31 idle before and after (attempt 1)
pinned.sh: cpus 24 idle before and after (attempt 1)
pinned.sh: cpus 24,25,26,27 idle before and after (attempt 1)
pinned.sh: cpus 24,25,26,27,28,29,30,31 idle before and after (attempt 1)
pinned.sh: cpus 24 idle before and after (attempt 1)
pinned.sh: cpus 24,25,26,27 idle before and after (attempt 1)
pinned.sh: cpus 24,25,26,27,28,29,30,31 idle before and after (attempt 1)
pinned.sh: cpus 24 idle before and after (attempt 1)
pinned.sh: cpus 24,25,26,27 idle before and after (attempt 1)
pinned.sh: cpus 24,25,26,27,28,29,30,31 idle before and after (attempt 1)
pinned.sh: cpus 24 idle before and after (attempt 1)
pinned.sh: cpus 24,25,26,27 idle before and after (attempt 1)
pinned.sh: cpus 24,25,26,27,28,29,30,31 idle before and after (attempt 1)
pinned.sh: cpus 24 idle before and after (attempt 1)
pinned.sh: cpus 24,25,26,27 idle before and after (attempt 1)
pinned.sh: cpus 24,25,26,27,28,29,30,31 idle before and after (attempt 1)
pinned.sh: cpus 24 idle before and after (attempt 1)
pinned.sh: cpus 24,25,26,27 idle before and after (attempt 1)
pinned.sh: cpus 24,25,26,27,28,29,30,31 idle before and after (attempt 1)
pinned.sh: cpus 24 idle before and after (attempt 1)
pinned.sh: cpus 24,25,26,27 idle before and after (attempt 1)
pinned.sh: cpus 24,25,26,27,28,29,30,31 idle before and after (attempt 1)
pinned.sh: cpus 24 idle before and after (attempt 1)
pinned.sh: cpus 24,25,26,27 idle before and after (attempt 1)
pinned.sh: cpus 24,25,26,27,28,29,30,31 idle before and after (attempt 1)
pinned.sh: cpus 24 idle before and after (attempt 1)
pinned.sh: cpus 24,25,26,27 idle before and after (attempt 1)
pinned.sh: cpus 24,25,26,27,28,29,30,31 idle before and after (attempt 1)
pinned.sh: cpus 24 idle before and after (attempt 1)
pinned.sh: cpus 24,25,26,27 idle before and after (attempt 1)
pinned.sh: cpus 24,25,26,27,28,29,30,31 idle before and after (attempt 1)
pinned.sh: cpus 24 idle before and after (attempt 1)
pinned.sh: cpus 24,25,26,27 idle before and after (attempt 1)
pinned.sh: cpus 24,25,26,27,28,29,30,31 idle before and after (attempt 1)
pinned.sh: cpus 24 idle before and after (attempt 1)
pinned.sh: cpus 24,25,26,27 idle before and after (attempt 1)
pinned.sh: cpus 24,25,26,27,28,29,30,31 idle before and after (attempt 1)
pinned.sh: cpus 24 idle before and after (attempt 1)
pinned.sh: cpus 24,25,26,27 idle before and after (attempt 1)
pinned.sh: cpus 24,25,26,27,28,29,30,31 idle before and after (attempt 1)
pinned.sh: cpus 24 idle before and after (attempt 1)
pinned.sh: cpus 24,25,26,27 idle before and after (attempt 1)
pinned.sh: cpus 24,25,26,27,28,29,30,31 idle before and after (attempt 1)
pinned.sh: cpus 24 idle before and after (attempt 1)
pinned.sh: cpus 24,25,26,27 idle before and after (attempt 1)
pinned.sh: cpus 24,25,26,27,28,29,30,31 idle before and after (attempt 1)
pinned.sh: cpus 24 idle before and after (attempt 1)
pinned.sh: cpus 24,25,26,27 idle before and after (attempt 1)
pinned.sh: cpus 24,25,26,27,28,29,30,31 idle before and after (attempt 1)
pinned.sh: cpus 24 idle before and after (attempt 1)
pinned.sh: cpus 24,25,26,27 idle before and after (attempt 1)
pinned.sh: cpus 24,25,26,27,28,29,30,31 idle before and after (attempt 1)
pinned.sh: cpus 24 idle before and after (attempt 1)
pinned.sh: cpus 24,25,26,27 idle before and after (attempt 1)
pinned.sh: cpus 24,25,26,27,28,29,30,31 idle before and after (attempt 1)
pinned.sh: cpus 24 idle before and after (attempt 1)
pinned.sh: cpus 24,25,26,27 idle before and after (attempt 1)
pinned.sh: cpus 24,25,26,27,28,29,30,31 idle before and after (attempt 1)
pinned.sh: cpus 24 idle before and after (attempt 1)
pinned.sh: cpus 24,25,26,27 idle before and after (attempt 1)
pinned.sh: cpus 24,25,26,27,28,29,30,31 idle before and after (attempt 1)
pinned.sh: cpus 24 idle before and after (attempt 1)
pinned.sh: cpus 24,25,26,27 idle before and after (attempt 1)
pinned.sh: cpus 24,25,26,27,28,29,30,31 idle before and after (attempt 1)
pinned.sh: cpus 24 idle before and after (attempt 1)
pinned.sh: cpus 24,25,26,27 idle before and after (attempt 1)
pinned.sh: cpus 24,25,26,27,28,29,30,31 idle before and after (attempt 1)
pinned.sh: cpus 24 idle before and after (attempt 1)
pinned.sh: cpus 24,25,26,27 idle before and after (attempt 1)
pinned.sh: cpus 24,25,26,27,28,29,30,31 idle before and after (attempt 1)
pinned.sh: cpus 24 idle before and after (attempt 1)
pinned.sh: cpus 24,25,26,27 idle before and after (attempt 1)
pinned.sh: cpus 24,25,26,27,28,29,30,31 idle before and after (attempt 1)
pinned.sh: cpus 24 idle before and after (attempt 1)
pinned.sh: cpus 24,25,26,27 idle before and after (attempt 1)
pinned.sh: cpus 24,25,26,27,28,29,30,31 idle before and after (attempt 1)
pinned.sh: cpus 24 idle before and after (attempt 1)
pinned.sh: cpus 24,25,26,27 idle before and after (attempt 1)
pinned.sh: cpus 24,25,26,27,28,29,30,31 idle before and after (attempt 1)
pinned.sh: cpus 24 idle before and after (attempt 1)
pinned.sh: cpus 24,25,26,27 idle before and after (attempt 1)
pinned.sh: cpus 24,25,26,27,28,29,30,31 idle before and after (attempt 1)
pinned.sh: cpus 24 idle before and after (attempt 1)
pinned.sh: cpus 24,25,26,27 idle before and after (attempt 1)
pinned.sh: cpus 24,25,26,27,28,29,30,31 idle before and after (attempt 1)
pinned.sh: cpus 24 idle before and after (attempt 1)
pinned.sh: cpus 24,25,26,27 idle before and after (attempt 1)
pinned.sh: cpus 24,25,26,27,28,29,30,31 busy after run (attempt 1); discarding it
pinned.sh: cpus 24,25,26,27,28,29,30,31 idle before and after (attempt 2)
pinned.sh: cpus 24 idle before and after (attempt 1)
pinned.sh: cpus 24,25,26,27 idle before and after (attempt 1)
pinned.sh: cpus 24,25,26,27,28,29,30,31 busy after run (attempt 1); discarding it
pinned.sh: cpus 24,25,26,27,28,29,30,31 idle before and after (attempt 2)
pinned.sh: cpus 24 idle before and after (attempt 1)
pinned.sh: cpus 24,25,26,27 idle before and after (attempt 1)
pinned.sh: cpus 24,25,26,27,28,29,30,31 busy after run (attempt 1); discarding it
pinned.sh: cpus 24,25,26,27,28,29,30,31 idle before and after (attempt 2)
pinned.sh: cpus 24 idle before and after (attempt 1)
pinned.sh: cpus 24,25,26,27 idle before and after (attempt 1)
pinned.sh: cpus 24,25,26,27,28,29,30,31 idle before and after (attempt 1)
pinned.sh: cpus 24 idle before and after (attempt 1)
pinned.sh: cpus 24,25,26,27 idle before and after (attempt 1)
pinned.sh: cpus 24,25,26,27,28,29,30,31 idle before and after (attempt 1)
pinned.sh: cpus 24 idle before and after (attempt 1)
pinned.sh: cpus 24,25,26,27 idle before and after (attempt 1)
pinned.sh: cpus 24,25,26,27,28,29,30,31 idle before and after (attempt 1)
pinned.sh: cpus 24 idle before and after (attempt 1)
pinned.sh: cpus 24,25,26,27 idle before and after (attempt 1)
pinned.sh: cpus 24,25,26,27,28,29,30,31 idle before and after (attempt 1)
pinned.sh: cpus 24 idle before and after (attempt 1)
pinned.sh: cpus 24,25,26,27 idle before and after (attempt 1)
pinned.sh: cpus 24,25,26,27,28,29,30,31 idle before and after (attempt 1)
pinned.sh: cpus 24 idle before and after (attempt 1)
pinned.sh: cpus 24,25,26,27 idle before and after (attempt 1)
pinned.sh: cpus 24,25,26,27,28,29,30,31 idle before and after (attempt 1)
pinned.sh: cpus 24 idle before and after (attempt 1)
pinned.sh: cpus 24,25,26,27 idle before and after (attempt 1)
pinned.sh: cpus 24,25,26,27,28,29,30,31 idle before and after (attempt 1)
pinned.sh: cpus 24 idle before and after (attempt 1)
pinned.sh: cpus 24,25,26,27 idle before and after (attempt 1)
pinned.sh: cpus 24,25,26,27,28,29,30,31 idle before and after (attempt 1)
pinned.sh: cpus 24 idle before and after (attempt 1)
pinned.sh: cpus 24,25,26,27 idle before and after (attempt 1)
pinned.sh: cpus 24,25,26,27,28,29,30,31 idle before and after (attempt 1)
pinned.sh: cpus 24 idle before and after (attempt 1)
pinned.sh: cpus 24,25,26,27 idle before and after (attempt 1)
pinned.sh: cpus 24,25,26,27,28,29,30,31 idle before and after (attempt 1)
pinned.sh: cpus 24 idle before and after (attempt 1)
pinned.sh: cpus 24,25,26,27 idle before and after (attempt 1)
pinned.sh: cpus 24,25,26,27,28,29,30,31 idle before and after (attempt 1)
pinned.sh: cpus 24 idle before and after (attempt 1)
pinned.sh: cpus 24,25,26,27 busy before run (attempt 1); waiting
pinned.sh: cpus 24,25,26,27 idle before and after (attempt 2)
pinned.sh: cpus 24,25,26,27,28,29,30,31 idle before and after (attempt 1)
pinned.sh: cpus 24 idle before and after (attempt 1)
pinned.sh: cpus 24,25,26,27 idle before and after (attempt 1)
pinned.sh: cpus 24,25,26,27,28,29,30,31 idle before and after (attempt 1)
pinned.sh: cpus 24 idle before and after (attempt 1)
pinned.sh: cpus 24,25,26,27 idle before and after (attempt 1)
pinned.sh: cpus 24,25,26,27,28,29,30,31 idle before and after (attempt 1)
pinned.sh: cpus 24 idle before and after (attempt 1)
pinned.sh: cpus 24,25,26,27 idle before and after (attempt 1)
pinned.sh: cpus 24,25,26,27,28,29,30,31 idle before and after (attempt 1)
pinned.sh: cpus 24 idle before and after (attempt 1)
pinned.sh: cpus 24,25,26,27 idle before and after (attempt 1)
pinned.sh: cpus 24,25,26,27,28,29,30,31 idle before and after (attempt 1)
pinned.sh: cpus 24 idle before and after (attempt 1)
pinned.sh: cpus 24,25,26,27 idle before and after (attempt 1)
pinned.sh: cpus 24,25,26,27,28,29,30,31 idle before and after (attempt 1)
pinned.sh: cpus 24 idle before and after (attempt 1)
pinned.sh: cpus 24,25,26,27 idle before and after (attempt 1)
pinned.sh: cpus 24,25,26,27,28,29,30,31 idle before and after (attempt 1)
pinned.sh: cpus 24 idle before and after (attempt 1)
pinned.sh: cpus 24,25,26,27 idle before and after (attempt 1)
pinned.sh: cpus 24,25,26,27,28,29,30,31 idle before and after (attempt 1)
pinned.sh: cpus 24 idle before and after (attempt 1)
pinned.sh: cpus 24,25,26,27 idle before and after (attempt 1)
pinned.sh: cpus 24,25,26,27,28,29,30,31 idle before and after (attempt 1)
pinned.sh: cpus 24 idle before and after (attempt 1)
pinned.sh: cpus 24,25,26,27 idle before and after (attempt 1)
pinned.sh: cpus 24,25,26,27,28,29,30,31 idle before and after (attempt 1)
