host worker5040  128 physical cores, SMT width 1, 32 L3 domains
40 arms, 24 concurrent, cpus 0,4,8,16,20,24,32,36,40,48,52,56,64,68,72,80,84,88,96,100,104,112,116,120
  17:45:57 bl-base-f32c32   cpu72   dom18    667.7s  rc=0  self 100%  co-tenants: none
  17:46:32 bl-kc256-f32c32  cpu120  dom30    702.9s  rc=0  self 100%  co-tenants: none
  17:48:24 bl-kc128-f32c32  cpu104  dom26    814.9s  rc=0  self 100%  co-tenants: none
  17:51:58 bl-kc64-f32c32   cpu88   dom22   1028.5s  rc=0  self 100%  co-tenants: none
  17:55:52 bl-kc512-f64c64  cpu80   dom20   1262.7s  rc=0  self 100%  co-tenants: none
  17:56:16 bl-kc384-f64c64  cpu64   dom16   1287.3s  rc=0  self 100%  co-tenants: none
  17:56:33 bl-mc50-f64c64   cpu84   dom21   1304.1s  rc=0  self 100%  co-tenants: none
  17:56:35 bl-mc25-f64c64   cpu68   dom17   1305.6s  rc=0  self 100%  co-tenants: none
  17:56:40 bl-ck512-f64c64  cpu52   dom13   1311.4s  rc=0  self 100%  co-tenants: none
  17:56:48 bl-ck384-f64c64  cpu36   dom9    1319.2s  rc=0  self 100%  co-tenants: none
  17:56:55 bl-mc400-f64c64  cpu116  dom29   1326.2s  rc=0  self 100%  co-tenants: none
  17:57:06 bl-mc200-f64c64  cpu100  dom25   1336.5s  rc=0  self 100%  co-tenants: none
  17:57:07 bl-kc256-f64c64  cpu48   dom12   1337.9s  rc=0  self 100%  co-tenants: none
  17:57:09 bl-base-f64c64   cpu0    dom0    1339.8s  rc=0  self 100%  co-tenants: none
  17:57:12 bl-kc384-f32c32  cpu72   dom18    675.1s  rc=0  self 100%  co-tenants: none
  17:57:13 bl-basem-f64c64  cpu4    dom1    1343.6s  rc=0  self 100%  co-tenants: none
  17:57:14 bl-ck256-f64c64  cpu20   dom5    1344.5s  rc=0  self 100%  co-tenants: none
  17:57:18 bl-base2-f64c64  cpu56   dom14   1349.3s  rc=0  self 100%  co-tenants: none
  17:57:26 bl-nc400-f64c64  cpu24   dom6    1357.5s  rc=0  self 100%  co-tenants: none
  17:57:28 bl-kc512-f32c32  cpu120  dom30    656.4s  rc=0  self 100%  co-tenants: none
  17:58:41 bl-nc25-f64c64   cpu8    dom2    1432.1s  rc=0  self 100%  co-tenants: none
  17:58:42 bl-model-f64c64  cpu40   dom10   1432.9s  rc=0  self 100%  co-tenants: none
  17:59:13 bl-ck128-f64c64  cpu112  dom28   1463.9s  rc=0  self 100%  co-tenants: none
  17:59:22 bl-kc128-f64c64  cpu32   dom8    1472.8s  rc=0  self 100%  co-tenants: none
  18:03:49 bl-kc64-f64c64   cpu16   dom4    1740.0s  rc=0  self 100%  co-tenants: none
  18:04:10 bl-ck64-f64c64   cpu96   dom24   1760.9s  rc=0  self 100%  co-tenants: none
  18:05:46 bl-ck128-f32c32  cpu88   dom22    828.6s  rc=0  self 100%  co-tenants: none
  18:06:03 bl-ck64-f32c32   cpu104  dom26   1058.7s  rc=0  self 100%  co-tenants: none
  18:07:02 bl-basem-f32c32  cpu80   dom20    670.8s  rc=0  self 100%  co-tenants: none
  18:07:33 bl-ck512-f32c32  cpu68   dom17    658.9s  rc=0  self 100%  co-tenants: none
  18:07:42 bl-mc25-f32c32   cpu52   dom13    661.2s  rc=0  self 100%  co-tenants: none
  18:07:44 bl-ck384-f32c32  cpu84   dom21    670.8s  rc=0  self 100%  co-tenants: none
  18:07:50 bl-mc50-f32c32   cpu36   dom9     661.5s  rc=0  self 100%  co-tenants: none
  18:08:03 bl-ck256-f32c32  cpu64   dom16    707.0s  rc=0  self 100%  co-tenants: none
  18:08:07 bl-mc200-f32c32  cpu116  dom29    672.2s  rc=0  self 100%  co-tenants: none
  18:08:19 bl-mc400-f32c32  cpu100  dom25    673.7s  rc=0  self 100%  co-tenants: none
  18:08:23 bl-nc400-f32c32  cpu0    dom0     674.0s  rc=0  self 100%  co-tenants: none
  18:08:26 bl-base2-f32c32  cpu4    dom1     673.7s  rc=0  self 100%  co-tenants: none
  18:09:06 bl-nc25-f32c32   cpu48   dom12    719.1s  rc=0  self 100%  co-tenants: none
  18:09:28 bl-model-f32c32  cpu72   dom18    735.9s  rc=0  self 100%  co-tenants: none

40 arms in 34.6 min wall (sum of arm times 707.3 min)
observed overlap per arm: min 23, max 39
grid complete; score rules with scripts/blocking-score-rules.py
