pinned.sh: cpus 0 idle before and after (attempt 1)
pinned.sh: cpus 0 idle before and after (attempt 1)
pinned.sh: cpus 0,1,2,3 idle before and after (attempt 1)
pinned.sh: cpus 0,1,2,3 idle before and after (attempt 1)
pinned.sh: cpus 0,1,2,3,4,5,6,7 idle before and after (attempt 1)
pinned.sh: cpus 0,1,2,3,4,5,6,7 idle before and after (attempt 1)
pinned.sh: cpus 0 idle before and after (attempt 1)
pinned.sh: cpus 0 idle before and after (attempt 1)
pinned.sh: cpus 0,1,2,3 idle before and after (attempt 1)
pinned.sh: cpus 0,1,2,3 idle before and after (attempt 1)
pinned.sh: cpus 0,1,2,3,4,5,6,7 idle before and after (attempt 1)
pinned.sh: cpus 0,1,2,3,4,5,6,7 idle before and after (attempt 1)
pinned.sh: cpus 0 idle before and after (attempt 1)
pinned.sh: cpus 0 idle before and after (attempt 1)
pinned.sh: cpus 0,1,2,3 idle before and after (attempt 1)
pinned.sh: cpus 0,1,2,3 idle before and after (attempt 1)
pinned.sh: cpus 0,1,2,3,4,5,6,7 idle before and after (attempt 1)
pinned.sh: cpus 0,1,2,3,4,5,6,7 idle before and after (attempt 1)
pinned.sh: cpus 0 idle before and after (attempt 1)
pinned.sh: cpus 0 idle before and after (attempt 1)
pinned.sh: cpus 0,1,2,3 idle before and after (attempt 1)
pinned.sh: cpus 0,1,2,3 idle before and after (attempt 1)
pinned.sh: cpus 0,1,2,3,4,5,6,7 idle before and after (attempt 1)
pinned.sh: cpus 0,1,2,3,4,5,6,7 idle before and after (attempt 1)
pinned.sh: cpus 0 idle before and after (attempt 1)
pinned.sh: cpus 0 idle before and after (attempt 1)
pinned.sh: cpus 0,1,2,3 idle before and after (attempt 1)
pinned.sh: cpus 0,1,2,3 idle before and after (attempt 1)
pinned.sh: cpus 0,1,2,3,4,5,6,7 idle before and after (attempt 1)
pinned.sh: cpus 0,1,2,3,4,5,6,7 idle before and after (attempt 1)
pinned.sh: cpus 0 idle before and after (attempt 1)
pinned.sh: cpus 0 idle before and after (attempt 1)
pinned.sh: cpus 0,1,2,3 idle before and after (attempt 1)
pinned.sh: cpus 0,1,2,3 idle before and after (attempt 1)
pinned.sh: cpus 0,1,2,3,4,5,6,7 idle before and after (attempt 1)
pinned.sh: cpus 0,1,2,3,4,5,6,7 idle before and after (attempt 1)
pinned.sh: cpus 0 idle before and after (attempt 1)
pinned.sh: cpus 0 idle before and after (attempt 1)
pinned.sh: cpus 0,1,2,3 idle before and after (attempt 1)
pinned.sh: cpus 0,1,2,3 idle before and after (attempt 1)
pinned.sh: cpus 0,1,2,3,4,5,6,7 idle before and after (attempt 1)
pinned.sh: cpus 0,1,2,3,4,5,6,7 idle before and after (attempt 1)
pinned.sh: cpus 0 idle before and after (attempt 1)
pinned.sh: cpus 0 idle before and after (attempt 1)
pinned.sh: cpus 0,1,2,3 idle before and after (attempt 1)
pinned.sh: cpus 0,1,2,3 idle before and after (attempt 1)
pinned.sh: cpus 0,1,2,3,4,5,6,7 idle before and after (attempt 1)
pinned.sh: cpus 0,1,2,3,4,5,6,7 idle before and after (attempt 1)
pinned.sh: cpus 0 idle before and after (attempt 1)
pinned.sh: cpus 0 idle before and after (attempt 1)
pinned.sh: cpus 0,1,2,3 idle before and after (attempt 1)
pinned.sh: cpus 0,1,2,3 idle before and after (attempt 1)
pinned.sh: cpus 0,1,2,3,4,5,6,7 idle before and after (attempt 1)
pinned.sh: cpus 0,1,2,3,4,5,6,7 idle before and after (attempt 1)
pinned.sh: cpus 0 idle before and after (attempt 1)
pinned.sh: cpus 0 idle before and after (attempt 1)
pinned.sh: cpus 0,1,2,3 idle before and after (attempt 1)
pinned.sh: cpus 0,1,2,3 idle before and after (attempt 1)
pinned.sh: cpus 0,1,2,3,4,5,6,7 idle before and after (attempt 1)
pinned.sh: cpus 0,1,2,3,4,5,6,7 idle before and after (attempt 1)
pinned.sh: cpus 0 idle before and after (attempt 1)
pinned.sh: cpus 0 idle before and after (attempt 1)
pinned.sh: cpus 0,1,2,3 idle before and after (attempt 1)
pinned.sh: cpus 0,1,2,3 idle before and after (attempt 1)
pinned.sh: cpus 0,1,2,3,4,5,6,7 idle before and after (attempt 1)
pinned.sh: cpus 0,1,2,3,4,5,6,7 idle before and after (attempt 1)
pinned.sh: cpus 0 idle before and after (attempt 1)
pinned.sh: cpus 0 idle before and after (attempt 1)
pinned.sh: cpus 0,1,2,3 idle before and after (attempt 1)
pinned.sh: cpus 0,1,2,3 idle before and after (attempt 1)
pinned.sh: cpus 0,1,2,3,4,5,6,7 idle before and after (attempt 1)
pinned.sh: cpus 0,1,2,3,4,5,6,7 idle before and after (attempt 1)
pinned.sh: cpus 0 idle before and after (attempt 1)
pinned.sh: cpus 0 idle before and after (attempt 1)
pinned.sh: cpus 0,1,2,3 idle before and after (attempt 1)
pinned.sh: cpus 0,1,2,3 idle before and after (attempt 1)
pinned.sh: cpus 0,1,2,3,4,5,6,7 idle before and after (attempt 1)
pinned.sh: cpus 0,1,2,3,4,5,6,7 idle before and after (attempt 1)
pinned.sh: cpus 0 idle before and after (attempt 1)
pinned.sh: cpus 0 idle before and after (attempt 1)
pinned.sh: cpus 0,1,2,3 idle before and after (attempt 1)
pinned.sh: cpus 0,1,2,3 idle before and after (attempt 1)
pinned.sh: cpus 0,1,2,3,4,5,6,7 idle before and after (attempt 1)
pinned.sh: cpus 0,1,2,3,4,5,6,7 idle before and after (attempt 1)
pinned.sh: cpus 0 idle before and after (attempt 1)
pinned.sh: cpus 0 idle before and after (attempt 1)
pinned.sh: cpus 0,1,2,3 idle before and after (attempt 1)
pinned.sh: cpus 0,1,2,3 idle before and after (attempt 1)
pinned.sh: cpus 0,1,2,3,4,5,6,7 idle before and after (attempt 1)
pinned.sh: cpus 0,1,2,3,4,5,6,7 idle before and after (attempt 1)
pinned.sh: cpus 0 idle before and after (attempt 1)
pinned.sh: cpus 0 idle before and after (attempt 1)
pinned.sh: cpus 0,1,2,3 idle before and after (attempt 1)
pinned.sh: cpus 0,1,2,3 idle before and after (attempt 1)
pinned.sh: cpus 0,1,2,3,4,5,6,7 idle before and after (attempt 1)
pinned.sh: cpus 0,1,2,3,4,5,6,7 idle before and after (attempt 1)
pinned.sh: cpus 0 idle before and after (attempt 1)
pinned.sh: cpus 0 idle before and after (attempt 1)
pinned.sh: cpus 0,1,2,3 idle before and after (attempt 1)
pinned.sh: cpus 0,1,2,3 idle before and after (attempt 1)
pinned.sh: cpus 0,1,2,3,4,5,6,7 idle before and after (attempt 1)
pinned.sh: cpus 0,1,2,3,4,5,6,7 idle before and after (attempt 1)
pinned.sh: cpus 0 idle before and after (attempt 1)
pinned.sh: cpus 0 idle before and after (attempt 1)
pinned.sh: cpus 0,1,2,3 idle before and after (attempt 1)
pinned.sh: cpus 0,1,2,3 idle before and after (attempt 1)
pinned.sh: cpus 0,1,2,3,4,5,6,7 idle before and after (attempt 1)
pinned.sh: cpus 0,1,2,3,4,5,6,7 idle before and after (attempt 1)
pinned.sh: cpus 0 idle before and after (attempt 1)
pinned.sh: cpus 0 idle before and after (attempt 1)
pinned.sh: cpus 0,1,2,3 idle before and after (attempt 1)
pinned.sh: cpus 0,1,2,3 idle before and after (attempt 1)
pinned.sh: cpus 0,1,2,3,4,5,6,7 idle before and after (attempt 1)
pinned.sh: cpus 0,1,2,3,4,5,6,7 idle before and after (attempt 1)
pinned.sh: cpus 0 idle before and after (attempt 1)
pinned.sh: cpus 0 idle before and after (attempt 1)
pinned.sh: cpus 0,1,2,3 idle before and after (attempt 1)
pinned.sh: cpus 0,1,2,3 idle before and after (attempt 1)
pinned.sh: cpus 0,1,2,3,4,5,6,7 idle before and after (attempt 1)
pinned.sh: cpus 0,1,2,3,4,5,6,7 idle before and after (attempt 1)
pinned.sh: cpus 0 idle before and after (attempt 1)
pinned.sh: cpus 0 idle before and after (attempt 1)
pinned.sh: cpus 0,1,2,3 idle before and after (attempt 1)
pinned.sh: cpus 0,1,2,3 idle before and after (attempt 1)
pinned.sh: cpus 0,1,2,3,4,5,6,7 idle before and after (attempt 1)
pinned.sh: cpus 0,1,2,3,4,5,6,7 idle before and after (attempt 1)
pinned.sh: cpus 0 idle before and after (attempt 1)
pinned.sh: cpus 0 idle before and after (attempt 1)
pinned.sh: cpus 0,1,2,3 idle before and after (attempt 1)
pinned.sh: cpus 0,1,2,3 idle before and after (attempt 1)
pinned.sh: cpus 0,1,2,3,4,5,6,7 idle before and after (attempt 1)
pinned.sh: cpus 0,1,2,3,4,5,6,7 idle before and after (attempt 1)
pinned.sh: cpus 0 idle before and after (attempt 1)
pinned.sh: cpus 0 idle before and after (attempt 1)
pinned.sh: cpus 0,1,2,3 idle before and after (attempt 1)
pinned.sh: cpus 0,1,2,3 idle before and after (attempt 1)
pinned.sh: cpus 0,1,2,3,4,5,6,7 idle before and after (attempt 1)
pinned.sh: cpus 0,1,2,3,4,5,6,7 idle before and after (attempt 1)
pinned.sh: cpus 0 idle before and after (attempt 1)
pinned.sh: cpus 0 idle before and after (attempt 1)
pinned.sh: cpus 0,1,2,3 idle before and after (attempt 1)
pinned.sh: cpus 0,1,2,3 idle before and after (attempt 1)
pinned.sh: cpus 0,1,2,3,4,5,6,7 idle before and after (attempt 1)
pinned.sh: cpus 0,1,2,3,4,5,6,7 idle before and after (attempt 1)
pinned.sh: cpus 0 idle before and after (attempt 1)
pinned.sh: cpus 0 idle before and after (attempt 1)
pinned.sh: cpus 0,1,2,3 idle before and after (attempt 1)
pinned.sh: cpus 0,1,2,3 idle before and after (attempt 1)
pinned.sh: cpus 0,1,2,3,4,5,6,7 idle before and after (attempt 1)
pinned.sh: cpus 0,1,2,3,4,5,6,7 idle before and after (attempt 1)
pinned.sh: cpus 0 idle before and after (attempt 1)
pinned.sh: cpus 0 idle before and after (attempt 1)
pinned.sh: cpus 0,1,2,3 idle before and after (attempt 1)
pinned.sh: cpus 0,1,2,3 idle before and after (attempt 1)
pinned.sh: cpus 0,1,2,3,4,5,6,7 idle before and after (attempt 1)
pinned.sh: cpus 0,1,2,3,4,5,6,7 idle before and after (attempt 1)
pinned.sh: cpus 0 idle before and after (attempt 1)
pinned.sh: cpus 0 idle before and after (attempt 1)
pinned.sh: cpus 0,1,2,3 idle before and after (attempt 1)
pinned.sh: cpus 0,1,2,3 idle before and after (attempt 1)
pinned.sh: cpus 0,1,2,3,4,5,6,7 idle before and after (attempt 1)
pinned.sh: cpus 0,1,2,3,4,5,6,7 idle before and after (attempt 1)
pinned.sh: cpus 0 idle before and after (attempt 1)
pinned.sh: cpus 0 idle before and after (attempt 1)
pinned.sh: cpus 0,1,2,3 idle before and after (attempt 1)
pinned.sh: cpus 0,1,2,3 idle before and after (attempt 1)
pinned.sh: cpus 0,1,2,3,4,5,6,7 idle before and after (attempt 1)
pinned.sh: cpus 0,1,2,3,4,5,6,7 idle before and after (attempt 1)
pinned.sh: cpus 0 idle before and after (attempt 1)
pinned.sh: cpus 0 idle before and after (attempt 1)
pinned.sh: cpus 0,1,2,3 idle before and after (attempt 1)
pinned.sh: cpus 0,1,2,3 idle before and after (attempt 1)
pinned.sh: cpus 0,1,2,3,4,5,6,7 idle before and after (attempt 1)
pinned.sh: cpus 0,1,2,3,4,5,6,7 idle before and after (attempt 1)
pinned.sh: cpus 0 idle before and after (attempt 1)
pinned.sh: cpus 0 idle before and after (attempt 1)
pinned.sh: cpus 0,1,2,3 busy before run (attempt 1); waiting
pinned.sh: no valid run on cpus 0,1,2,3
pinned.sh: cpus 16 idle before and after (attempt 1)
pinned.sh: cpus 16 busy after run (attempt 1); discarding it
pinned.sh: no valid run on cpus 16
pinned.sh: cpus 0 busy before run (attempt 1); waiting
pinned.sh: no valid run on cpus 0
pinned.sh: cpus 0 idle before and after (attempt 1)
pinned.sh: cpus 0 idle before and after (attempt 1)
pinned.sh: cpus 0,1,2,3 idle before and after (attempt 1)
pinned.sh: cpus 0,1,2,3 idle before and after (attempt 1)
pinned.sh: cpus 0,1,2,3,4,5,6,7 idle before and after (attempt 1)
pinned.sh: cpus 0,1,2,3,4,5,6,7 idle before and after (attempt 1)
pinned.sh: cpus 0 idle before and after (attempt 1)
pinned.sh: cpus 0 idle before and after (attempt 1)
pinned.sh: cpus 0,1,2,3 idle before and after (attempt 1)
pinned.sh: cpus 0,1,2,3 idle before and after (attempt 1)
pinned.sh: cpus 0,1,2,3,4,5,6,7 idle before and after (attempt 1)
pinned.sh: cpus 0,1,2,3,4,5,6,7 idle before and after (attempt 1)
pinned.sh: cpus 0 idle before and after (attempt 1)
pinned.sh: cpus 0 idle before and after (attempt 1)
pinned.sh: cpus 0,1,2,3 idle before and after (attempt 1)
pinned.sh: cpus 0,1,2,3 idle before and after (attempt 1)
pinned.sh: cpus 0,1,2,3,4,5,6,7 idle before and after (attempt 1)
pinned.sh: cpus 0,1,2,3,4,5,6,7 idle before and after (attempt 1)
pinned.sh: cpus 0 idle before and after (attempt 1)
pinned.sh: cpus 0 idle before and after (attempt 1)
pinned.sh: cpus 0,1,2,3 idle before and after (attempt 1)
pinned.sh: cpus 0,1,2,3 idle before and after (attempt 1)
pinned.sh: cpus 0,1,2,3,4,5,6,7 idle before and after (attempt 1)
pinned.sh: cpus 0,1,2,3,4,5,6,7 idle before and after (attempt 1)
pinned.sh: cpus 0 idle before and after (attempt 1)
pinned.sh: cpus 0 idle before and after (attempt 1)
pinned.sh: cpus 0,1,2,3 idle before and after (attempt 1)
pinned.sh: cpus 0,1,2,3 idle before and after (attempt 1)
pinned.sh: cpus 0,1,2,3,4,5,6,7 idle before and after (attempt 1)
pinned.sh: cpus 0,1,2,3,4,5,6,7 idle before and after (attempt 1)
pinned.sh: cpus 0 idle before and after (attempt 1)
pinned.sh: cpus 0 idle before and after (attempt 1)
pinned.sh: cpus 0,1,2,3 idle before and after (attempt 1)
pinned.sh: cpus 0,1,2,3 idle before and after (attempt 1)
pinned.sh: cpus 0,1,2,3,4,5,6,7 idle before and after (attempt 1)
pinned.sh: cpus 0,1,2,3,4,5,6,7 idle before and after (attempt 1)
pinned.sh: cpus 0 idle before and after (attempt 1)
pinned.sh: cpus 0 idle before and after (attempt 1)
pinned.sh: cpus 0,1,2,3 idle before and after (attempt 1)
pinned.sh: cpus 0,1,2,3 idle before and after (attempt 1)
pinned.sh: cpus 0,1,2,3,4,5,6,7 idle before and after (attempt 1)
pinned.sh: cpus 0,1,2,3,4,5,6,7 idle before and after (attempt 1)
pinned.sh: cpus 0 idle before and after (attempt 1)
pinned.sh: cpus 0 idle before and after (attempt 1)
pinned.sh: cpus 0,1,2,3 idle before and after (attempt 1)
pinned.sh: cpus 0,1,2,3 idle before and after (attempt 1)
pinned.sh: cpus 0,1,2,3,4,5,6,7 idle before and after (attempt 1)
pinned.sh: cpus 0,1,2,3,4,5,6,7 idle before and after (attempt 1)
pinned.sh: cpus 0 idle before and after (attempt 1)
pinned.sh: cpus 0 idle before and after (attempt 1)
pinned.sh: cpus 0,1,2,3 idle before and after (attempt 1)
pinned.sh: cpus 0,1,2,3 idle before and after (attempt 1)
pinned.sh: cpus 0,1,2,3,4,5,6,7 idle before and after (attempt 1)
pinned.sh: cpus 0,1,2,3,4,5,6,7 idle before and after (attempt 1)
