host            : worker5040
slurm           : job 6745376 on worker5040
cpus allowed    : 128 of 128 online (0-127)
physical cores  : 128   SMT width 1  (SMT off: no sibling to contend with)
sockets         : 0:64c  1:64c
numa nodes      : 0:16c  1:16c  2:16c  3:16c  4:16c  5:16c  6:16c  7:16c
L1              : 32K 8-way, shared by 1 logical cpus
L2              : 512K 8-way, shared by 1 logical cpus
L3              : 16384K 16-way, shared by 4 logical cpus
L3 domains      : 32, 4 cpus each (16384K per domain)

placement       : 24 concurrent arms of 32 domains, one core per domain, rest of each domain idle
                  cpus 0,4,8,16,20,24,32,36,40,48,52,56,64,68,72,80,84,88,96,100,104,112,116,120
                  per numa node: 0:3  1:3  2:3  3:3  4:3  5:3  6:3  7:3

wrote bench-results/worker5040-zen2/phase4f/topology.json
cpuset 0,1,2,3,4,5,6,7,8,9,10,11,12,13,14,15,16,17,18,19,20,21,22,23,24,25,26,27,28,29,30,31,32,33,34,35,36,37,38,39,40,41,42,43,44,45,46,47,48,49,50,51,52,53,54,55,56,57,58,59,60,61,62,63: 64 logical CPUs on 64 physical cores
threads will run on cpus 0,1,2,3,4,5,6,7,8,9,10,11,12,13,14,15,16,17,18,19,20,21,22,23,24,25,26,27,28,29,30,31,32,33,34,35,36,37,38,39,40,41,42,43,44,45,46,47,48,49,50,51,52,53,54,55,56,57,58,59,60,61,62,63 (64 cores); thread counts: 1 2 4 8 16 32 64
partition arms at 64 threads
  15:32:54 th-t1-f64c64 done: in-cpuset  n=1 busy min 100% mean 100% max 100%|rest of allocation n=127 busy mean 0.0% max 0.4%|exclusivity ok: nothing else in the allocation above 5%|
  15:44:15 th-t2-f64c64 done: in-cpuset  n=2 busy min 98% mean 98% max 98%|rest of allocation n=126 busy mean 0.0% max 0.8%|exclusivity ok: nothing else in the allocation above 5%|
  15:50:11 th-t4-f64c64 done: in-cpuset  n=4 busy min 95% mean 95% max 96%|rest of allocation n=124 busy mean 0.0% max 0.7%|exclusivity ok: nothing else in the allocation above 5%|
  15:53:39 th-t8-f64c64 done: in-cpuset  n=8 busy min 87% mean 88% max 89%|rest of allocation n=120 busy mean 0.0% max 0.7%|exclusivity ok: nothing else in the allocation above 5%|
  15:55:56 th-t16-f64c64 done: in-cpuset  n=16 busy min 71% mean 73% max 76%|rest of allocation n=112 busy mean 0.0% max 0.5%|exclusivity ok: nothing else in the allocation above 5%|
  15:58:01 th-t32-f64c64 done: in-cpuset  n=32 busy min 38% mean 49% max 58%|rest of allocation n=96 busy mean 0.0% max 0.7%|exclusivity ok: nothing else in the allocation above 5%|
  16:00:13 th-t64-f64c64 done: in-cpuset  n=64 busy min 26% mean 36% max 48%|rest of allocation n=64 busy mean 0.1% max 1.1%|exclusivity ok: nothing else in the allocation above 5%|
  16:02:30 th-t64-pm-f64c64 done: in-cpuset  n=64 busy min 26% mean 36% max 51%|rest of allocation n=64 busy mean 0.1% max 0.6%|exclusivity ok: nothing else in the allocation above 5%|
  16:05:50 th-t64-pn-f64c64 done: in-cpuset  n=64 busy min 59% mean 63% max 72%|rest of allocation n=64 busy mean 0.1% max 0.6%|exclusivity ok: nothing else in the allocation above 5%|
  16:28:16 th-t1b-f64c64 done: in-cpuset  n=1 busy min 100% mean 100% max 100%|rest of allocation n=127 busy mean 0.0% max 0.5%|exclusivity ok: nothing else in the allocation above 5%|
done f64c64
  16:39:45 th-t1-f32c32 done: in-cpuset  n=1 busy min 100% mean 100% max 100%|rest of allocation n=127 busy mean 0.0% max 1.0%|exclusivity ok: nothing else in the allocation above 5%|
  16:45:40 th-t2-f32c32 done: in-cpuset  n=2 busy min 97% mean 98% max 98%|rest of allocation n=126 busy mean 0.0% max 1.1%|exclusivity ok: nothing else in the allocation above 5%|
  16:48:48 th-t4-f32c32 done: in-cpuset  n=4 busy min 93% mean 94% max 94%|rest of allocation n=124 busy mean 0.0% max 1.3%|exclusivity ok: nothing else in the allocation above 5%|
  16:50:42 th-t8-f32c32 done: in-cpuset  n=8 busy min 82% mean 83% max 84%|rest of allocation n=120 busy mean 0.0% max 1.1%|exclusivity ok: nothing else in the allocation above 5%|
  16:52:00 th-t16-f32c32 done: in-cpuset  n=16 busy min 62% mean 65% max 69%|rest of allocation n=112 busy mean 0.0% max 1.3%|exclusivity ok: nothing else in the allocation above 5%|
  16:53:13 th-t32-f32c32 done: in-cpuset  n=32 busy min 34% mean 43% max 50%|rest of allocation n=96 busy mean 0.0% max 1.4%|exclusivity ok: nothing else in the allocation above 5%|
  16:54:28 th-t64-f32c32 done: in-cpuset  n=64 busy min 20% mean 29% max 36%|rest of allocation n=64 busy mean 0.1% max 1.3%|exclusivity ok: nothing else in the allocation above 5%|
  16:55:44 th-t64-pm-f32c32 done: in-cpuset  n=64 busy min 21% mean 29% max 40%|rest of allocation n=64 busy mean 0.1% max 1.2%|exclusivity ok: nothing else in the allocation above 5%|
  16:57:12 th-t64-pn-f32c32 done: in-cpuset  n=64 busy min 52% mean 58% max 69%|rest of allocation n=64 busy mean 0.1% max 1.1%|exclusivity ok: nothing else in the allocation above 5%|
  17:08:47 th-t1b-f32c32 done: in-cpuset  n=1 busy min 100% mean 100% max 100%|rest of allocation n=127 busy mean 0.0% max 1.3%|exclusivity ok: nothing else in the allocation above 5%|
done f32c32

this node's noise floor (t1 vs its bracketing repeat):
== f64c64 t1 vs t1b
dtype  engine  or   n  geomean     min     max
  c64      1m  AB  37    0.960   0.833   0.999
  c64      1m  BA  12    0.954   0.850   1.007
  c64      3m  AB  37    0.957   0.855   1.000
  c64      3m  BA  12    0.956   0.856   0.999
  c64  planar  AB  37    0.967   0.858   1.003
  c64  planar  BA  12    0.962   0.901   0.995
  f64      1m  AB  37    0.959   0.828   1.009
  f64      1m  BA  12    0.935   0.771   0.984
  f64      3m  AB  37    0.959   0.828   1.009
  f64      3m  BA  12    0.935   0.771   0.984
  f64  planar  AB  37    0.959   0.828   1.009
  f64  planar  BA  12    0.935   0.771   0.984

--- outside the +/-6% per-case noise floor (57 of 294) ---
  0.771        abcs-rc-abrs  f64      1m  BA     24.0 ->    18.5
  0.771        abcs-rc-abrs  f64      3m  BA     24.0 ->    18.5
  0.771        abcs-rc-abrs  f64  planar  BA     24.0 ->    18.5
  0.828        abjc-cbka-kj  f64      1m  AB     12.5 ->    10.4
  0.828        abjc-cbka-kj  f64      3m  AB     12.5 ->    10.4
== f32c32 t1 vs t1b
dtype  engine  or   n  geomean     min     max
  c32      1m  AB  37    0.990   0.941   1.044
  c32      1m  BA  12    0.980   0.883   0.999
  c32      3m  AB  37    0.991   0.953   1.024
  c32      3m  BA  12    0.981   0.881   0.997
  c32  planar  AB  37    0.991   0.969   1.017
  c32  planar  BA  12    0.985   0.921   1.003
  f32      1m  AB  37    0.983   0.897   1.018
  f32      1m  BA  12    0.975   0.900   0.999
  f32      3m  AB  37    0.983   0.897   1.018
  f32      3m  BA  12    0.975   0.900   0.999
  f32  planar  AB  37    0.983   0.897   1.018
  f32  planar  BA  12    0.975   0.900   0.999

--- outside the +/-6% per-case noise floor (15 of 294) ---
  0.881        abcs-rc-abrs  c32      3m  BA     50.9 ->    44.9
  0.883        abcs-rc-abrs  c32      1m  BA     53.5 ->    47.2
  0.897      ajbdc-ckbad-jk  f32      1m  AB      6.2 ->     5.6
  0.897      ajbdc-ckbad-jk  f32      3m  AB      6.2 ->     5.6
  0.897      ajbdc-ckbad-jk  f32  planar  AB      6.2 ->     5.6

scaling, each arm against the 1-thread arm:
== f64c64 t2
dtype  engine  or   n  geomean     min     max
  c64      1m  AB  37    1.946   1.830   1.994
  c64      1m  BA  12    1.952   1.928   1.993
  c64      3m  AB  37    1.945   1.793   2.016
  c64      3m  BA  12    1.983   1.929   2.112
  c64  planar  AB  37    1.954   1.847   2.008
  c64  planar  BA  12    1.959   1.938   1.988
  f64      1m  AB  37    1.890   1.291   2.033
  f64      1m  BA  12    1.913   1.857   1.967
  f64      3m  AB  37    1.890   1.291   2.033
  f64      3m  BA  12    1.913   1.857   1.967
  f64  planar  AB  37    1.890   1.291   2.033
  f64  planar  BA  12    1.913   1.857   1.967

--- outside the +/-6% per-case noise floor (294 of 294) ---
  1.291        ajbc-ckba-jk  f64      1m  AB     19.1 ->    24.7
  1.291        ajbc-ckba-jk  f64      3m  AB     19.1 ->    24.7
  1.291        ajbc-ckba-jk  f64  planar  AB     19.1 ->    24.7
  1.614        abjc-cbka-kj  f64      1m  AB     12.5 ->    20.2
  1.614        abjc-cbka-kj  f64      3m  AB     12.5 ->    20.2
== f64c64 t4
dtype  engine  or   n  geomean     min     max
  c64      1m  AB  37    3.715   3.227   3.981
  c64      1m  BA  12    3.735   3.539   4.009
  c64      3m  AB  37    3.716   3.193   3.982
  c64      3m  BA  12    3.831   3.710   4.138
  c64  planar  AB  37    3.714   3.231   3.963
  c64  planar  BA  12    3.772   3.688   3.942
  f64      1m  AB  37    3.417   2.173   3.925
  f64      1m  BA  12    3.380   2.978   3.913
  f64      3m  AB  37    3.417   2.173   3.925
  f64      3m  BA  12    3.380   2.978   3.913
  f64  planar  AB  37    3.417   2.173   3.925
  f64  planar  BA  12    3.380   2.978   3.913

--- outside the +/-6% per-case noise floor (294 of 294) ---
  2.173        ajbc-ckba-jk  f64      1m  AB     19.1 ->    41.5
  2.173        ajbc-ckba-jk  f64      3m  AB     19.1 ->    41.5
  2.173        ajbc-ckba-jk  f64  planar  AB     19.1 ->    41.5
  2.489        abjc-cbka-kj  f64      1m  AB     12.5 ->    31.2
  2.489        abjc-cbka-kj  f64      3m  AB     12.5 ->    31.2
== f64c64 t8
dtype  engine  or   n  geomean     min     max
  c64      1m  AB  37    6.098   3.456   7.623
  c64      1m  BA  12    5.848   4.214   7.724
  c64      3m  AB  37    6.221   3.227   7.560
  c64      3m  BA  12    6.250   5.477   7.449
  c64  planar  AB  37    6.232   3.737   7.624
  c64  planar  BA  12    6.165   4.834   7.646
  f64      1m  AB  37    4.892   1.652   7.279
  f64      1m  BA  12    4.218   3.048   5.894
  f64      3m  AB  37    4.892   1.652   7.279
  f64      3m  BA  12    4.218   3.048   5.894
  f64  planar  AB  37    4.892   1.652   7.279
  f64  planar  BA  12    4.218   3.048   5.894

--- outside the +/-6% per-case noise floor (294 of 294) ---
  1.652        aqrs-pa-pqrs  f64      1m  AB     25.4 ->    41.9
  1.652        aqrs-pa-pqrs  f64      3m  AB     25.4 ->    41.9
  1.652        aqrs-pa-pqrs  f64  planar  AB     25.4 ->    41.9
  2.404          ij-ikl-ljk  f64      1m  AB     33.2 ->    79.8
  2.404          ij-ikl-ljk  f64      3m  AB     33.2 ->    79.8
== f64c64 t16
dtype  engine  or   n  geomean     min     max
  c64      1m  AB  37    7.965   3.485  13.302
  c64      1m  BA  12    6.165   4.393   9.732
  c64      3m  AB  37    7.985   2.911  13.011
  c64      3m  BA  12    6.704   5.684   9.625
  c64  planar  AB  37    8.151   3.600  13.752
  c64  planar  BA  12    6.801   4.846  11.147
  f64      1m  AB  37    6.195   2.678  11.768
  f64      1m  BA  12    4.615   3.391   7.966
  f64      3m  AB  37    6.195   2.678  11.768
  f64      3m  BA  12    4.615   3.391   7.966
  f64  planar  AB  37    6.195   2.678  11.768
  f64  planar  BA  12    4.615   3.391   7.966

--- outside the +/-6% per-case noise floor (294 of 294) ---
  2.678        ajbc-ckba-jk  f64      1m  AB     19.1 ->    51.2
  2.678        ajbc-ckba-jk  f64      3m  AB     19.1 ->    51.2
  2.678        ajbc-ckba-jk  f64  planar  AB     19.1 ->    51.2
  2.911        aqrs-pa-pqrs  c64      3m  AB     33.0 ->    96.0
  3.169        abjc-cbka-kj  f64      1m  AB     12.5 ->    39.7
== f64c64 t32
dtype  engine  or   n  geomean     min     max
  c64      1m  AB  37    8.527   4.000  16.811
  c64      1m  BA  12    6.091   4.125  10.446
  c64      3m  AB  37    8.595   3.659  18.068
  c64      3m  BA  12    6.622   4.885  10.202
  c64  planar  AB  37    9.006   4.613  18.426
  c64  planar  BA  12    6.733   4.831   9.564
  f64      1m  AB  37    6.063   2.433  14.573
  f64      1m  BA  12    4.651   2.899   7.353
  f64      3m  AB  37    6.063   2.433  14.573
  f64      3m  BA  12    4.651   2.899   7.353
  f64  planar  AB  37    6.063   2.433  14.573
  f64  planar  BA  12    4.651   2.899   7.353

--- outside the +/-6% per-case noise floor (294 of 294) ---
  2.433          ij-ikl-ljk  f64      1m  AB     33.2 ->    80.7
  2.433          ij-ikl-ljk  f64      3m  AB     33.2 ->    80.7
  2.433          ij-ikl-ljk  f64  planar  AB     33.2 ->    80.7
  2.552          ij-kil-lkj  f64      1m  AB     32.9 ->    84.0
  2.552          ij-kil-lkj  f64      3m  AB     32.9 ->    84.0
== f64c64 t64
dtype  engine  or   n  geomean     min     max
  c64      1m  AB  37    7.958   2.848  16.312
  c64      1m  BA  12    5.557   3.523   9.880
  c64      3m  AB  37    7.772   2.538  16.696
  c64      3m  BA  12    5.758   3.922   9.407
  c64  planar  AB  37    8.347   2.960  17.797
  c64  planar  BA  12    5.839   3.947   8.469
  f64      1m  AB  37    5.752   2.126  13.502
  f64      1m  BA  12    4.330   2.433   5.966
  f64      3m  AB  37    5.752   2.126  13.502
  f64      3m  BA  12    4.330   2.433   5.966
  f64  planar  AB  37    5.752   2.126  13.502
  f64  planar  BA  12    4.330   2.433   5.966

--- outside the +/-6% per-case noise floor (294 of 294) ---
  2.126          ij-ikl-ljk  f64      1m  AB     33.2 ->    70.6
  2.126          ij-ikl-ljk  f64      3m  AB     33.2 ->    70.6
  2.126          ij-ikl-ljk  f64  planar  AB     33.2 ->    70.6
  2.287          ij-kil-lkj  f64      1m  AB     32.9 ->    75.3
  2.287          ij-kil-lkj  f64      3m  AB     32.9 ->    75.3
== f32c32 t2
dtype  engine  or   n  geomean     min     max
  c32      1m  AB  37    1.949   1.307   2.082
  c32      1m  BA  12    2.015   1.956   2.360
  c32      3m  AB  37    1.956   1.403   2.086
  c32      3m  BA  12    1.983   1.951   2.008
  c32  planar  AB  37    1.949   1.479   2.039
  c32  planar  BA  12    1.971   1.943   2.023
  f32      1m  AB  37    1.885   0.984   2.098
  f32      1m  BA  12    1.931   1.773   2.034
  f32      3m  AB  37    1.885   0.984   2.098
  f32      3m  BA  12    1.931   1.773   2.034
  f32  planar  AB  37    1.885   0.984   2.098
  f32  planar  BA  12    1.931   1.773   2.034

--- outside the +/-6% per-case noise floor (291 of 294) ---
  1.307        ajbc-ckba-jk  c32      1m  AB     37.7 ->    49.3
  1.403        ajbc-ckba-jk  c32      3m  AB     41.0 ->    57.6
  1.479        ajbc-ckba-jk  c32  planar  AB     43.7 ->    64.7
  1.545      adbjc-cbdka-kj  f32      1m  AB      5.8 ->     9.0
  1.545      adbjc-cbdka-kj  f32      3m  AB      5.8 ->     9.0
== f32c32 t4
dtype  engine  or   n  geomean     min     max
  c32      1m  AB  37    3.734   2.539   4.026
  c32      1m  BA  12    3.885   3.636   4.341
  c32      3m  AB  37    3.748   2.586   4.019
  c32      3m  BA  12    3.889   3.733   4.263
  c32  planar  AB  37    3.715   2.681   4.047
  c32  planar  BA  12    3.855   3.733   4.145
  f32      1m  AB  37    3.474   1.567   3.906
  f32      1m  BA  12    3.630   3.265   3.897
  f32      3m  AB  37    3.474   1.567   3.906
  f32      3m  BA  12    3.630   3.265   3.897
  f32  planar  AB  37    3.474   1.567   3.906
  f32  planar  BA  12    3.630   3.265   3.897

--- outside the +/-6% per-case noise floor (294 of 294) ---
  1.567        ajbc-ckba-jk  f32      1m  AB     30.7 ->    48.1
  1.567        ajbc-ckba-jk  f32      3m  AB     30.7 ->    48.1
  1.567        ajbc-ckba-jk  f32  planar  AB     30.7 ->    48.1
  2.219        aqrs-pa-pqrs  f32      1m  AB     43.6 ->    96.7
  2.219        aqrs-pa-pqrs  f32      3m  AB     43.6 ->    96.7
== f32c32 t8
dtype  engine  or   n  geomean     min     max
  c32      1m  AB  37    6.105   3.033   7.790
  c32      1m  BA  12    5.911   4.994   7.051
  c32      3m  AB  37    6.235   2.511   7.734
  c32      3m  BA  12    6.346   5.112   7.921
  c32  planar  AB  37    6.221   3.203   7.848
  c32  planar  BA  12    5.890   5.003   7.025
  f32      1m  AB  37    5.583   1.953   7.460
  f32      1m  BA  12    5.381   3.902   7.089
  f32      3m  AB  37    5.583   1.953   7.460
  f32      3m  BA  12    5.381   3.902   7.089
  f32  planar  AB  37    5.583   1.953   7.460
  f32  planar  BA  12    5.381   3.902   7.089

--- outside the +/-6% per-case noise floor (294 of 294) ---
  1.953        ajbc-ckba-jk  f32      1m  AB     30.7 ->    59.9
  1.953        ajbc-ckba-jk  f32      3m  AB     30.7 ->    59.9
  1.953        ajbc-ckba-jk  f32  planar  AB     30.7 ->    59.9
  2.511        aqrs-pa-pqrs  c32      3m  AB     57.3 ->   143.9
  2.650        abjc-cbka-kj  f32      1m  AB     15.3 ->    40.6
== f32c32 t16
dtype  engine  or   n  geomean     min     max
  c32      1m  AB  37    8.053   4.558  13.923
  c32      1m  BA  12    6.255   4.559  10.362
  c32      3m  AB  37    8.013   3.991  13.638
  c32      3m  BA  12    6.667   5.345   8.449
  c32  planar  AB  37    8.103   4.038  13.685
  c32  planar  BA  12    6.644   5.001   9.737
  f32      1m  AB  37    6.579   1.999  12.504
  f32      1m  BA  12    5.714   4.333   8.051
  f32      3m  AB  37    6.579   1.999  12.504
  f32      3m  BA  12    5.714   4.333   8.051
  f32  planar  AB  37    6.579   1.999  12.504
  f32  planar  BA  12    5.714   4.333   8.051

--- outside the +/-6% per-case noise floor (294 of 294) ---
  1.999        ajbc-ckba-jk  f32      1m  AB     30.7 ->    61.3
  1.999        ajbc-ckba-jk  f32      3m  AB     30.7 ->    61.3
  1.999        ajbc-ckba-jk  f32  planar  AB     30.7 ->    61.3
  3.018        abjc-cbka-kj  f32      1m  AB     15.3 ->    46.2
  3.018        abjc-cbka-kj  f32      3m  AB     15.3 ->    46.2
== f32c32 t32
dtype  engine  or   n  geomean     min     max
  c32      1m  AB  37    8.854   4.097  17.907
  c32      1m  BA  12    6.189   3.968  11.706
  c32      3m  AB  37    8.748   4.254  14.751
  c32      3m  BA  12    6.667   4.654  11.280
  c32  planar  AB  37    8.960   4.276  17.333
  c32  planar  BA  12    6.778   4.611  10.284
  f32      1m  AB  37    6.753   2.577  12.697
  f32      1m  BA  12    5.999   3.468   7.925
  f32      3m  AB  37    6.753   2.577  12.697
  f32      3m  BA  12    5.999   3.468   7.925
  f32  planar  AB  37    6.753   2.577  12.697
  f32  planar  BA  12    5.999   3.468   7.925

--- outside the +/-6% per-case noise floor (294 of 294) ---
  2.577        ajbc-ckba-jk  f32      1m  AB     30.7 ->    79.0
  2.577        ajbc-ckba-jk  f32      3m  AB     30.7 ->    79.0
  2.577        ajbc-ckba-jk  f32  planar  AB     30.7 ->    79.0
  3.145      abjcd-dkbac-jk  f32      1m  AB      7.3 ->    22.9
  3.145      abjcd-dkbac-jk  f32      3m  AB      7.3 ->    22.9
== f32c32 t64
dtype  engine  or   n  geomean     min     max
  c32      1m  AB  37    8.183   3.180  18.611
  c32      1m  BA  12    4.971   3.048   8.410
  c32      3m  AB  37    7.854   3.440  16.568
  c32      3m  BA  12    5.382   3.367   8.681
  c32  planar  AB  37    8.188   3.545  19.114
  c32  planar  BA  12    5.871   3.700   8.941
  f32      1m  AB  37    6.156   2.859  12.448
  f32      1m  BA  12    5.597   3.628   7.910
  f32      3m  AB  37    6.156   2.859  12.448
  f32      3m  BA  12    5.597   3.628   7.910
  f32  planar  AB  37    6.156   2.859  12.448
  f32  planar  BA  12    5.597   3.628   7.910

--- outside the +/-6% per-case noise floor (294 of 294) ---
  2.859        ajbc-ckba-jk  f32      1m  AB     30.7 ->    87.7
  2.859        ajbc-ckba-jk  f32      3m  AB     30.7 ->    87.7
  2.859        ajbc-ckba-jk  f32  planar  AB     30.7 ->    87.7
  3.048    abcijk-jkmc-miab  c32      1m  BA     59.6 ->   181.6
  3.132      abjcd-dkbac-jk  f32      1m  AB      7.3 ->    22.8

partition arms, each against the rule at the same thread count:
== f64c64 t64 partition=pm
dtype  engine  or   n  geomean     min     max
  c64      1m  AB  37    0.936   0.256   1.361
  c64      1m  BA  12    0.967   0.787   1.090
  c64      3m  AB  37    0.929   0.193   1.487
  c64      3m  BA  12    1.016   0.867   1.126
  c64  planar  AB  37    0.938   0.251   1.320
  c64  planar  BA  12    1.002   0.936   1.251
  f64      1m  AB  37    0.922   0.249   1.323
  f64      1m  BA  12    0.956   0.803   1.179
  f64      3m  AB  37    0.922   0.249   1.323
  f64      3m  BA  12    0.956   0.803   1.179
  f64  planar  AB  37    0.922   0.249   1.323
  f64  planar  BA  12    0.956   0.803   1.179

--- outside the +/-6% per-case noise floor (151 of 294) ---
  0.193          ijk-il-jlk  c64      3m  AB    506.9 ->    97.6
  0.249          ijk-il-jlk  f64      1m  AB    478.1 ->   118.8
  0.249          ijk-il-jlk  f64      3m  AB    478.1 ->   118.8
  0.249          ijk-il-jlk  f64  planar  AB    478.1 ->   118.8
  0.251          ijk-il-jlk  c64  planar  AB    623.8 ->   156.4
== f64c64 t64 partition=pn
dtype  engine  or   n  geomean     min     max
  c64      1m  AB  37    0.627   0.166   1.697
  c64      1m  BA  12    0.891   0.402   1.772
  c64      3m  AB  37    0.605   0.128   1.705
  c64      3m  BA  12    0.927   0.383   1.735
  c64  planar  AB  37    0.603   0.130   1.821
  c64  planar  BA  12    0.973   0.478   1.754
  f64      1m  AB  37    0.954   0.221   3.430
  f64      1m  BA  12    1.508   0.319   4.325
  f64      3m  AB  37    0.954   0.221   3.430
  f64      3m  BA  12    1.508   0.319   4.325
  f64  planar  AB  37    0.954   0.221   3.430
  f64  planar  BA  12    1.508   0.319   4.325

--- outside the +/-6% per-case noise floor (261 of 294) ---
  0.128        ajbc-ckba-jk  c64      3m  AB    150.0 ->    19.2
  0.130        abjc-cbka-kj  c64  planar  AB    133.7 ->    17.4
  0.131        ajbc-ckba-jk  c64  planar  AB    152.8 ->    20.1
  0.136        abjc-cbka-kj  c64      3m  AB    124.2 ->    16.9
  0.166        ajbc-ckba-jk  c64      1m  AB    149.1 ->    24.7
== f32c32 t64 partition=pm
dtype  engine  or   n  geomean     min     max
  c32      1m  AB  37    0.896   0.281   1.100
  c32      1m  BA  12    1.048   0.886   1.404
  c32      3m  AB  37    0.915   0.193   1.168
  c32      3m  BA  12    1.002   0.916   1.137
  c32  planar  AB  37    0.938   0.256   1.265
  c32  planar  BA  12    0.970   0.763   1.058
  f32      1m  AB  37    0.964   0.167   1.329
  f32      1m  BA  12    0.949   0.798   1.180
  f32      3m  AB  37    0.964   0.167   1.329
  f32      3m  BA  12    0.949   0.798   1.180
  f32  planar  AB  37    0.964   0.167   1.329
  f32  planar  BA  12    0.949   0.798   1.180

--- outside the +/-6% per-case noise floor (153 of 294) ---
  0.167        aqrs-pa-pqrs  f32      1m  AB    358.4 ->    59.8
  0.167        aqrs-pa-pqrs  f32      3m  AB    358.4 ->    59.8
  0.167        aqrs-pa-pqrs  f32  planar  AB    358.4 ->    59.8
  0.193        aqrs-pa-pqrs  c32      3m  AB    698.0 ->   134.5
  0.256        aqrs-pa-pqrs  c32  planar  AB    767.5 ->   196.7
== f32c32 t64 partition=pn
dtype  engine  or   n  geomean     min     max
  c32      1m  AB  37    0.663   0.145   1.957
  c32      1m  BA  12    0.942   0.359   2.006
  c32      3m  AB  37    0.680   0.160   2.339
  c32      3m  BA  12    0.914   0.259   2.247
  c32  planar  AB  37    0.790   0.202   2.126
  c32  planar  BA  12    0.921   0.255   2.016
  f32      1m  AB  37    1.019   0.218   3.074
  f32      1m  BA  12    1.389   0.304   3.145
  f32      3m  AB  37    1.019   0.218   3.074
  f32      3m  BA  12    1.389   0.304   3.145
  f32  planar  AB  37    1.019   0.218   3.074
  f32  planar  BA  12    1.389   0.304   3.145

--- outside the +/-6% per-case noise floor (269 of 294) ---
  0.145      adbjc-cbdka-kj  c32      1m  AB     67.5 ->     9.8
  0.158        abjc-cbka-kj  c32      1m  AB    159.7 ->    25.2
  0.158      abjcd-dkbac-jk  c32      1m  AB     78.5 ->    12.4
  0.160        abjc-cbka-kj  c32      3m  AB    160.7 ->    25.7
  0.175      ajbdc-ckbad-jk  c32      1m  AB     69.3 ->    12.1
