wu-t64-discard threads=64 cpuset=0,1,2,3,4,5,6,7,8,9,10,11,12,13,14,15,16,17,18,19,20,21,22,23,24,25,26,27,28,29,30,31,32,33,34,35,36,37,38,39,40,41,42,43,44,45,46,47,48,49,50,51,52,53,54,55,56,57,58,59,60,61,62,63 partition=rule l3domains=derived
th-t1-f64c64 threads=1 cpuset=0 partition=rule l3domains=derived
th-t2-f64c64 threads=2 cpuset=0,1 partition=rule l3domains=derived
th-t4-f64c64 threads=4 cpuset=0,1,2,3 partition=rule l3domains=derived
th-t8-f64c64 threads=8 cpuset=0,1,2,3,4,5,6,7 partition=rule l3domains=derived
th-t16-f64c64 threads=16 cpuset=0,1,2,3,4,5,6,7,8,9,10,11,12,13,14,15 partition=rule l3domains=derived
th-t32-f64c64 threads=32 cpuset=0,1,2,3,4,5,6,7,8,9,10,11,12,13,14,15,16,17,18,19,20,21,22,23,24,25,26,27,28,29,30,31 partition=rule l3domains=derived
th-t64-f64c64 threads=64 cpuset=0,1,2,3,4,5,6,7,8,9,10,11,12,13,14,15,16,17,18,19,20,21,22,23,24,25,26,27,28,29,30,31,32,33,34,35,36,37,38,39,40,41,42,43,44,45,46,47,48,49,50,51,52,53,54,55,56,57,58,59,60,61,62,63 partition=rule l3domains=derived
th-t64-pm-f64c64 threads=64 cpuset=0,1,2,3,4,5,6,7,8,9,10,11,12,13,14,15,16,17,18,19,20,21,22,23,24,25,26,27,28,29,30,31,32,33,34,35,36,37,38,39,40,41,42,43,44,45,46,47,48,49,50,51,52,53,54,55,56,57,58,59,60,61,62,63 partition=m l3domains=derived
th-t64-pn-f64c64 threads=64 cpuset=0,1,2,3,4,5,6,7,8,9,10,11,12,13,14,15,16,17,18,19,20,21,22,23,24,25,26,27,28,29,30,31,32,33,34,35,36,37,38,39,40,41,42,43,44,45,46,47,48,49,50,51,52,53,54,55,56,57,58,59,60,61,62,63 partition=n l3domains=derived
th-t64-dom-f64c64 threads=64 cpuset=0,1,2,3,4,5,6,7,8,9,10,11,12,13,14,15,16,17,18,19,20,21,22,23,24,25,26,27,28,29,30,31,32,33,34,35,36,37,38,39,40,41,42,43,44,45,46,47,48,49,50,51,52,53,54,55,56,57,58,59,60,61,62,63 partition=domain l3domains=derived
ps-t2-m-f64c64 threads=2 cpuset=0,1 partition=m l3domains=derived
ps-t2-n-f64c64 threads=2 cpuset=0,1 partition=n l3domains=derived
ps-t2-domain-f64c64 threads=2 cpuset=0,1 partition=domain l3domains=derived
ps-t2-rule-f64c64 threads=2 cpuset=0,1 partition=rule l3domains=derived
ps-t4-m-f64c64 threads=4 cpuset=0,1,2,3 partition=m l3domains=derived
ps-t4-n-f64c64 threads=4 cpuset=0,1,2,3 partition=n l3domains=derived
ps-t4-domain-f64c64 threads=4 cpuset=0,1,2,3 partition=domain l3domains=derived
ps-t4-rule-f64c64 threads=4 cpuset=0,1,2,3 partition=rule l3domains=derived
ps-t8-m-f64c64 threads=8 cpuset=0,1,2,3,4,5,6,7 partition=m l3domains=derived
ps-t8-n-f64c64 threads=8 cpuset=0,1,2,3,4,5,6,7 partition=n l3domains=derived
ps-t8-domain-f64c64 threads=8 cpuset=0,1,2,3,4,5,6,7 partition=domain l3domains=derived
ps-t8-rule-f64c64 threads=8 cpuset=0,1,2,3,4,5,6,7 partition=rule l3domains=derived
ps-t16-m-f64c64 threads=16 cpuset=0,1,2,3,4,5,6,7,8,9,10,11,12,13,14,15 partition=m l3domains=derived
ps-t16-n-f64c64 threads=16 cpuset=0,1,2,3,4,5,6,7,8,9,10,11,12,13,14,15 partition=n l3domains=derived
ps-t16-domain-f64c64 threads=16 cpuset=0,1,2,3,4,5,6,7,8,9,10,11,12,13,14,15 partition=domain l3domains=derived
ps-t16-rule-f64c64 threads=16 cpuset=0,1,2,3,4,5,6,7,8,9,10,11,12,13,14,15 partition=rule l3domains=derived
ps-t32-m-f64c64 threads=32 cpuset=0,1,2,3,4,5,6,7,8,9,10,11,12,13,14,15,16,17,18,19,20,21,22,23,24,25,26,27,28,29,30,31 partition=m l3domains=derived
ps-t32-n-f64c64 threads=32 cpuset=0,1,2,3,4,5,6,7,8,9,10,11,12,13,14,15,16,17,18,19,20,21,22,23,24,25,26,27,28,29,30,31 partition=n l3domains=derived
ps-t32-domain-f64c64 threads=32 cpuset=0,1,2,3,4,5,6,7,8,9,10,11,12,13,14,15,16,17,18,19,20,21,22,23,24,25,26,27,28,29,30,31 partition=domain l3domains=derived
ps-t32-rule-f64c64 threads=32 cpuset=0,1,2,3,4,5,6,7,8,9,10,11,12,13,14,15,16,17,18,19,20,21,22,23,24,25,26,27,28,29,30,31 partition=rule l3domains=derived
ps-t64-m-f64c64 threads=64 cpuset=0,1,2,3,4,5,6,7,8,9,10,11,12,13,14,15,16,17,18,19,20,21,22,23,24,25,26,27,28,29,30,31,32,33,34,35,36,37,38,39,40,41,42,43,44,45,46,47,48,49,50,51,52,53,54,55,56,57,58,59,60,61,62,63 partition=m l3domains=derived
ps-t64-n-f64c64 threads=64 cpuset=0,1,2,3,4,5,6,7,8,9,10,11,12,13,14,15,16,17,18,19,20,21,22,23,24,25,26,27,28,29,30,31,32,33,34,35,36,37,38,39,40,41,42,43,44,45,46,47,48,49,50,51,52,53,54,55,56,57,58,59,60,61,62,63 partition=n l3domains=derived
ps-t64-domain-f64c64 threads=64 cpuset=0,1,2,3,4,5,6,7,8,9,10,11,12,13,14,15,16,17,18,19,20,21,22,23,24,25,26,27,28,29,30,31,32,33,34,35,36,37,38,39,40,41,42,43,44,45,46,47,48,49,50,51,52,53,54,55,56,57,58,59,60,61,62,63 partition=domain l3domains=derived
ps-t64-rule-f64c64 threads=64 cpuset=0,1,2,3,4,5,6,7,8,9,10,11,12,13,14,15,16,17,18,19,20,21,22,23,24,25,26,27,28,29,30,31,32,33,34,35,36,37,38,39,40,41,42,43,44,45,46,47,48,49,50,51,52,53,54,55,56,57,58,59,60,61,62,63 partition=rule l3domains=derived
sp-t16-packed-rule-f64c64 threads=16 cpuset=0,1,2,3,4,5,6,7,8,9,10,11,12,13,14,15 partition=rule l3domains=derived
sp-t16-spread-rule-f64c64 threads=16 cpuset=0,4,8,12,16,20,24,28,32,36,40,44,48,52,56,60 partition=rule l3domains=16
sp-t16-packed-m-f64c64 threads=16 cpuset=0,1,2,3,4,5,6,7,8,9,10,11,12,13,14,15 partition=m l3domains=derived
sp-t16-spread-m-f64c64 threads=16 cpuset=0,4,8,12,16,20,24,28,32,36,40,44,48,52,56,60 partition=m l3domains=16
sp-t16-packed-n-f64c64 threads=16 cpuset=0,1,2,3,4,5,6,7,8,9,10,11,12,13,14,15 partition=n l3domains=derived
sp-t16-spread-n-f64c64 threads=16 cpuset=0,4,8,12,16,20,24,28,32,36,40,44,48,52,56,60 partition=n l3domains=16
sp-t16-packed-domain-f64c64 threads=16 cpuset=0,1,2,3,4,5,6,7,8,9,10,11,12,13,14,15 partition=domain l3domains=derived
sp-t16-spread-domain-f64c64 threads=16 cpuset=0,4,8,12,16,20,24,28,32,36,40,44,48,52,56,60 partition=domain l3domains=16
th-t1b-f64c64 threads=1 cpuset=0 partition=rule l3domains=derived
th-t1-f32c32 threads=1 cpuset=0 partition=rule l3domains=derived
th-t2-f32c32 threads=2 cpuset=0,1 partition=rule l3domains=derived
th-t4-f32c32 threads=4 cpuset=0,1,2,3 partition=rule l3domains=derived
th-t8-f32c32 threads=8 cpuset=0,1,2,3,4,5,6,7 partition=rule l3domains=derived
th-t16-f32c32 threads=16 cpuset=0,1,2,3,4,5,6,7,8,9,10,11,12,13,14,15 partition=rule l3domains=derived
th-t32-f32c32 threads=32 cpuset=0,1,2,3,4,5,6,7,8,9,10,11,12,13,14,15,16,17,18,19,20,21,22,23,24,25,26,27,28,29,30,31 partition=rule l3domains=derived
th-t64-f32c32 threads=64 cpuset=0,1,2,3,4,5,6,7,8,9,10,11,12,13,14,15,16,17,18,19,20,21,22,23,24,25,26,27,28,29,30,31,32,33,34,35,36,37,38,39,40,41,42,43,44,45,46,47,48,49,50,51,52,53,54,55,56,57,58,59,60,61,62,63 partition=rule l3domains=derived
th-t64-pm-f32c32 threads=64 cpuset=0,1,2,3,4,5,6,7,8,9,10,11,12,13,14,15,16,17,18,19,20,21,22,23,24,25,26,27,28,29,30,31,32,33,34,35,36,37,38,39,40,41,42,43,44,45,46,47,48,49,50,51,52,53,54,55,56,57,58,59,60,61,62,63 partition=m l3domains=derived
th-t64-pn-f32c32 threads=64 cpuset=0,1,2,3,4,5,6,7,8,9,10,11,12,13,14,15,16,17,18,19,20,21,22,23,24,25,26,27,28,29,30,31,32,33,34,35,36,37,38,39,40,41,42,43,44,45,46,47,48,49,50,51,52,53,54,55,56,57,58,59,60,61,62,63 partition=n l3domains=derived
th-t64-dom-f32c32 threads=64 cpuset=0,1,2,3,4,5,6,7,8,9,10,11,12,13,14,15,16,17,18,19,20,21,22,23,24,25,26,27,28,29,30,31,32,33,34,35,36,37,38,39,40,41,42,43,44,45,46,47,48,49,50,51,52,53,54,55,56,57,58,59,60,61,62,63 partition=domain l3domains=derived
ps-t2-m-f32c32 threads=2 cpuset=0,1 partition=m l3domains=derived
ps-t2-n-f32c32 threads=2 cpuset=0,1 partition=n l3domains=derived
ps-t2-domain-f32c32 threads=2 cpuset=0,1 partition=domain l3domains=derived
ps-t2-rule-f32c32 threads=2 cpuset=0,1 partition=rule l3domains=derived
ps-t4-m-f32c32 threads=4 cpuset=0,1,2,3 partition=m l3domains=derived
ps-t4-n-f32c32 threads=4 cpuset=0,1,2,3 partition=n l3domains=derived
ps-t4-domain-f32c32 threads=4 cpuset=0,1,2,3 partition=domain l3domains=derived
ps-t4-rule-f32c32 threads=4 cpuset=0,1,2,3 partition=rule l3domains=derived
ps-t8-m-f32c32 threads=8 cpuset=0,1,2,3,4,5,6,7 partition=m l3domains=derived
ps-t8-n-f32c32 threads=8 cpuset=0,1,2,3,4,5,6,7 partition=n l3domains=derived
ps-t8-domain-f32c32 threads=8 cpuset=0,1,2,3,4,5,6,7 partition=domain l3domains=derived
ps-t8-rule-f32c32 threads=8 cpuset=0,1,2,3,4,5,6,7 partition=rule l3domains=derived
ps-t16-m-f32c32 threads=16 cpuset=0,1,2,3,4,5,6,7,8,9,10,11,12,13,14,15 partition=m l3domains=derived
ps-t16-n-f32c32 threads=16 cpuset=0,1,2,3,4,5,6,7,8,9,10,11,12,13,14,15 partition=n l3domains=derived
ps-t16-domain-f32c32 threads=16 cpuset=0,1,2,3,4,5,6,7,8,9,10,11,12,13,14,15 partition=domain l3domains=derived
ps-t16-rule-f32c32 threads=16 cpuset=0,1,2,3,4,5,6,7,8,9,10,11,12,13,14,15 partition=rule l3domains=derived
ps-t32-m-f32c32 threads=32 cpuset=0,1,2,3,4,5,6,7,8,9,10,11,12,13,14,15,16,17,18,19,20,21,22,23,24,25,26,27,28,29,30,31 partition=m l3domains=derived
ps-t32-n-f32c32 threads=32 cpuset=0,1,2,3,4,5,6,7,8,9,10,11,12,13,14,15,16,17,18,19,20,21,22,23,24,25,26,27,28,29,30,31 partition=n l3domains=derived
ps-t32-domain-f32c32 threads=32 cpuset=0,1,2,3,4,5,6,7,8,9,10,11,12,13,14,15,16,17,18,19,20,21,22,23,24,25,26,27,28,29,30,31 partition=domain l3domains=derived
ps-t32-rule-f32c32 threads=32 cpuset=0,1,2,3,4,5,6,7,8,9,10,11,12,13,14,15,16,17,18,19,20,21,22,23,24,25,26,27,28,29,30,31 partition=rule l3domains=derived
ps-t64-m-f32c32 threads=64 cpuset=0,1,2,3,4,5,6,7,8,9,10,11,12,13,14,15,16,17,18,19,20,21,22,23,24,25,26,27,28,29,30,31,32,33,34,35,36,37,38,39,40,41,42,43,44,45,46,47,48,49,50,51,52,53,54,55,56,57,58,59,60,61,62,63 partition=m l3domains=derived
ps-t64-n-f32c32 threads=64 cpuset=0,1,2,3,4,5,6,7,8,9,10,11,12,13,14,15,16,17,18,19,20,21,22,23,24,25,26,27,28,29,30,31,32,33,34,35,36,37,38,39,40,41,42,43,44,45,46,47,48,49,50,51,52,53,54,55,56,57,58,59,60,61,62,63 partition=n l3domains=derived
ps-t64-domain-f32c32 threads=64 cpuset=0,1,2,3,4,5,6,7,8,9,10,11,12,13,14,15,16,17,18,19,20,21,22,23,24,25,26,27,28,29,30,31,32,33,34,35,36,37,38,39,40,41,42,43,44,45,46,47,48,49,50,51,52,53,54,55,56,57,58,59,60,61,62,63 partition=domain l3domains=derived
ps-t64-rule-f32c32 threads=64 cpuset=0,1,2,3,4,5,6,7,8,9,10,11,12,13,14,15,16,17,18,19,20,21,22,23,24,25,26,27,28,29,30,31,32,33,34,35,36,37,38,39,40,41,42,43,44,45,46,47,48,49,50,51,52,53,54,55,56,57,58,59,60,61,62,63 partition=rule l3domains=derived
sp-t16-packed-rule-f32c32 threads=16 cpuset=0,1,2,3,4,5,6,7,8,9,10,11,12,13,14,15 partition=rule l3domains=derived
sp-t16-spread-rule-f32c32 threads=16 cpuset=0,4,8,12,16,20,24,28,32,36,40,44,48,52,56,60 partition=rule l3domains=16
sp-t16-packed-m-f32c32 threads=16 cpuset=0,1,2,3,4,5,6,7,8,9,10,11,12,13,14,15 partition=m l3domains=derived
sp-t16-spread-m-f32c32 threads=16 cpuset=0,4,8,12,16,20,24,28,32,36,40,44,48,52,56,60 partition=m l3domains=16
sp-t16-packed-n-f32c32 threads=16 cpuset=0,1,2,3,4,5,6,7,8,9,10,11,12,13,14,15 partition=n l3domains=derived
sp-t16-spread-n-f32c32 threads=16 cpuset=0,4,8,12,16,20,24,28,32,36,40,44,48,52,56,60 partition=n l3domains=16
sp-t16-packed-domain-f32c32 threads=16 cpuset=0,1,2,3,4,5,6,7,8,9,10,11,12,13,14,15 partition=domain l3domains=derived
sp-t16-spread-domain-f32c32 threads=16 cpuset=0,4,8,12,16,20,24,28,32,36,40,44,48,52,56,60 partition=domain l3domains=16
th-t1b-f32c32 threads=1 cpuset=0 partition=rule l3domains=derived
