comparison benchmark on cpu0; size 64 MiB, 3 reps, engines planar,1m,3m,ttgt,tblis
premise size 200 MiB; filter <none>
started 2026-08-04T17:02:15-04:00 on worker5479
host            : worker5479
slurm           : job 6753261 on worker5479
cpus allowed    : 128 of 128 online (0-127)
physical cores  : 128   SMT width 1  (SMT off: no sibling to contend with)
sockets         : 0:64c  1:64c
numa nodes      : 0:16c  1:16c  2:16c  3:16c  4:16c  5:16c  6:16c  7:16c
L1              : 32K 8-way, shared by 1 logical cpus
L2              : 512K 8-way, shared by 1 logical cpus
L3              : 16384K 16-way, shared by 4 logical cpus
L3 domains      : 32, 4 cpus each (16384K per domain)

placement       : 24 concurrent arms of 32 domains, one core per domain, rest of each domain idle
                  cpus 0,4,8,16,20,24,32,36,40,48,52,56,64,68,72,80,84,88,96,100,104,112,116,120
                  per numa node: 0:3  1:3  2:3  3:3  4:3  5:3  6:3  7:3

wrote bench-results/worker5479-zen2/topology.json

########## environment and correctness ##########

host        : worker5479
target      : x86_64 / linux
cpu features: avx2 fma 
caches      : L1=32KiB/8-way/1sh L2=512KiB/8-way/1sh L3=16384KiB/16-way/4sh (via sysfs), blocking=legacy
baselines   : tblis=true blas=true
tblis       : abi 2.x, 1 thread(s)
--- verify, planar ---
