th-t1-f64c64 threads=1 cpuset=0 partition=rule
th-t2-f64c64 threads=2 cpuset=0,1 partition=rule
th-t4-f64c64 threads=4 cpuset=0,1,2,3 partition=rule
th-t8-f64c64 threads=8 cpuset=0,1,2,3,4,5,6,7 partition=rule
th-t16-f64c64 threads=16 cpuset=0,1,2,3,4,5,6,7,8,9,10,11,12,13,14,15 partition=rule
th-t32-f64c64 threads=32 cpuset=0,1,2,3,4,5,6,7,8,9,10,11,12,13,14,15,16,17,18,19,20,21,22,23,24,25,26,27,28,29,30,31 partition=rule
th-t32-pm-f64c64 threads=32 cpuset=0,1,2,3,4,5,6,7,8,9,10,11,12,13,14,15,16,17,18,19,20,21,22,23,24,25,26,27,28,29,30,31 partition=m
th-t32-pn-f64c64 threads=32 cpuset=0,1,2,3,4,5,6,7,8,9,10,11,12,13,14,15,16,17,18,19,20,21,22,23,24,25,26,27,28,29,30,31 partition=n
ps-t2-m-f64c64 threads=2 cpuset=0,1 partition=m
ps-t2-n-f64c64 threads=2 cpuset=0,1 partition=n
ps-t2-rule-f64c64 threads=2 cpuset=0,1 partition=rule
ps-t4-m-f64c64 threads=4 cpuset=0,1,2,3 partition=m
ps-t4-n-f64c64 threads=4 cpuset=0,1,2,3 partition=n
ps-t4-rule-f64c64 threads=4 cpuset=0,1,2,3 partition=rule
ps-t8-m-f64c64 threads=8 cpuset=0,1,2,3,4,5,6,7 partition=m
ps-t8-n-f64c64 threads=8 cpuset=0,1,2,3,4,5,6,7 partition=n
ps-t8-rule-f64c64 threads=8 cpuset=0,1,2,3,4,5,6,7 partition=rule
ps-t16-m-f64c64 threads=16 cpuset=0,1,2,3,4,5,6,7,8,9,10,11,12,13,14,15 partition=m
ps-t16-n-f64c64 threads=16 cpuset=0,1,2,3,4,5,6,7,8,9,10,11,12,13,14,15 partition=n
ps-t16-rule-f64c64 threads=16 cpuset=0,1,2,3,4,5,6,7,8,9,10,11,12,13,14,15 partition=rule
ps-t32-m-f64c64 threads=32 cpuset=0,1,2,3,4,5,6,7,8,9,10,11,12,13,14,15,16,17,18,19,20,21,22,23,24,25,26,27,28,29,30,31 partition=m
ps-t32-n-f64c64 threads=32 cpuset=0,1,2,3,4,5,6,7,8,9,10,11,12,13,14,15,16,17,18,19,20,21,22,23,24,25,26,27,28,29,30,31 partition=n
ps-t32-rule-f64c64 threads=32 cpuset=0,1,2,3,4,5,6,7,8,9,10,11,12,13,14,15,16,17,18,19,20,21,22,23,24,25,26,27,28,29,30,31 partition=rule
th-t1b-f64c64 threads=1 cpuset=0 partition=rule
th-t1-f32c32 threads=1 cpuset=0 partition=rule
th-t2-f32c32 threads=2 cpuset=0,1 partition=rule
th-t4-f32c32 threads=4 cpuset=0,1,2,3 partition=rule
th-t8-f32c32 threads=8 cpuset=0,1,2,3,4,5,6,7 partition=rule
th-t16-f32c32 threads=16 cpuset=0,1,2,3,4,5,6,7,8,9,10,11,12,13,14,15 partition=rule
th-t32-f32c32 threads=32 cpuset=0,1,2,3,4,5,6,7,8,9,10,11,12,13,14,15,16,17,18,19,20,21,22,23,24,25,26,27,28,29,30,31 partition=rule
th-t32-pm-f32c32 threads=32 cpuset=0,1,2,3,4,5,6,7,8,9,10,11,12,13,14,15,16,17,18,19,20,21,22,23,24,25,26,27,28,29,30,31 partition=m
th-t32-pn-f32c32 threads=32 cpuset=0,1,2,3,4,5,6,7,8,9,10,11,12,13,14,15,16,17,18,19,20,21,22,23,24,25,26,27,28,29,30,31 partition=n
ps-t2-m-f32c32 threads=2 cpuset=0,1 partition=m
ps-t2-n-f32c32 threads=2 cpuset=0,1 partition=n
ps-t2-rule-f32c32 threads=2 cpuset=0,1 partition=rule
ps-t4-m-f32c32 threads=4 cpuset=0,1,2,3 partition=m
ps-t4-n-f32c32 threads=4 cpuset=0,1,2,3 partition=n
ps-t4-rule-f32c32 threads=4 cpuset=0,1,2,3 partition=rule
ps-t8-m-f32c32 threads=8 cpuset=0,1,2,3,4,5,6,7 partition=m
ps-t8-n-f32c32 threads=8 cpuset=0,1,2,3,4,5,6,7 partition=n
ps-t8-rule-f32c32 threads=8 cpuset=0,1,2,3,4,5,6,7 partition=rule
ps-t16-m-f32c32 threads=16 cpuset=0,1,2,3,4,5,6,7,8,9,10,11,12,13,14,15 partition=m
ps-t16-n-f32c32 threads=16 cpuset=0,1,2,3,4,5,6,7,8,9,10,11,12,13,14,15 partition=n
ps-t16-rule-f32c32 threads=16 cpuset=0,1,2,3,4,5,6,7,8,9,10,11,12,13,14,15 partition=rule
ps-t32-m-f32c32 threads=32 cpuset=0,1,2,3,4,5,6,7,8,9,10,11,12,13,14,15,16,17,18,19,20,21,22,23,24,25,26,27,28,29,30,31 partition=m
ps-t32-n-f32c32 threads=32 cpuset=0,1,2,3,4,5,6,7,8,9,10,11,12,13,14,15,16,17,18,19,20,21,22,23,24,25,26,27,28,29,30,31 partition=n
ps-t32-rule-f32c32 threads=32 cpuset=0,1,2,3,4,5,6,7,8,9,10,11,12,13,14,15,16,17,18,19,20,21,22,23,24,25,26,27,28,29,30,31 partition=rule
th-t1b-f32c32 threads=1 cpuset=0 partition=rule
