comparison benchmark on cpu0; size 64 MiB, 3 reps, engines planar,1m,3m,ttgt,tblis
premise size 200 MiB; filter <none>
started 2026-08-04T20:38:20-04:00 on worker6156
host            : worker6156
slurm           : job 6754877 on worker6156
cpus allowed    : 64 of 64 online (0-63)
physical cores  : 64   SMT width 1  (SMT off: no sibling to contend with)
sockets         : 0:32c  1:32c
numa nodes      : 0:32c  1:32c
L1              : 48K 12-way, shared by 1 logical cpus
L2              : 1280K 20-way, shared by 1 logical cpus
L3              : 49152K 12-way, shared by 32 logical cpus
L3 domains      : 2, 32 cpus each (49152K per domain)

placement       : 1 concurrent arms of 2 domains, one core per domain, rest of each domain idle
                  cpus 0
                  per numa node: 0:1

wrote bench-results/worker6156-icelake/compare-tblis-x86_64/topology.json

########## environment and correctness ##########

host        : worker6156
target      : x86_64 / linux
cpu features: avx2 fma avx512f avx512dq 
caches      : L1=48KiB/12-way/1sh L2=1280KiB/20-way/1sh L3=49152KiB/12-way/32sh (via sysfs), blocking=legacy
baselines   : tblis=true blas=true
tblis       : abi 2.x, 1 thread(s)
--- verify, planar ---
       abc-bk-akc |   f64 |    120 | 12000 |   100 |   0.0e0 |    0.0e0 |     ok 
       abc-bk-akc |   c32 |    120 | 12000 |   100 |  2.9e-7 |   1.0e-7 |     ok 
       abc-bk-akc |   c64 |    120 | 12000 |   100 | 5.3e-16 |  1.9e-16 |     ok 

all comparisons within tolerance
--- verify, 1m ---
       abc-bk-akc |   f64 |    120 | 12000 |   100 |   0.0e0 |    0.0e0 |     ok 
       abc-bk-akc |   c32 |    120 | 12000 |   100 |  2.9e-7 |    0.0e0 |     ok 
       abc-bk-akc |   c64 |    120 | 12000 |   100 | 5.3e-16 |    0.0e0 |     ok 

all comparisons within tolerance
--- verify, 3m ---
       abc-bk-akc |   f64 |    120 | 12000 |   100 |   0.0e0 |    0.0e0 |     ok 
       abc-bk-akc |   c32 |    120 | 12000 |   100 |  2.6e-7 |   3.5e-7 |     ok 
       abc-bk-akc |   c64 |    120 | 12000 |   100 | 4.8e-16 |  6.5e-16 |     ok 

all comparisons within tolerance

########## warm-up (discarded) ##########

host worker6156  64 physical cores, SMT width 1, 2 L3 domains
2 arms, 1 concurrent, cpus 0
  21:04:07 warm-f64c64      cpu0    dom0    1423.1s  rc=0  self 100%  co-tenants: none
  21:15:49 warm-f32c32      cpu0    dom0     702.4s  rc=0  self 100%  co-tenants: none

2 arms in 35.4 min wall (sum of arm times 35.4 min)
observed overlap per arm: min 0, max 0

########## corpus sweep A, and its immediate repeat A2 ##########

host worker6156  64 physical cores, SMT width 1, 2 L3 domains
4 arms, 1 concurrent, cpus 0
  21:39:33 A-f64c64         cpu0    dom0    1423.0s  rc=0  self 100%  co-tenants: none
  21:51:15 A-f32c32         cpu0    dom0     702.8s  rc=0  self 100%  co-tenants: none
  22:14:58 A2-f64c64        cpu0    dom0    1422.5s  rc=0  self 100%  co-tenants: none
  22:26:40 A2-f32c32        cpu0    dom0     702.5s  rc=0  self 100%  co-tenants: none

4 arms in 70.8 min wall (sum of arm times 70.8 min)
observed overlap per arm: min 0, max 0

########## premise at 200 MiB, against TBLIS 2.0-dev ##########

host worker6156  64 physical cores, SMT width 1, 2 L3 domains
2 arms, 1 concurrent, cpus 0
  22:49:36 premise-f64c64   cpu0    dom0    1376.0s  rc=0  self 100%  co-tenants: none
  23:00:51 premise-f32c32   cpu0    dom0     674.8s  rc=0  self 100%  co-tenants: none

2 arms in 34.2 min wall (sum of arm times 34.2 min)
observed overlap per arm: min 0, max 0

########## ragged stress, c64 ##########

host worker6156  64 physical cores, SMT width 1, 2 L3 domains
1 arms, 1 concurrent, cpus 0
  23:15:25 ragged-c64       cpu0    dom0     874.0s  rc=0  self 100%  co-tenants: none

1 arms in 14.6 min wall (sum of arm times 14.6 min)
observed overlap per arm: min 0, max 0

########## corpus sweep A3, the session-span repeat ##########

host worker6156  64 physical cores, SMT width 1, 2 L3 domains
2 arms, 1 concurrent, cpus 0
  23:39:08 A3-f64c64        cpu0    dom0    1422.9s  rc=0  self 100%  co-tenants: none
  23:50:51 A3-f32c32        cpu0    dom0     702.6s  rc=0  self 100%  co-tenants: none

2 arms in 35.4 min wall (sum of arm times 35.4 min)
observed overlap per arm: min 0, max 0

########## premise at 200 MiB, against TBLIS v1.3.0 ##########

host        : worker6156
target      : x86_64 / linux
cpu features: avx2 fma avx512f avx512dq 
caches      : L1=48KiB/12-way/1sh L2=1280KiB/20-way/1sh L3=49152KiB/12-way/32sh (via sysfs), blocking=legacy
baselines   : tblis=true blas=true
tblis       : abi 1.3, 1 thread(s)
host worker6156  64 physical cores, SMT width 1, 2 L3 domains
1 arms, 1 concurrent, cpus 0
  00:29:42 premise13-f64c64 cpu0    dom0    2331.4s  rc=0  self 100%  co-tenants: none

1 arms in 38.9 min wall (sum of arm times 38.9 min)
observed overlap per arm: min 0, max 0

########## this session's floors ##########

--- near floor: A2 against A (minutes apart) ---
dtype  engine  or   n  geomean     min     max
  c32      1m  AB  37    1.004   0.997   1.059
  c32      1m  BA  12    1.001   0.998   1.007
  c32      3m  AB  37    1.002   0.996   1.035
  c32      3m  BA  12    0.999   0.997   1.001
  c32  planar  AB  37    1.002   0.995   1.025
  c32  planar  BA  12    1.001   0.997   1.006
  c32   tblis  AB  37    1.001   0.989   1.009
  c32   tblis  BA  12    1.000   0.994   1.004
  c32    ttgt  AB  37    1.001   0.988   1.010
  c32    ttgt  BA  12    1.002   0.994   1.011
  c64      1m  AB  37    1.000   0.978   1.016
  c64      1m  BA  12    1.000   0.998   1.003
  c64      3m  AB  37    0.999   0.987   1.002
  c64      3m  BA  12    1.000   0.999   1.001
  c64  planar  AB  37    1.000   0.986   1.003
  c64  planar  BA  12    1.000   0.998   1.002
  c64   tblis  AB  37    1.000   0.994   1.009
  c64   tblis  BA  12    0.999   0.994   1.003
  c64    ttgt  AB  37    0.999   0.979   1.003
  c64    ttgt  BA  12    1.000   0.998   1.002
  f32      1m  AB  37    1.000   0.955   1.018
  f32      1m  BA  12    0.999   0.991   1.003
  f32      3m  AB  37    1.000   0.955   1.018
  f32      3m  BA  12    0.999   0.991   1.003
  f32  planar  AB  37    1.000   0.955   1.018
  f32  planar  BA  12    0.999   0.991   1.003
  f32   tblis  AB  37    1.000   0.940   1.019
  f32   tblis  BA  12    1.001   0.997   1.008
  f32    ttgt  AB  37    1.002   0.997   1.039
  f32    ttgt  BA  12    1.001   0.997   1.008
  f64      1m  AB  37    1.001   0.994   1.029
  f64      1m  BA  12    1.000   0.995   1.002
  f64      3m  AB  37    1.001   0.994   1.029
  f64      3m  BA  12    1.000   0.995   1.002
  f64  planar  AB  37    1.001   0.994   1.029
  f64  planar  BA  12    1.000   0.995   1.002
  f64   tblis  AB  37    1.001   0.982   1.017
  f64   tblis  BA  12    1.001   0.984   1.006
  f64    ttgt  AB  37    1.001   0.996   1.004
  f64    ttgt  BA  12    1.001   0.998   1.003

--- outside the +/-6% per-case noise floor (0 of 980) ---

--- overall, all cases (what a user sees) ---
  c32      1m  1.003
  c32      3m  1.001
  c32  planar  1.002
  c32   tblis  1.001
  c32    ttgt  1.001
  c64      1m  1.000
  c64      3m  1.000
  c64  planar  1.000
  c64   tblis  1.000
  c64    ttgt  0.999
  f32      1m  0.999
  f32      3m  0.999
  f32  planar  0.999
  f32   tblis  1.000
  f32    ttgt  1.002
  f64      1m  1.001
  f64      3m  1.001
  f64  planar  1.001
  f64   tblis  1.001
  f64    ttgt  1.001
--- session floor: A3 against A (the whole run apart) ---
dtype  engine  or   n  geomean     min     max
  c32      1m  AB  37    1.004   0.996   1.055
  c32      1m  BA  12    0.999   0.994   1.002
  c32      3m  AB  37    1.002   0.996   1.038
  c32      3m  BA  12    0.999   0.997   1.002
  c32  planar  AB  37    1.002   0.995   1.034
  c32  planar  BA  12    1.000   0.993   1.008
  c32   tblis  AB  37    1.001   0.991   1.007
  c32   tblis  BA  12    1.001   0.997   1.005
  c32    ttgt  AB  37    1.001   0.996   1.008
  c32    ttgt  BA  12    1.000   0.992   1.003
  c64      1m  AB  37    1.000   0.980   1.016
  c64      1m  BA  12    1.000   0.998   1.003
  c64      3m  AB  37    1.000   0.990   1.004
  c64      3m  BA  12    1.000   0.999   1.001
  c64  planar  AB  37    1.000   0.990   1.001
  c64  planar  BA  12    1.000   0.998   1.001
  c64   tblis  AB  37    1.000   0.993   1.005
  c64   tblis  BA  12    1.000   0.996   1.005
  c64    ttgt  AB  37    1.000   0.995   1.005
  c64    ttgt  BA  12    1.000   0.998   1.004
  f32      1m  AB  37    1.002   0.993   1.037
  f32      1m  BA  12    1.001   0.992   1.008
  f32      3m  AB  37    1.002   0.993   1.037
  f32      3m  BA  12    1.001   0.992   1.008
  f32  planar  AB  37    1.002   0.993   1.037
  f32  planar  BA  12    1.001   0.992   1.008
  f32   tblis  AB  37    0.999   0.982   1.016
  f32   tblis  BA  12    1.001   0.993   1.009
  f32    ttgt  AB  37    1.002   0.996   1.040
  f32    ttgt  BA  12    1.001   0.998   1.007
  f64      1m  AB  37    1.001   0.993   1.037
  f64      1m  BA  12    1.001   0.999   1.003
  f64      3m  AB  37    1.001   0.993   1.037
  f64      3m  BA  12    1.001   0.999   1.003
  f64  planar  AB  37    1.001   0.993   1.037
  f64  planar  BA  12    1.001   0.999   1.003
  f64   tblis  AB  37    1.001   0.995   1.008
  f64   tblis  BA  12    0.999   0.995   1.002
  f64    ttgt  AB  37    1.001   0.998   1.008
  f64    ttgt  BA  12    1.000   0.997   1.003

--- outside the +/-6% per-case noise floor (0 of 980) ---

--- overall, all cases (what a user sees) ---
  c32      1m  1.002
  c32      3m  1.001
  c32  planar  1.002
  c32   tblis  1.001
  c32    ttgt  1.001
  c64      1m  1.000
  c64      3m  1.000
  c64  planar  1.000
  c64   tblis  1.000
  c64    ttgt  1.000
  f32      1m  1.002
  f32      3m  1.002
  f32  planar  1.002
  f32   tblis  1.000
  f32    ttgt  1.002
  f64      1m  1.001
  f64      3m  1.001
  f64  planar  1.001
  f64   tblis  1.000
  f64    ttgt  1.001

done 2026-08-05T00:29:42-04:00. Everything is in bench-results/worker6156-icelake/compare-tblis-x86_64; read PROVENANCE.txt first.
Judge any claim against floor-session.txt, and name the TBLIS version.
