comparison benchmark on cpu0; size 64 MiB, 3 reps, engines planar,1m,3m,ttgt,tblis
premise size 200 MiB; filter <none>
started 2026-08-04T14:45:35-04:00 on worker6156
host            : worker6156
slurm           : job 6753260 on worker6156
cpus allowed    : 64 of 64 online (0-63)
physical cores  : 64   SMT width 1  (SMT off: no sibling to contend with)
sockets         : 0:32c  1:32c
numa nodes      : 0:32c  1:32c
L1              : 48K 12-way, shared by 1 logical cpus
L2              : 1280K 20-way, shared by 1 logical cpus
L3              : 49152K 12-way, shared by 32 logical cpus
L3 domains      : 2, 32 cpus each (49152K per domain)

placement       : 1 concurrent arms of 2 domains, one core per domain, rest of each domain idle
                  cpus 0
                  per numa node: 0:1

wrote bench-results/worker6156-icelake/topology.json

########## environment and correctness ##########

host        : worker6156
target      : x86_64 / linux
cpu features: avx2 fma avx512f avx512dq 
caches      : L1=48KiB/12-way/1sh L2=1280KiB/20-way/1sh L3=49152KiB/12-way/32sh (via sysfs), blocking=legacy
baselines   : tblis=true blas=true
tblis       : abi 2.x, 1 thread(s)
--- verify, planar ---
       abc-bk-akc |   f64 |    120 | 12000 |   100 |   0.0e0 |    0.0e0 |     ok 
       abc-bk-akc |   c32 |    120 | 12000 |   100 |  2.9e-7 |   1.0e-7 |     ok 
       abc-bk-akc |   c64 |    120 | 12000 |   100 | 5.3e-16 |  1.9e-16 |     ok 

all comparisons within tolerance
--- verify, 1m ---
       abc-bk-akc |   f64 |    120 | 12000 |   100 |   0.0e0 |    0.0e0 |     ok 
       abc-bk-akc |   c32 |    120 | 12000 |   100 |  2.9e-7 |    0.0e0 |     ok 
       abc-bk-akc |   c64 |    120 | 12000 |   100 | 5.3e-16 |    0.0e0 |     ok 

all comparisons within tolerance
--- verify, 3m ---
       abc-bk-akc |   f64 |    120 | 12000 |   100 |   0.0e0 |    0.0e0 |     ok 
       abc-bk-akc |   c32 |    120 | 12000 |   100 |  2.6e-7 |   3.5e-7 |     ok 
       abc-bk-akc |   c64 |    120 | 12000 |   100 | 4.8e-16 |  6.5e-16 |     ok 

all comparisons within tolerance

########## warm-up (discarded) ##########

host worker6156  64 physical cores, SMT width 1, 2 L3 domains
2 arms, 1 concurrent, cpus 0
  15:11:23 warm-f64c64      cpu0    dom0    1424.4s  rc=0  self 100%  co-tenants: none
  15:23:06 warm-f32c32      cpu0    dom0     702.9s  rc=0  self 100%  co-tenants: none

2 arms in 35.5 min wall (sum of arm times 35.5 min)
observed overlap per arm: min 0, max 0

########## corpus sweep A, and its immediate repeat A2 ##########

host worker6156  64 physical cores, SMT width 1, 2 L3 domains
4 arms, 1 concurrent, cpus 0
  15:46:50 A-f64c64         cpu0    dom0    1424.1s  rc=0  self 100%  co-tenants: none
  15:58:33 A-f32c32         cpu0    dom0     703.0s  rc=0  self 100%  co-tenants: none
  16:22:18 A2-f64c64        cpu0    dom0    1424.5s  rc=0  self 100%  co-tenants: none
  16:34:00 A2-f32c32        cpu0    dom0     702.5s  rc=0  self 100%  co-tenants: none

4 arms in 70.9 min wall (sum of arm times 70.9 min)
observed overlap per arm: min 0, max 0

########## premise at 200 MiB, against TBLIS 2.0-dev ##########

host worker6156  64 physical cores, SMT width 1, 2 L3 domains
2 arms, 1 concurrent, cpus 0
  16:56:56 premise-f64c64   cpu0    dom0    1375.9s  rc=0  self 100%  co-tenants: none
  17:08:11 premise-f32c32   cpu0    dom0     675.1s  rc=0  self 100%  co-tenants: none

2 arms in 34.2 min wall (sum of arm times 34.2 min)
observed overlap per arm: min 0, max 0

########## ragged stress, c64 ##########

host worker6156  64 physical cores, SMT width 1, 2 L3 domains
1 arms, 1 concurrent, cpus 0
  17:22:46 ragged-c64       cpu0    dom0     874.8s  rc=0  self 100%  co-tenants: none

1 arms in 14.6 min wall (sum of arm times 14.6 min)
observed overlap per arm: min 0, max 0

########## corpus sweep A3, the session-span repeat ##########

host worker6156  64 physical cores, SMT width 1, 2 L3 domains
2 arms, 1 concurrent, cpus 0
  17:46:31 A3-f64c64        cpu0    dom0    1424.5s  rc=0  self 100%  co-tenants: none
  17:58:14 A3-f32c32        cpu0    dom0     703.2s  rc=0  self 100%  co-tenants: none

2 arms in 35.5 min wall (sum of arm times 35.5 min)
observed overlap per arm: min 0, max 0

########## premise at 200 MiB, against TBLIS v1.3.0 ##########

host        : worker6156
target      : x86_64 / linux
cpu features: avx2 fma avx512f avx512dq 
caches      : L1=48KiB/12-way/1sh L2=1280KiB/20-way/1sh L3=49152KiB/12-way/32sh (via sysfs), blocking=legacy
baselines   : tblis=true blas=true
tblis       : abi 1.3, 1 thread(s)
host worker6156  64 physical cores, SMT width 1, 2 L3 domains
1 arms, 1 concurrent, cpus 0
  18:37:05 premise13-f64c64 cpu0    dom0    2331.1s  rc=0  self 100%  co-tenants: none

1 arms in 38.9 min wall (sum of arm times 38.9 min)
observed overlap per arm: min 0, max 0

########## this session's floors ##########

--- near floor: A2 against A (minutes apart) ---
dtype  engine  or   n  geomean     min     max
  c32      1m  AB  37    1.001   0.968   1.045
  c32      1m  BA  12    0.999   0.996   1.002
  c32      3m  AB  37    0.996   0.947   1.019
  c32      3m  BA  12    0.992   0.947   1.002
  c32  planar  AB  37    1.000   0.977   1.012
  c32  planar  BA  12    1.000   0.994   1.007
  c32   tblis  AB  37    1.003   0.998   1.020
  c32   tblis  BA  12    1.003   1.000   1.006
  c32    ttgt  AB  37    1.000   0.988   1.013
  c32    ttgt  BA  12    1.001   0.990   1.008
  c64      1m  AB  37    0.999   0.985   1.006
  c64      1m  BA  12    1.000   0.999   1.003
  c64      3m  AB  37    1.000   0.993   1.003
  c64      3m  BA  12    1.000   0.999   1.001
  c64  planar  AB  37    1.000   0.989   1.004
  c64  planar  BA  12    1.000   0.999   1.002
  c64   tblis  AB  37    1.000   0.991   1.017
  c64   tblis  BA  12    0.999   0.997   1.002
  c64    ttgt  AB  37    1.000   0.998   1.005
  c64    ttgt  BA  12    1.000   0.993   1.003
  f32      1m  AB  37    1.002   0.981   1.033
  f32      1m  BA  12    1.002   0.992   1.015
  f32      3m  AB  37    1.002   0.981   1.033
  f32      3m  BA  12    1.002   0.992   1.015
  f32  planar  AB  37    1.002   0.981   1.033
  f32  planar  BA  12    1.002   0.992   1.015
  f32   tblis  AB  37    1.002   0.990   1.050
  f32   tblis  BA  12    0.999   0.992   1.007
  f32    ttgt  AB  37    1.003   0.991   1.095
  f32    ttgt  BA  12    1.001   0.999   1.004
  f64      1m  AB  37    0.997   0.955   1.007
  f64      1m  BA  12    1.000   0.995   1.003
  f64      3m  AB  37    0.997   0.955   1.007
  f64      3m  BA  12    1.000   0.995   1.003
  f64  planar  AB  37    0.997   0.955   1.007
  f64  planar  BA  12    1.000   0.995   1.003
  f64   tblis  AB  37    1.000   0.988   1.006
  f64   tblis  BA  12    0.999   0.997   1.003
  f64    ttgt  AB  37    1.000   0.987   1.012
  f64    ttgt  BA  12    1.000   0.999   1.003

--- outside the +/-6% per-case noise floor (1 of 980) ---
  1.095      abjcd-dkbac-jk  f32    ttgt  AB      6.4 ->     7.1
  1.095      abjcd-dkbac-jk  f32    ttgt  AB      6.4 ->     7.1

--- overall, all cases (what a user sees) ---
  c32      1m  1.001
  c32      3m  0.995
  c32  planar  1.000
  c32   tblis  1.003
  c32    ttgt  1.000
  c64      1m  0.999
  c64      3m  1.000
  c64  planar  1.000
  c64   tblis  1.000
  c64    ttgt  1.000
  f32      1m  1.002
  f32      3m  1.002
  f32  planar  1.002
  f32   tblis  1.001
  f32    ttgt  1.002
  f64      1m  0.998
  f64      3m  0.998
  f64  planar  0.998
  f64   tblis  1.000
  f64    ttgt  1.000
--- session floor: A3 against A (the whole run apart) ---
dtype  engine  or   n  geomean     min     max
  c32      1m  AB  37    1.000   0.990   1.019
  c32      1m  BA  12    0.993   0.961   1.001
  c32      3m  AB  37    0.999   0.988   1.006
  c32      3m  BA  12    0.997   0.990   1.001
  c32  planar  AB  37    1.000   0.988   1.006
  c32  planar  BA  12    0.997   0.983   1.002
  c32   tblis  AB  37    1.001   0.993   1.010
  c32   tblis  BA  12    1.001   0.999   1.006
  c32    ttgt  AB  37    0.999   0.988   1.004
  c32    ttgt  BA  12    1.001   0.997   1.007
  c64      1m  AB  37    0.999   0.987   1.003
  c64      1m  BA  12    1.001   0.999   1.005
  c64      3m  AB  37    1.000   0.993   1.007
  c64      3m  BA  12    1.000   0.999   1.001
  c64  planar  AB  37    1.000   0.995   1.002
  c64  planar  BA  12    1.000   0.998   1.001
  c64   tblis  AB  37    1.000   0.995   1.003
  c64   tblis  BA  12    0.999   0.996   1.003
  c64    ttgt  AB  37    0.999   0.996   1.008
  c64    ttgt  BA  12    0.998   0.986   1.002
  f32      1m  AB  37    1.001   0.986   1.032
  f32      1m  BA  12    0.996   0.970   1.005
  f32      3m  AB  37    1.001   0.986   1.032
  f32      3m  BA  12    0.996   0.970   1.005
  f32  planar  AB  37    1.001   0.986   1.032
  f32  planar  BA  12    0.996   0.970   1.005
  f32   tblis  AB  37    1.000   0.978   1.051
  f32   tblis  BA  12    0.998   0.983   1.006
  f32    ttgt  AB  37    1.001   0.995   1.051
  f32    ttgt  BA  12    1.000   0.998   1.005
  f64      1m  AB  37    0.997   0.957   1.011
  f64      1m  BA  12    1.000   0.998   1.001
  f64      3m  AB  37    0.997   0.957   1.011
  f64      3m  BA  12    1.000   0.998   1.001
  f64  planar  AB  37    0.997   0.957   1.011
  f64  planar  BA  12    1.000   0.998   1.001
  f64   tblis  AB  37    1.000   0.994   1.010
  f64   tblis  BA  12    1.000   0.993   1.005
  f64    ttgt  AB  37    1.000   0.994   1.014
  f64    ttgt  BA  12    1.000   0.998   1.003

--- outside the +/-6% per-case noise floor (0 of 980) ---

--- overall, all cases (what a user sees) ---
  c32      1m  0.998
  c32      3m  0.998
  c32  planar  0.999
  c32   tblis  1.001
  c32    ttgt  1.000
  c64      1m  0.999
  c64      3m  1.000
  c64  planar  1.000
  c64   tblis  1.000
  c64    ttgt  0.999
  f32      1m  0.999
  f32      3m  0.999
  f32  planar  0.999
  f32   tblis  1.000
  f32    ttgt  1.001
  f64      1m  0.998
  f64      3m  0.998
  f64  planar  0.998
  f64   tblis  1.000
  f64    ttgt  1.000

done 2026-08-04T18:37:05-04:00. Everything is in bench-results/worker6156-icelake; read PROVENANCE.txt first.
Judge any claim against floor-session.txt, and name the TBLIS version.
