wu-t32-discard threads=32 cpuset=0,1,2,3,4,5,6,7,8,9,10,11,12,13,14,15,16,17,18,19,20,21,22,23,24,25,26,27,28,29,30,31 partition=rule l3domains=derived
th-t1-f64c64 threads=1 cpuset=0 partition=rule l3domains=derived
th-t2-f64c64 threads=2 cpuset=0,1 partition=rule l3domains=derived
th-t4-f64c64 threads=4 cpuset=0,1,2,3 partition=rule l3domains=derived
th-t8-f64c64 threads=8 cpuset=0,1,2,3,4,5,6,7 partition=rule l3domains=derived
th-t16-f64c64 threads=16 cpuset=0,1,2,3,4,5,6,7,8,9,10,11,12,13,14,15 partition=rule l3domains=derived
th-t32-f64c64 threads=32 cpuset=0,1,2,3,4,5,6,7,8,9,10,11,12,13,14,15,16,17,18,19,20,21,22,23,24,25,26,27,28,29,30,31 partition=rule l3domains=derived
th-t32-pm-f64c64 threads=32 cpuset=0,1,2,3,4,5,6,7,8,9,10,11,12,13,14,15,16,17,18,19,20,21,22,23,24,25,26,27,28,29,30,31 partition=m l3domains=derived
th-t32-pn-f64c64 threads=32 cpuset=0,1,2,3,4,5,6,7,8,9,10,11,12,13,14,15,16,17,18,19,20,21,22,23,24,25,26,27,28,29,30,31 partition=n l3domains=derived
th-t32-dom-f64c64 threads=32 cpuset=0,1,2,3,4,5,6,7,8,9,10,11,12,13,14,15,16,17,18,19,20,21,22,23,24,25,26,27,28,29,30,31 partition=domain l3domains=derived
th-t1b-f64c64 threads=1 cpuset=0 partition=rule l3domains=derived
th-t1-f32c32 threads=1 cpuset=0 partition=rule l3domains=derived
th-t2-f32c32 threads=2 cpuset=0,1 partition=rule l3domains=derived
th-t4-f32c32 threads=4 cpuset=0,1,2,3 partition=rule l3domains=derived
th-t8-f32c32 threads=8 cpuset=0,1,2,3,4,5,6,7 partition=rule l3domains=derived
th-t16-f32c32 threads=16 cpuset=0,1,2,3,4,5,6,7,8,9,10,11,12,13,14,15 partition=rule l3domains=derived
th-t32-f32c32 threads=32 cpuset=0,1,2,3,4,5,6,7,8,9,10,11,12,13,14,15,16,17,18,19,20,21,22,23,24,25,26,27,28,29,30,31 partition=rule l3domains=derived
th-t32-pm-f32c32 threads=32 cpuset=0,1,2,3,4,5,6,7,8,9,10,11,12,13,14,15,16,17,18,19,20,21,22,23,24,25,26,27,28,29,30,31 partition=m l3domains=derived
th-t32-pn-f32c32 threads=32 cpuset=0,1,2,3,4,5,6,7,8,9,10,11,12,13,14,15,16,17,18,19,20,21,22,23,24,25,26,27,28,29,30,31 partition=n l3domains=derived
th-t32-dom-f32c32 threads=32 cpuset=0,1,2,3,4,5,6,7,8,9,10,11,12,13,14,15,16,17,18,19,20,21,22,23,24,25,26,27,28,29,30,31 partition=domain l3domains=derived
th-t1b-f32c32 threads=1 cpuset=0 partition=rule l3domains=derived
