host            : worker6016
slurm           : job 6746817 on worker6016
cpus allowed    : 64 of 64 online (0-63)
physical cores  : 64   SMT width 1  (SMT off: no sibling to contend with)
sockets         : 0:32c  1:32c
numa nodes      : 0:32c  1:32c
L1              : 48K 12-way, shared by 1 logical cpus
L2              : 1280K 20-way, shared by 1 logical cpus
L3              : 49152K 12-way, shared by 32 logical cpus
L3 domains      : 2, 32 cpus each (49152K per domain)

placement       : 1 concurrent arms of 2 domains, one core per domain, rest of each domain idle
                  cpus 0
                  per numa node: 0:1

wrote bench-results/worker6016-zen2/phase4f/topology.json
cpuset 0,1,2,3,4,5,6,7,8,9,10,11,12,13,14,15,16,17,18,19,20,21,22,23,24,25,26,27,28,29,30,31: 32 logical CPUs on 32 physical cores
threads will run on cpus 0,1,2,3,4,5,6,7,8,9,10,11,12,13,14,15,16,17,18,19,20,21,22,23,24,25,26,27,28,29,30,31 (32 cores); thread counts: 1 2 4 8 16 32
partition arms at 32 threads
  22:02:30 th-t1-f64c64 done: in-cpuset  n=1 busy min 100% mean 100% max 100%|rest of allocation n=63 busy mean 0.0% max 0.6%|exclusivity ok: nothing else in the allocation above 5%|
  22:09:33 th-t2-f64c64 done: in-cpuset  n=2 busy min 96% mean 97% max 97%|rest of allocation n=62 busy mean 0.0% max 0.6%|exclusivity ok: nothing else in the allocation above 5%|
  22:13:18 th-t4-f64c64 done: in-cpuset  n=4 busy min 91% mean 91% max 92%|rest of allocation n=60 busy mean 0.0% max 0.6%|exclusivity ok: nothing else in the allocation above 5%|
  22:15:27 th-t8-f64c64 done: in-cpuset  n=8 busy min 81% mean 82% max 83%|rest of allocation n=56 busy mean 0.1% max 0.7%|exclusivity ok: nothing else in the allocation above 5%|
  22:16:50 th-t16-f64c64 done: in-cpuset  n=16 busy min 67% mean 68% max 69%|rest of allocation n=48 busy mean 0.1% max 0.6%|exclusivity ok: nothing else in the allocation above 5%|
  22:18:00 th-t32-f64c64 done: in-cpuset  n=32 busy min 54% mean 55% max 57%|rest of allocation n=32 busy mean 0.1% max 0.6%|exclusivity ok: nothing else in the allocation above 5%|
  22:19:10 th-t32-pm-f64c64 done: in-cpuset  n=32 busy min 54% mean 55% max 57%|rest of allocation n=32 busy mean 0.1% max 0.7%|exclusivity ok: nothing else in the allocation above 5%|
  22:20:46 th-t32-pn-f64c64 done: in-cpuset  n=32 busy min 63% mean 66% max 69%|rest of allocation n=32 busy mean 0.1% max 0.7%|exclusivity ok: nothing else in the allocation above 5%|
  22:21:11 ps-t2-m-f64c64 done: in-cpuset  n=2 busy min 79% mean 83% max 87%|rest of allocation n=62 busy mean 0.0% max 0.5%|exclusivity ok: nothing else in the allocation above 5%|
  22:21:38 ps-t2-n-f64c64 done: in-cpuset  n=2 busy min 77% mean 80% max 83%|rest of allocation n=62 busy mean 0.1% max 0.9%|exclusivity ok: nothing else in the allocation above 5%|
  22:22:04 ps-t2-rule-f64c64 done: in-cpuset  n=2 busy min 79% mean 83% max 87%|rest of allocation n=62 busy mean 0.0% max 0.5%|exclusivity ok: nothing else in the allocation above 5%|
  22:22:21 ps-t4-m-f64c64 done: in-cpuset  n=4 busy min 60% mean 62% max 68%|rest of allocation n=60 busy mean 0.1% max 1.0%|exclusivity ok: nothing else in the allocation above 5%|
  22:22:40 ps-t4-n-f64c64 done: in-cpuset  n=4 busy min 59% mean 62% max 69%|rest of allocation n=60 busy mean 0.0% max 0.7%|exclusivity ok: nothing else in the allocation above 5%|
  22:22:57 ps-t4-rule-f64c64 done: in-cpuset  n=4 busy min 56% mean 62% max 71%|rest of allocation n=60 busy mean 0.1% max 0.7%|exclusivity ok: nothing else in the allocation above 5%|
  22:23:11 ps-t8-m-f64c64 done: in-cpuset  n=8 busy min 38% mean 44% max 49%|rest of allocation n=56 busy mean 0.0% max 0.4%|exclusivity ok: nothing else in the allocation above 5%|
  22:23:26 ps-t8-n-f64c64 done: in-cpuset  n=8 busy min 37% mean 44% max 64%|rest of allocation n=56 busy mean 0.1% max 1.1%|exclusivity ok: nothing else in the allocation above 5%|
  22:23:39 ps-t8-rule-f64c64 done: in-cpuset  n=8 busy min 40% mean 44% max 48%|rest of allocation n=56 busy mean 0.0% max 0.4%|exclusivity ok: nothing else in the allocation above 5%|
  22:23:51 ps-t16-m-f64c64 done: in-cpuset  n=16 busy min 27% mean 31% max 38%|rest of allocation n=48 busy mean 0.1% max 1.0%|exclusivity ok: nothing else in the allocation above 5%|
  22:24:03 ps-t16-n-f64c64 done: in-cpuset  n=16 busy min 28% mean 32% max 56%|rest of allocation n=48 busy mean 0.1% max 0.5%|exclusivity ok: nothing else in the allocation above 5%|
  22:24:15 ps-t16-rule-f64c64 done: in-cpuset  n=16 busy min 27% mean 31% max 42%|rest of allocation n=48 busy mean 0.1% max 1.1%|exclusivity ok: nothing else in the allocation above 5%|
  22:24:27 ps-t32-m-f64c64 done: in-cpuset  n=32 busy min 23% mean 25% max 30%|rest of allocation n=32 busy mean 0.1% max 0.5%|exclusivity ok: nothing else in the allocation above 5%|
  22:24:39 ps-t32-n-f64c64 done: in-cpuset  n=32 busy min 24% mean 26% max 37%|rest of allocation n=32 busy mean 0.1% max 1.9%|exclusivity ok: nothing else in the allocation above 5%|
  22:24:50 ps-t32-rule-f64c64 done: in-cpuset  n=32 busy min 23% mean 25% max 30%|rest of allocation n=32 busy mean 0.1% max 1.1%|exclusivity ok: nothing else in the allocation above 5%|
  22:38:24 th-t1b-f64c64 done: in-cpuset  n=1 busy min 100% mean 100% max 100%|rest of allocation n=63 busy mean 0.1% max 0.6%|exclusivity ok: nothing else in the allocation above 5%|
done f64c64
  22:44:51 th-t1-f32c32 done: in-cpuset  n=1 busy min 100% mean 100% max 100%|rest of allocation n=63 busy mean 0.1% max 0.6%|exclusivity ok: nothing else in the allocation above 5%|
  22:48:15 th-t2-f32c32 done: in-cpuset  n=2 busy min 95% mean 96% max 96%|rest of allocation n=62 busy mean 0.1% max 0.6%|exclusivity ok: nothing else in the allocation above 5%|
  22:50:06 th-t4-f32c32 done: in-cpuset  n=4 busy min 88% mean 89% max 89%|rest of allocation n=60 busy mean 0.1% max 0.6%|exclusivity ok: nothing else in the allocation above 5%|
  22:51:10 th-t8-f32c32 done: in-cpuset  n=8 busy min 76% mean 78% max 81%|rest of allocation n=56 busy mean 0.1% max 0.6%|exclusivity ok: nothing else in the allocation above 5%|
  22:51:53 th-t16-f32c32 done: in-cpuset  n=16 busy min 62% mean 63% max 66%|rest of allocation n=48 busy mean 0.1% max 0.6%|exclusivity ok: nothing else in the allocation above 5%|
  22:52:30 th-t32-f32c32 done: in-cpuset  n=32 busy min 49% mean 50% max 52%|rest of allocation n=32 busy mean 0.1% max 0.6%|exclusivity ok: nothing else in the allocation above 5%|
  22:53:08 th-t32-pm-f32c32 done: in-cpuset  n=32 busy min 47% mean 49% max 52%|rest of allocation n=32 busy mean 0.1% max 0.7%|exclusivity ok: nothing else in the allocation above 5%|
  22:54:01 th-t32-pn-f32c32 done: in-cpuset  n=32 busy min 59% mean 61% max 65%|rest of allocation n=32 busy mean 0.1% max 0.6%|exclusivity ok: nothing else in the allocation above 5%|
  22:54:16 ps-t2-m-f32c32 done: in-cpuset  n=2 busy min 70% mean 81% max 93%|rest of allocation n=62 busy mean 0.1% max 1.5%|exclusivity ok: nothing else in the allocation above 5%|
  22:54:31 ps-t2-n-f32c32 done: in-cpuset  n=2 busy min 70% mean 82% max 93%|rest of allocation n=62 busy mean 0.0% max 0.7%|exclusivity ok: nothing else in the allocation above 5%|
  22:54:46 ps-t2-rule-f32c32 done: in-cpuset  n=2 busy min 72% mean 81% max 91%|rest of allocation n=62 busy mean 0.1% max 0.8%|exclusivity ok: nothing else in the allocation above 5%|
  22:54:57 ps-t4-m-f32c32 done: in-cpuset  n=4 busy min 49% mean 59% max 67%|rest of allocation n=60 busy mean 0.0% max 0.7%|exclusivity ok: nothing else in the allocation above 5%|
  22:55:08 ps-t4-n-f32c32 done: in-cpuset  n=4 busy min 53% mean 60% max 66%|rest of allocation n=60 busy mean 0.1% max 2.2%|exclusivity ok: nothing else in the allocation above 5%|
  22:55:19 ps-t4-rule-f32c32 done: in-cpuset  n=4 busy min 52% mean 59% max 66%|rest of allocation n=60 busy mean 0.0% max 0.7%|exclusivity ok: nothing else in the allocation above 5%|
  22:55:27 ps-t8-m-f32c32 done: in-cpuset  n=8 busy min 33% mean 40% max 48%|rest of allocation n=56 busy mean 0.1% max 0.6%|exclusivity ok: nothing else in the allocation above 5%|
  22:55:36 ps-t8-n-f32c32 done: in-cpuset  n=8 busy min 34% mean 41% max 54%|rest of allocation n=56 busy mean 0.0% max 0.7%|exclusivity ok: nothing else in the allocation above 5%|
  22:55:45 ps-t8-rule-f32c32 done: in-cpuset  n=8 busy min 38% mean 40% max 43%|rest of allocation n=56 busy mean 0.1% max 1.6%|exclusivity ok: nothing else in the allocation above 5%|
  22:55:52 ps-t16-m-f32c32 done: in-cpuset  n=16 busy min 22% mean 27% max 35%|rest of allocation n=48 busy mean 0.0% max 0.3%|exclusivity ok: nothing else in the allocation above 5%|
  22:56:00 ps-t16-n-f32c32 done: in-cpuset  n=16 busy min 24% mean 29% max 59%|rest of allocation n=48 busy mean 0.1% max 0.9%|exclusivity ok: nothing else in the allocation above 5%|
  22:56:07 ps-t16-rule-f32c32 done: in-cpuset  n=16 busy min 22% mean 27% max 34%|rest of allocation n=48 busy mean 0.0% max 0.8%|exclusivity ok: nothing else in the allocation above 5%|
  22:56:14 ps-t32-m-f32c32 done: in-cpuset  n=32 busy min 18% mean 20% max 26%|rest of allocation n=32 busy mean 0.2% max 3.2%|exclusivity ok: nothing else in the allocation above 5%|
  22:56:22 ps-t32-n-f32c32 done: in-cpuset  n=32 busy min 20% mean 23% max 29%|rest of allocation n=32 busy mean 0.0% max 0.3%|exclusivity ok: nothing else in the allocation above 5%|
  22:56:30 ps-t32-rule-f32c32 done: in-cpuset  n=32 busy min 18% mean 21% max 25%|rest of allocation n=32 busy mean 0.1% max 0.8%|exclusivity ok: nothing else in the allocation above 5%|
  23:02:56 th-t1b-f32c32 done: in-cpuset  n=1 busy min 100% mean 100% max 100%|rest of allocation n=63 busy mean 0.1% max 1.2%|exclusivity ok: nothing else in the allocation above 5%|
done f32c32

this node's noise floor (t1 vs its bracketing repeat):
== f64c64 t1 vs t1b
dtype  engine  or   n  geomean     min     max
  c64      1m  AB  37    1.008   0.992   1.168
  c64      1m  BA  12    1.010   0.999   1.023
  c64      3m  AB  37    1.000   0.993   1.024
  c64      3m  BA  12    1.000   0.996   1.002
  c64  planar  AB  37    1.006   0.986   1.151
  c64  planar  BA  12    1.008   0.999   1.015
  f64      1m  AB  37    1.004   0.989   1.037
  f64      1m  BA  12    1.005   1.001   1.017
  f64      3m  AB  37    1.004   0.989   1.037
  f64      3m  BA  12    1.005   1.001   1.017
  f64  planar  AB  37    1.004   0.989   1.037
  f64  planar  BA  12    1.005   1.001   1.017

--- outside the +/-6% per-case noise floor (2 of 294) ---
  1.151          ij-ikl-ljk  c64  planar  AB     54.2 ->    62.4
  1.168          ij-ikl-ljk  c64      1m  AB     45.5 ->    53.1
  1.151          ij-ikl-ljk  c64  planar  AB     54.2 ->    62.4
  1.168          ij-ikl-ljk  c64      1m  AB     45.5 ->    53.1

== f32c32 t1 vs t1b
dtype  engine  or   n  geomean     min     max
  c32      1m  AB  37    1.004   0.932   1.057
  c32      1m  BA  12    1.013   0.997   1.055
  c32      3m  AB  37    1.002   0.957   1.036
  c32      3m  BA  12    1.007   1.001   1.013
  c32  planar  AB  37    1.002   0.966   1.038
  c32  planar  BA  12    1.006   0.993   1.024
  f32      1m  AB  37    1.003   0.967   1.026
  f32      1m  BA  12    1.011   0.999   1.031
  f32      3m  AB  37    1.003   0.967   1.026
  f32      3m  BA  12    1.011   0.999   1.031
  f32  planar  AB  37    1.003   0.967   1.026
  f32  planar  BA  12    1.011   0.999   1.031

--- outside the +/-6% per-case noise floor (1 of 294) ---
  0.932      ajbdc-ckbad-jk  c32      1m  AB     24.8 ->    23.1
  0.932      ajbdc-ckbad-jk  c32      1m  AB     24.8 ->    23.1

--- overall, all cases (what a user sees) ---
  c32      1m  1.006

scaling, each arm against the 1-thread arm:
== f64c64 t2
dtype  engine  or   n  geomean     min     max
  c64      1m  AB  37    1.967   1.701   2.226
  c64      1m  BA  12    1.991   1.947   2.037
  c64      3m  AB  37    1.950   1.665   2.016
  c64      3m  BA  12    1.987   1.958   2.008
  c64  planar  AB  37    1.964   1.661   2.171
  c64  planar  BA  12    1.976   1.941   2.010
  f64      1m  AB  37    1.892   1.278   2.067
  f64      1m  BA  12    1.933   1.866   2.026
  f64      3m  AB  37    1.892   1.278   2.067
  f64      3m  BA  12    1.933   1.866   2.026
  f64  planar  AB  37    1.892   1.278   2.067
  f64  planar  BA  12    1.933   1.866   2.026

--- outside the +/-6% per-case noise floor (294 of 294) ---
  1.278        aqrs-pa-pqrs  f64      1m  AB     38.5 ->    49.2
  1.278        aqrs-pa-pqrs  f64      3m  AB     38.5 ->    49.2
  1.278        aqrs-pa-pqrs  f64  planar  AB     38.5 ->    49.2
  1.661        aqrs-pa-pqrs  c64  planar  AB     57.2 ->    95.1
  1.665        aqrs-pa-pqrs  c64      3m  AB     44.4 ->    74.0
== f64c64 t4
dtype  engine  or   n  geomean     min     max
  c64      1m  AB  37    3.592   1.316   4.032
  c64      1m  BA  12    3.774   3.601   3.987
  c64      3m  AB  37    3.695   2.630   4.009
  c64      3m  BA  12    3.868   3.744   4.004
  c64  planar  AB  37    3.582   1.241   3.998
  c64  planar  BA  12    3.784   3.629   3.977
  f64      1m  AB  37    3.572   2.822   4.056
  f64      1m  BA  12    3.561   3.343   3.995
  f64      3m  AB  37    3.572   2.822   4.056
  f64      3m  BA  12    3.561   3.343   3.995
  f64  planar  AB  37    3.572   2.822   4.056
  f64  planar  BA  12    3.561   3.343   3.995

--- outside the +/-6% per-case noise floor (294 of 294) ---
  1.241        aqrs-pa-pqrs  c64  planar  AB     57.2 ->    71.0
  1.316        aqrs-pa-pqrs  c64      1m  AB     58.3 ->    76.7
  2.087          ij-kil-lkj  c64  planar  AB     64.6 ->   134.8
  2.318          ij-kil-lkj  c64      1m  AB     54.2 ->   125.6
  2.630          ij-ikl-ljk  c64      3m  AB     43.4 ->   114.3
== f64c64 t8
dtype  engine  or   n  geomean     min     max
  c64      1m  AB  37    6.712   2.660   7.948
  c64      1m  BA  12    7.104   6.634   7.803
  c64      3m  AB  37    6.799   3.087   7.936
  c64      3m  BA  12    7.478   7.233   7.926
  c64  planar  AB  37    6.693   2.324   7.828
  c64  planar  BA  12    7.063   6.648   7.783
  f64      1m  AB  37    6.252   4.328   7.758
  f64      1m  BA  12    5.918   5.418   7.728
  f64      3m  AB  37    6.252   4.328   7.758
  f64      3m  BA  12    5.918   5.418   7.728
  f64  planar  AB  37    6.252   4.328   7.758
  f64  planar  BA  12    5.918   5.418   7.728

--- outside the +/-6% per-case noise floor (294 of 294) ---
  2.324          ij-kil-lkj  c64  planar  AB     64.6 ->   150.1
  2.660          ij-kil-lkj  c64      1m  AB     54.2 ->   144.1
  3.000          ij-ikl-ljk  c64  planar  AB     54.2 ->   162.5
  3.087          ij-ikl-ljk  c64      3m  AB     43.4 ->   134.1
  3.155          ij-ikl-ljk  c64      1m  AB     45.5 ->   143.6
== f64c64 t16
dtype  engine  or   n  geomean     min     max
  c64      1m  AB  37   11.033   3.017  15.166
  c64      1m  BA  12   11.340   9.786  14.790
  c64      3m  AB  37   12.071   3.590  15.443
  c64      3m  BA  12   12.842  11.827  15.393
  c64  planar  AB  37   11.556   4.339  14.620
  c64  planar  BA  12   10.732   9.739  14.217
  f64      1m  AB  37   10.190   6.951  13.950
  f64      1m  BA  12    8.228   7.087  13.013
  f64      3m  AB  37   10.190   6.951  13.950
  f64      3m  BA  12    8.228   7.087  13.013
  f64  planar  AB  37   10.190   6.951  13.950
  f64  planar  BA  12    8.228   7.087  13.013

--- outside the +/-6% per-case noise floor (294 of 294) ---
  3.017          ij-kil-lkj  c64      1m  AB     54.2 ->   163.4
  3.242          ij-ikl-ljk  c64      1m  AB     45.5 ->   147.5
  3.590          ij-kil-lkj  c64      3m  AB     46.0 ->   165.0
  4.339          ij-kil-lkj  c64  planar  AB     64.6 ->   280.3
  5.003          ijk-il-jlk  c64      1m  AB     68.3 ->   341.5
== f64c64 t32
dtype  engine  or   n  geomean     min     max
  c64      1m  AB  37   14.355   7.567  19.206
  c64      1m  BA  12   12.158   9.380  18.811
  c64      3m  AB  37   15.619   3.888  22.707
  c64      3m  BA  12   14.466  12.236  19.267
  c64  planar  AB  37   14.275   9.993  18.798
  c64  planar  BA  12   11.758   9.667  19.543
  f64      1m  AB  37   11.345   7.704  17.317
  f64      1m  BA  12    8.567   7.086  14.876
  f64      3m  AB  37   11.345   7.704  17.317
  f64      3m  BA  12    8.567   7.086  14.876
  f64  planar  AB  37   11.345   7.704  17.317
  f64  planar  BA  12    8.567   7.086  14.876

--- outside the +/-6% per-case noise floor (294 of 294) ---
  3.888          ij-ikl-ljk  c64      3m  AB     43.4 ->   168.9
  7.086    abcijk-ekbc-ijea  f64      1m  BA     44.9 ->   318.5
  7.086    abcijk-ekbc-ijea  f64      3m  BA     44.9 ->   318.5
  7.086    abcijk-ekbc-ijea  f64  planar  BA     44.9 ->   318.5
  7.280    abcijk-ejbc-ikea  f64      1m  BA     45.1 ->   328.3
== f32c32 t2
dtype  engine  or   n  geomean     min     max
  c32      1m  AB  37    1.866   1.118   2.044
  c32      1m  BA  12    1.989   1.960   2.055
  c32      3m  AB  37    1.927   1.208   2.040
  c32      3m  BA  12    1.985   1.923   2.017
  c32  planar  AB  37    1.891   1.100   2.033
  c32  planar  BA  12    1.959   1.852   2.001
  f32      1m  AB  37    1.937   1.455   2.217
  f32      1m  BA  12    1.977   1.937   2.015
  f32      3m  AB  37    1.937   1.455   2.217
  f32      3m  BA  12    1.977   1.937   2.015
  f32  planar  AB  37    1.937   1.455   2.217
  f32  planar  BA  12    1.977   1.937   2.015

--- outside the +/-6% per-case noise floor (294 of 294) ---
  1.100        aqrs-pa-pqrs  c32  planar  AB     97.9 ->   107.7
  1.118        aqrs-pa-pqrs  c32      1m  AB     94.8 ->   106.0
  1.208        aqrs-pa-pqrs  c32      3m  AB     79.4 ->    95.9
  1.455          ij-kil-lkj  f32      1m  AB     76.4 ->   111.2
  1.455          ij-kil-lkj  f32      3m  AB     76.4 ->   111.2
== f32c32 t4
dtype  engine  or   n  geomean     min     max
  c32      1m  AB  37    3.540   1.995   4.006
  c32      1m  BA  12    3.794   3.481   3.949
  c32      3m  AB  37    3.607   2.361   4.068
  c32      3m  BA  12    3.892   3.747   3.975
  c32  planar  AB  37    3.615   2.047   4.096
  c32  planar  BA  12    3.832   3.573   3.951
  f32      1m  AB  37    3.584   2.245   4.521
  f32      1m  BA  12    3.788   3.584   3.915
  f32      3m  AB  37    3.584   2.245   4.521
  f32      3m  BA  12    3.788   3.584   3.915
  f32  planar  AB  37    3.584   2.245   4.521
  f32  planar  BA  12    3.788   3.584   3.915

--- outside the +/-6% per-case noise floor (294 of 294) ---
  1.995          ij-kil-lkj  c32      1m  AB    112.6 ->   224.6
  2.047          ij-kil-lkj  c32  planar  AB    117.8 ->   241.1
  2.193          ij-ikl-ljk  c32      1m  AB    117.3 ->   257.2
  2.245          ijk-il-jlk  f32      1m  AB    122.4 ->   274.9
  2.245          ijk-il-jlk  f32      3m  AB    122.4 ->   274.9
== f32c32 t8
dtype  engine  or   n  geomean     min     max
  c32      1m  AB  37    6.703   4.327   7.794
  c32      1m  BA  12    7.049   6.684   7.706
  c32      3m  AB  37    6.640   2.780   7.880
  c32      3m  BA  12    7.431   6.964   7.814
  c32  planar  AB  37    6.868   4.881   7.792
  c32  planar  BA  12    7.217   6.580   7.686
  f32      1m  AB  37    6.698   4.958   7.621
  f32      1m  BA  12    6.951   6.187   7.416
  f32      3m  AB  37    6.698   4.958   7.621
  f32      3m  BA  12    6.951   6.187   7.416
  f32  planar  AB  37    6.698   4.958   7.621
  f32  planar  BA  12    6.951   6.187   7.416

--- outside the +/-6% per-case noise floor (294 of 294) ---
  2.780          ij-kil-lkj  c32      3m  AB     85.2 ->   236.9
  3.075          ij-ikl-ljk  c32      3m  AB     85.5 ->   262.9
  3.884          ijk-il-jlk  c32      3m  AB    109.4 ->   425.0
  4.327        ajbc-ckba-jk  c32      1m  AB     63.5 ->   274.7
  4.361        abjc-cbka-kj  c32      1m  AB     44.1 ->   192.2
== f32c32 t16
dtype  engine  or   n  geomean     min     max
  c32      1m  AB  37   11.049   7.723  14.515
  c32      1m  BA  12   10.918   9.736  13.732
  c32      3m  AB  37   12.191   8.581  15.145
  c32      3m  BA  12   12.589  10.750  14.822
  c32  planar  AB  37   11.515   8.577  14.266
  c32  planar  BA  12   11.473   8.824  14.400
  f32      1m  AB  37   10.828   7.955  13.788
  f32      1m  BA  12   10.529   7.999  12.758
  f32      3m  AB  37   10.828   7.955  13.788
  f32      3m  BA  12   10.529   7.999  12.758
  f32  planar  AB  37   10.828   7.955  13.788
  f32  planar  BA  12   10.529   7.999  12.758

--- outside the +/-6% per-case noise floor (294 of 294) ---
  7.723        ajbc-ckba-jk  c32      1m  AB     63.5 ->   490.3
  7.761        abjc-cbka-kj  c32      1m  AB     44.1 ->   342.0
  7.955    abcijk-eiab-jkec  f32      1m  AB     73.7 ->   586.5
  7.955    abcijk-eiab-jkec  f32      3m  AB     73.7 ->   586.5
  7.955    abcijk-eiab-jkec  f32  planar  AB     73.7 ->   586.5
== f32c32 t32
dtype  engine  or   n  geomean     min     max
  c32      1m  AB  37   13.175   9.736  18.160
  c32      1m  BA  12   11.919  10.015  16.552
  c32      3m  AB  37   15.248  10.944  20.996
  c32      3m  BA  12   14.143  11.554  20.966
  c32  planar  AB  37   13.616   9.519  16.919
  c32  planar  BA  12   12.594   9.687  15.805
  f32      1m  AB  37   10.908   6.473  17.495
  f32      1m  BA  12    9.628   6.451  15.061
  f32      3m  AB  37   10.908   6.473  17.495
  f32      3m  BA  12    9.628   6.451  15.061
  f32  planar  AB  37   10.908   6.473  17.495
  f32  planar  BA  12    9.628   6.451  15.061

--- outside the +/-6% per-case noise floor (294 of 294) ---
  6.451        abcs-rc-abrs  f32      1m  BA     82.8 ->   534.0
  6.451        abcs-rc-abrs  f32      3m  BA     82.8 ->   534.0
  6.451        abcs-rc-abrs  f32  planar  BA     82.8 ->   534.0
  6.473          ajb-kba-jk  f32      1m  AB    141.6 ->   916.8
  6.473          ajb-kba-jk  f32      3m  AB    141.6 ->   916.8

partition arms, each against the rule at the same thread count:
== f64c64 t32 partition=pm
dtype  engine  or   n  geomean     min     max
  c64      1m  AB  37    0.981   0.295   1.397
  c64      1m  BA  12    1.032   0.971   1.110
  c64      3m  AB  37    0.917   0.346   1.076
  c64      3m  BA  12    1.044   0.939   1.180
  c64  planar  AB  37    0.924   0.250   1.095
  c64  planar  BA  12    0.985   0.783   1.157
  f64      1m  AB  37    0.915   0.179   1.281
  f64      1m  BA  12    0.986   0.786   1.123
  f64      3m  AB  37    0.915   0.179   1.281
  f64      3m  BA  12    0.986   0.786   1.123
  f64  planar  AB  37    0.915   0.179   1.281
  f64  planar  BA  12    0.986   0.786   1.123

--- outside the +/-6% per-case noise floor (109 of 294) ---
  0.179        aqrs-pa-pqrs  f64      1m  AB    425.6 ->    76.0
  0.179        aqrs-pa-pqrs  f64      3m  AB    425.6 ->    76.0
  0.179        aqrs-pa-pqrs  f64  planar  AB    425.6 ->    76.0
  0.250        aqrs-pa-pqrs  c64  planar  AB    861.4 ->   215.7
  0.295        aqrs-pa-pqrs  c64      1m  AB    757.9 ->   223.3
== f64c64 t32 partition=pn
dtype  engine  or   n  geomean     min     max
  c64      1m  AB  37    0.542   0.069   1.151
  c64      1m  BA  12    0.694   0.199   1.190
  c64      3m  AB  37    0.505   0.076   2.380
  c64      3m  BA  12    0.618   0.170   0.963
  c64  planar  AB  37    0.540   0.086   1.132
  c64  planar  BA  12    0.689   0.157   1.159
  f64      1m  AB  37    0.635   0.161   1.110
  f64      1m  BA  12    0.736   0.152   1.190
  f64      3m  AB  37    0.635   0.161   1.110
  f64      3m  BA  12    0.736   0.152   1.190
  f64  planar  AB  37    0.635   0.161   1.110
  f64  planar  BA  12    0.736   0.152   1.190

--- outside the +/-6% per-case noise floor (207 of 294) ---
  0.069      ajbdc-ckbad-jk  c64      1m  AB    186.9 ->    12.9
  0.076      ajbdc-ckbad-jk  c64      3m  AB    195.9 ->    14.8
  0.085      abjcd-dkbac-jk  c64      3m  AB    177.1 ->    15.0
  0.086      abjcd-dkbac-jk  c64  planar  AB    223.4 ->    19.3
  0.087      abjcd-dkbac-jk  c64      1m  AB    153.6 ->    13.3
== f32c32 t32 partition=pm
dtype  engine  or   n  geomean     min     max
  c32      1m  AB  37    0.907   0.216   1.189
  c32      1m  BA  12    0.961   0.669   1.104
  c32      3m  AB  37    0.904   0.324   1.106
  c32      3m  BA  12    0.988   0.853   1.356
  c32  planar  AB  37    0.906   0.224   1.261
  c32  planar  BA  12    0.937   0.646   1.094
  f32      1m  AB  37    0.884   0.194   1.812
  f32      1m  BA  12    0.969   0.771   1.155
  f32      3m  AB  37    0.884   0.194   1.812
  f32      3m  BA  12    0.969   0.771   1.155
  f32  planar  AB  37    0.884   0.194   1.812
  f32  planar  BA  12    0.969   0.771   1.155

--- outside the +/-6% per-case noise floor (137 of 294) ---
  0.194        aqrs-pa-pqrs  f32      1m  AB    563.2 ->   109.2
  0.194        aqrs-pa-pqrs  f32      3m  AB    563.2 ->   109.2
  0.194        aqrs-pa-pqrs  f32  planar  AB    563.2 ->   109.2
  0.216        aqrs-pa-pqrs  c32      1m  AB   1094.7 ->   236.7
  0.224        aqrs-pa-pqrs  c32  planar  AB   1079.2 ->   241.2
== f32c32 t32 partition=pn
dtype  engine  or   n  geomean     min     max
  c32      1m  AB  37    0.516   0.097   1.124
  c32      1m  BA  12    0.674   0.159   1.129
  c32      3m  AB  37    0.450   0.104   1.000
  c32      3m  BA  12    0.551   0.162   0.922
  c32  planar  AB  37    0.558   0.127   1.143
  c32  planar  BA  12    0.609   0.157   0.975
  f32      1m  AB  37    0.622   0.093   1.398
  f32      1m  BA  12    0.734   0.228   1.147
  f32      3m  AB  37    0.622   0.093   1.398
  f32      3m  BA  12    0.734   0.228   1.147
  f32  planar  AB  37    0.622   0.093   1.398
  f32  planar  BA  12    0.734   0.228   1.147

--- outside the +/-6% per-case noise floor (252 of 294) ---
  0.093          abj-bka-kj  f32      1m  AB   1235.0 ->   115.2
  0.093          abj-bka-kj  f32      3m  AB   1235.0 ->   115.2
  0.093          abj-bka-kj  f32  planar  AB   1235.0 ->   115.2
  0.097      ajbdc-ckbad-jk  c32      1m  AB    266.3 ->    25.8
  0.100      abjcd-dkbac-jk  c32      1m  AB    259.9 ->    26.0
